01-26 14:27:02.095  1534  2612 D JobServiceContext: Cleaning up 826c5fd #u0a140/-300 com.android.providers.media.module/com.android.providers.media.MediaService reschedule=false reason=last work dequeued
01-26 14:27:02.097  1534  2612 D JobScheduler: Completed JobStatus{826c5fd #u0a140/-300 com.android.providers.media.module/com.android.providers.media.MediaService u=0 s=10140 TIME=none:-136ms READY}, reason=10, reschedule=false
01-26 14:27:02.177  1534  6188 D IntervalStats: Unable to parse usage stats packages: [223, 225, 226, 227, 228, 229, 230, 231]
01-26 14:27:02.181  1534  1855 D NotificationService: handleSavePolicyFile
01-26 14:27:02.197  1534  6188 D IntervalStats: Unable to parse usage stats packages: [233, 234, 235]
01-26 14:27:02.204  1534  6188 D IntervalStats: Unable to parse usage stats packages: [235, 236, 237, 238, 239, 240, 241, 242, 243, 244, 245, 246, 248, 249, 250, 251]
01-26 14:27:02.211  1534  6188 D IntervalStats: Unable to parse usage stats packages: [251, 252, 253, 254, 255, 256, 257, 258, 259, 260, 261]
01-26 14:27:02.212  1534  6188 D IntervalStats: Unable to parse event packages: [261]
01-26 14:27:02.216  1534  6188 D IntervalStats: Unable to parse usage stats packages: [261, 262, 265, 266, 268]
01-26 14:27:02.216  1534  6188 D IntervalStats: Unable to parse event packages: [268]
01-26 14:27:02.304  1534  1534 W AccessibilityManagerService:  wait for adding window timeout: 113
01-26 14:27:02.509  1534  1633 D CoreBackPreview: Window{66edbc9 u0 com.android.packageinstaller/com.android.packageinstaller.UninstallerActivity}: Setting back callback null
01-26 14:27:02.521  1534  1633 D CoreBackPreview: Window{df0eb48 u0 com.android.packageinstaller/com.android.packageinstaller.UninstallUninstalling}: Setting back callback null
01-26 14:27:02.525  1534  1534 D JobScheduler.Quota: Processing event 23 for <0>com.android.packageinstaller
01-26 14:27:02.537  1534  2612 D CoreBackPreview: Window{3dbd285 u0 com.android.packageinstaller/com.android.packageinstaller.UninstallUninstalling}: Setting back callback null
01-26 14:27:02.551  1534  1633 D CoreBackPreview: Window{93f4325 u0 com.android.settings/com.android.settings.SubSettings}: Setting back callback null
01-26 14:27:02.553  1534  1534 D JobScheduler.Quota: Processing event 23 for <0>com.android.packageinstaller
01-26 14:27:02.575  1534  1534 D JobScheduler.Quota: Processing event 23 for <0>com.android.settings
01-26 14:27:05.659  1534  3199 E TaskPersister: File error accessing recents directory (directory doesn't exist?).
01-26 14:27:05.869  1534  1853 W Looper  : Drained
01-26 14:27:05.875  2292  2292 D PowerUI : buckets   .....25 .. 20 .. 10
01-26 14:27:05.875  2292  2292 D PowerUI : level          96 --> 96
01-26 14:27:05.875  2292  2292 D PowerUI : status         5 --> 5
01-26 14:27:05.875  2292  2292 D PowerUI : plugType       1 --> 1
01-26 14:27:05.875  2292  2292 D PowerUI : invalidCharger 0 --> 0
01-26 14:27:05.875  2292  2292 D PowerUI : bucket         1 --> 1
01-26 14:27:05.875  2292  2292 D PowerUI : plugged        true --> true
01-26 14:27:06.013  1534  5251 D CoreBackPreview: Window{9ecce64 u0 com.realwear.wearhf}: Setting back callback null
01-26 14:27:06.307  1534  2113 D BatteryService: POWER_SUPPLY_PRESENT = 1
01-26 14:27:06.307  1534  2113 D BatteryService: Missing Battery = false
01-26 14:27:10.915  1534  2113 D BatteryService: POWER_SUPPLY_PRESENT = 1
01-26 14:27:10.915  1534  2113 D BatteryService: Missing Battery = false
01-26 14:27:12.246   591  6178 I keystore2: keystore2::watchdog: Watchdog thread idle -> terminating. Have a great day.
01-26 14:27:14.378  1534  2191 D NetworkPolicy: no need to update restrict data rules for uid 10138
01-26 14:27:14.378  1534  2191 D NetworkPolicy: no need to update restrict power rules for uid 10138
01-26 14:27:14.378  1534  1534 D JobScheduler: UID 10138 bias changed from 35 to 0
01-26 14:27:14.378  1534  1534 D JobScheduler: pending queue: 0 jobs.
01-26 14:27:14.378  1534  1534 D JobScheduler.Concurrency: Pending queue: 
01-26 14:27:14.378  1534  1534 E JobScheduler.Quota: maybeScheduleStartAlarmLocked called for <0>com.android.permissioncontroller even though it already has 600000ms in its quota.
01-26 14:27:14.378  1534  1534 D JobScheduler.Quota: Checking pkg <0>com.android.permissioncontroller
01-26 14:27:15.081  2292  2292 D PowerUI : buckets   .....25 .. 20 .. 10
01-26 14:27:15.081  2292  2292 D PowerUI : level          96 --> 96
01-26 14:27:15.081  2292  2292 D PowerUI : status         5 --> 5
01-26 14:27:15.081  2292  2292 D PowerUI : plugType       1 --> 1
01-26 14:27:15.081  2292  2292 D PowerUI : invalidCharger 0 --> 0
01-26 14:27:15.081  2292  2292 D PowerUI : bucket         1 --> 1
01-26 14:27:15.081  2292  2292 D PowerUI : plugged        true --> true
01-26 14:27:15.523  1534  2113 D BatteryService: POWER_SUPPLY_PRESENT = 1
01-26 14:27:15.523  1534  2113 D BatteryService: Missing Battery = false
01-26 14:27:17.432  1534  1534 D JobScheduler: pending queue: 0 jobs.
01-26 14:27:17.432  1534  1534 D JobScheduler.Concurrency: Pending queue: 
01-26 14:27:17.434  1534  1534 D JobScheduler: pending queue: 0 jobs.
01-26 14:27:17.434  1534  1534 D JobScheduler.Concurrency: Pending queue: 
01-26 14:27:20.131  1534  2113 D BatteryService: POWER_SUPPLY_PRESENT = 1
01-26 14:27:20.131  1534  2113 D BatteryService: Missing Battery = false
01-26 14:27:24.739  1534  2113 D BatteryService: POWER_SUPPLY_PRESENT = 1
01-26 14:27:24.739  1534  2113 D BatteryService: Missing Battery = false
01-26 14:27:27.436  1534  1534 D JobScheduler.Quota: 10242 is now out of grace period
01-26 14:27:27.745  1534  1633 D CoreBackPreview: Window{93e9c11 u0 com.realwear.wearhf}: Setting back callback OnBackInvokedCallbackInfo{mCallback=android.window.IOnBackInvokedCallback$Stub$Proxy@d2e5377, mPriority=0}
01-26 14:27:29.347  1534  2113 D BatteryService: POWER_SUPPLY_PRESENT = 1
01-26 14:27:29.347  1534  2113 D BatteryService: Missing Battery = false
01-26 14:27:31.391  1534  2123 D JobScheduler.Background: Job status updated: 0/0 checked/total jobs, 2 us
01-26 14:27:31.391  1534  1534 D JobScheduler.DeviceIdle: uid 10055 going inactive
01-26 14:27:31.391  1534  1534 D JobScheduler: pending queue: 0 jobs.
01-26 14:27:31.391  1534  1534 D JobScheduler.Concurrency: Pending queue: 
01-26 14:27:31.391  1534  1534 D JobScheduler: pending queue: 0 jobs.
01-26 14:27:31.391  1534  1534 D JobScheduler.Concurrency: Pending queue: 
01-26 14:27:31.393  1534  1534 D JobScheduler.Quota: 10055 is now out of grace period
01-26 14:27:31.861  1534  2123 D JobScheduler.Background: Job status updated: 34/34 checked/total jobs, 49 us
01-26 14:27:31.861  1534  2123 D NetworkPolicy: no need to update restrict power rules for uid 1000
01-26 14:27:31.861  1534  1534 D JobScheduler.DeviceIdle: Got temp whitelist []
01-26 14:27:33.515  2292  2292 D PowerUI : buckets   .....25 .. 20 .. 10
01-26 14:27:33.515  2292  2292 D PowerUI : level          96 --> 96
01-26 14:27:33.515  2292  2292 D PowerUI : status         5 --> 5
01-26 14:27:33.515  2292  2292 D PowerUI : plugType       1 --> 1
01-26 14:27:33.515  2292  2292 D PowerUI : invalidCharger 0 --> 0
01-26 14:27:33.515  2292  2292 D PowerUI : bucket         1 --> 1
01-26 14:27:33.515  2292  2292 D PowerUI : plugged        true --> true
01-26 14:27:33.987  1534  2113 D BatteryService: POWER_SUPPLY_PRESENT = 1
01-26 14:27:33.987  1534  2113 D BatteryService: Missing Battery = false
01-26 14:27:38.184  1534  1948 E KernelCpuSpeedReader: Failed to read cpu-freq: /sys/devices/system/cpu/cpu4/cpufreq/stats/time_in_state: open failed: ENOENT (No such file or directory)
01-26 14:27:38.184  1534  1948 E KernelCpuSpeedReader: Failed to read cpu-freq: /sys/devices/system/cpu/cpu0/cpufreq/stats/time_in_state: open failed: ENOENT (No such file or directory)
01-26 14:27:38.596  1534  2113 D BatteryService: POWER_SUPPLY_PRESENT = 1
01-26 14:27:38.596  1534  2113 D BatteryService: Missing Battery = false
01-26 14:27:42.722  1205  2082 D storaged: getDiskStats is not supported on health HAL.
01-26 14:27:43.203  1534  2113 D BatteryService: POWER_SUPPLY_PRESENT = 1
01-26 14:27:43.203  1534  2113 D BatteryService: Missing Battery = false
01-26 14:27:47.811  1534  2113 D BatteryService: POWER_SUPPLY_PRESENT = 1
01-26 14:27:47.811  1534  2113 D BatteryService: Missing Battery = false
01-26 14:27:50.324  1534  1534 D JobScheduler.Quota: 10242 is now out of grace period
01-26 14:27:52.109  1338  1338 E TLOC    : [TLOCChannel]"Can't receive message due to timeout"
01-26 14:27:52.111  1338  1338 I TLOC    : [ModemComm  ]"Request succeeded for gps engine lock"
01-26 14:27:52.111  1338  1338 D TLOC    : [TLOCChannel] "Going to receive message for TLOCD"
01-26 14:27:52.111  1338  1338 D TLOC    : [TLOCChannel] "wait for message for user TLOCD"
01-26 14:27:52.419  1534  2113 D BatteryService: POWER_SUPPLY_PRESENT = 1
01-26 14:27:52.419  1534  2113 D BatteryService: Missing Battery = false
01-26 14:27:53.109  1338  1338 E TLOC    : [TLOCChannel]"Can't receive message due to timeout"
01-26 14:27:53.109  1338  1338 E TLOC    : [TLOCDaemon ]"Couldn't receive command response"
01-26 14:27:53.109  1338  1338 I TLOC    : [TLOCDaemon ]"timeout passed - start periodic warm-up"
01-26 14:27:53.111  1338  1338 E TLOC    : [ModemComm  ]"Could not start a session. Error status: 11"
01-26 14:27:53.111  1338  1338 D TLOC    : [TLOCDaemon ]"The command finished with errors"
01-26 14:27:53.111  1338  1338 E TLOC    : [main       ]"An error occurred. Re-initializing daemon"
01-26 14:27:53.111  1338  1619 I TLOC    : [Modem      ]"Received event indication of position report with status ENGINE_LOCKED"
01-26 14:27:53.111  1338  1338 I TLOC    : [ModemComm  ]"Closed the connection successfully"
01-26 14:27:53.111  1338  1338 I TLOC    : [ModemComm  ]"ModemComm destroyed successfully"
01-26 14:27:53.111  1338  1338 I TLOC    : [TLOCDaemon ]"TLOCD destroyed successfully"
01-26 14:27:53.111  1338  1338 D TLOC    : [TLOCDaemon ]"---------- TLOC Daemon Starts ----------"
01-26 14:27:53.111  1338  1338 D TLOC    : [TLOCChannel] "TLOCChannel is already initialized"
01-26 14:27:53.111  1338  1338 D TLOC    : [TLOCChannel] "TLOCChannel is already initialized"
01-26 14:27:53.115  1338  1338 I TLOC    : [ModemComm  ]"Open a connection successfully"
01-26 14:27:53.115  1338  1338 I TLOC    : [ModemComm  ]"Sent register events request to the modem successfully"
01-26 14:27:53.115  1338  1338 I TLOC    : [ModemComm  ]"ModemComm create successfully"
01-26 14:27:53.115  1338  1338 I TLOC    : [ModemComm  ]"Request succeeded for gps engine lock"
01-26 14:27:53.115  1338  1338 D TLOC    : [TLOCChannel] "Going to receive message for TLOCD"
01-26 14:27:53.115  1338  1338 D TLOC    : [TLOCChannel] "wait for message for user TLOCD"
01-26 14:27:54.115  1338  1338 E TLOC    : [TLOCChannel]"Can't receive message due to timeout"
01-26 14:27:54.115  1338  1338 E TLOC    : [TLOCDaemon ]"Couldn't receive command response"
01-26 14:27:54.115  1338  1338 I TLOC    : [TLOCDaemon ]"TLOC Daemon create successfully"
01-26 14:27:54.120  1338  1338 D TLOC    : [TLOCChannel]"Closed the channel for TLOCD"
01-26 14:27:54.120  1338  1338 D TLOC    : [TLOCChannel]"Closed the channel for TLOCL"
01-26 14:27:54.121  1338  1338 D TLOC    : [TLOCChannel]"Closed the channel for MODEM"
01-26 14:27:54.121  1338  1338 D TLOC    : [TLOCChannel]"The channel was initialized successfully for TLOCD"
01-26 14:27:54.121  1338  1338 D TLOC    : [TLOCChannel]"The channel was initialized successfully for TLOCL"
01-26 14:27:54.121  1338  1338 D TLOC    : [TLOCChannel]"The channel was initialized successfully for MODEM"
01-26 14:27:54.121  1338  1338 D TLOC    : [TLOCChannel]"TLOCChannel was initialized successfully"
01-26 14:27:54.121  1338  1338 D TLOC    : [TLOCChannel]"TlocChannel reinitialized successfully"
01-26 14:27:54.121  1338  1338 D TLOC    : [TLOCDaemon ]"waiting for command"
01-26 14:27:54.121  1338  1338 D TLOC    : [TLOCChannel] "Going to receive message for TLOCD"
01-26 14:27:54.121  1338  1338 D TLOC    : [TLOCChannel] "wait for message for user TLOCD"
01-26 14:27:56.317  1534  1534 D JobScheduler.Quota: 10032 is now out of grace period
01-26 14:27:56.329  1534  2123 D JobScheduler.Background: Job status updated: 0/0 checked/total jobs, 2 us
01-26 14:27:56.329  1534  1534 D JobScheduler.DeviceIdle: uid 10032 going inactive
01-26 14:27:56.329  1534  1534 D JobScheduler: pending queue: 0 jobs.
01-26 14:27:56.329  1534  1534 D JobScheduler.Concurrency: Pending queue: 
01-26 14:27:56.329  1534  1534 D JobScheduler: pending queue: 0 jobs.
01-26 14:27:56.329  1534  1534 D JobScheduler.Concurrency: Pending queue: 
01-26 14:27:57.027  1534  2113 D BatteryService: POWER_SUPPLY_PRESENT = 1
01-26 14:27:57.027  1534  2113 D BatteryService: Missing Battery = false
01-26 14:28:01.635  1534  2113 D BatteryService: POWER_SUPPLY_PRESENT = 1
01-26 14:28:01.636  1534  2113 D BatteryService: Missing Battery = false
01-26 14:28:01.846  1534  2123 D JobScheduler.Background: Job status updated: 0/0 checked/total jobs, 2 us
01-26 14:28:01.846  1534  1534 D JobScheduler.DeviceIdle: uid 10047 going inactive
01-26 14:28:01.846  1534  1534 D JobScheduler: pending queue: 0 jobs.
01-26 14:28:01.846  1534  1534 D JobScheduler.Concurrency: Pending queue: 
01-26 14:28:01.846  1534  1534 D JobScheduler: pending queue: 0 jobs.
01-26 14:28:01.846  1534  1534 D JobScheduler.Concurrency: Pending queue: 
01-26 14:28:01.921  1534  1534 D JobScheduler.Quota: 10047 is now out of grace period
01-26 14:28:06.243  1534  2113 D BatteryService: POWER_SUPPLY_PRESENT = 1
01-26 14:28:06.243  1534  2113 D BatteryService: Missing Battery = false
01-26 14:28:10.851  1534  2113 D BatteryService: POWER_SUPPLY_PRESENT = 1
01-26 14:28:10.852  1534  2113 D BatteryService: Missing Battery = false
01-26 14:28:15.459  1534  2113 D BatteryService: POWER_SUPPLY_PRESENT = 1
01-26 14:28:15.459  1534  2113 D BatteryService: Missing Battery = false
01-26 14:28:17.445  1534  1534 D JobScheduler.DeviceIdle: uid 10138 going inactive
01-26 14:28:17.445  1534  1534 D JobScheduler: pending queue: 0 jobs.
01-26 14:28:17.445  1534  1534 D JobScheduler.Concurrency: Pending queue: 
01-26 14:28:17.445  1534  1534 D JobScheduler: pending queue: 0 jobs.
01-26 14:28:17.445  1534  1534 D JobScheduler.Concurrency: Pending queue: 
01-26 14:28:17.445  1534  2123 D JobScheduler.Background: Job status updated: 2/2 checked/total jobs, 37 us
01-26 14:28:17.446  1534  1534 D JobScheduler: MSG_CHECK_CHANGED_JOB_LIST
01-26 14:28:17.446  1534  1534 D JobScheduler: Check changed jobs...
01-26 14:28:17.446  1534  1534 D JobScheduler: maybeQueueReadyJobsForExecutionLocked: Not running anything.
01-26 14:28:17.446  1534  1534 D JobScheduler: pending queue: 0 jobs.
01-26 14:28:17.446  1534  1534 D JobScheduler.Concurrency: Pending queue: 
01-26 14:28:20.067  1534  2113 D BatteryService: POWER_SUPPLY_PRESENT = 1
01-26 14:28:20.067  1534  2113 D BatteryService: Missing Battery = false
01-26 14:28:24.676  1534  2113 D BatteryService: POWER_SUPPLY_PRESENT = 1
01-26 14:28:24.676  1534  2113 D BatteryService: Missing Battery = false
01-26 14:28:29.283  1534  2113 D BatteryService: POWER_SUPPLY_PRESENT = 1
01-26 14:28:29.284  1534  2113 D BatteryService: Missing Battery = false
01-26 14:28:31.320  1534  2797 D PackageInstaller: Created session id=1163620875 staged=false
01-26 14:28:31.794  1534  1987 E PackageManager: ERROR: could not load root hash from incremental install
01-26 14:28:31.794  1534  1987 E PackageManager: Required verifier is null
01-26 14:28:31.795  1534  1534 D JobScheduler.Quota: Processing event 6 for <0>com.realwear.deviceagent
01-26 14:28:31.803  1534  1899 I ProcessStatsService: Pruning old procstats: /data/system/procstats/state-v2-2026-01-21-10-10-43.bin
01-26 14:28:31.805  1534  2179 W RuleEvaluation: Integrity rule files are not available.
01-26 14:28:31.806  1534  1987 I PackageManager: Integrity check passed for file:///data/app/vmdl1163620875.tmp
01-26 14:28:31.825  1534  1987 I PackageManager: Permission ownership changed. Updating all permissions.
01-26 14:28:32.159  1534  1534 D JobScheduler.Quota: Processing event 2 for <0>com.android.settings
01-26 14:28:32.159  1534  1534 D JobScheduler.Quota: Crediting <0>com.android.settings 30000ms for 3 time chunks
01-26 14:28:32.159  1534  1534 D JobScheduler.Quota: debits overflowed by -30000
01-26 14:28:32.170  1534  1534 D JobScheduler.Quota: Processing event 1 for <0>com.android.settings
01-26 14:28:32.170  1534  1534 D JobScheduler.Quota: Processing event 31 for <0>com.android.settings
01-26 14:28:32.211  1534  1534 D JobScheduler.Quota: Processing event 31 for <0>com.android.permissioncontroller
01-26 14:28:32.213  1534  2123 D JobScheduler.Background: Job status updated: 2/2 checked/total jobs, 15 us
01-26 14:28:32.215  1534  2191 D NetworkPolicy: no need to update restrict data rules for uid 10138
01-26 14:28:32.216  1534  2191 D NetworkPolicy: no need to update restrict power rules for uid 10138
01-26 14:28:32.216  1534  1534 D JobScheduler.Quota: Processing event 6 for <0>com.android.permissioncontroller
01-26 14:28:32.216  1534  1534 D JobScheduler.DeviceIdle: uid 10138 going active
01-26 14:28:32.216  1534  1534 D JobScheduler: pending queue: 0 jobs.
01-26 14:28:32.216  1534  1534 D JobScheduler.Concurrency: Pending queue: 
01-26 14:28:32.216  1534  1534 D JobScheduler: UID 10138 bias changed from 0 to 35
01-26 14:28:32.216  1534  1534 D JobScheduler: pending queue: 0 jobs.
01-26 14:28:32.216  1534  1534 D JobScheduler.Concurrency: Pending queue: 
01-26 14:28:32.217  1534  1534 E JobScheduler.Quota: maybeScheduleStartAlarmLocked called for <0>com.android.permissioncontroller even though it already has 600000ms in its quota.
01-26 14:28:32.217  1534  1534 D JobScheduler: MSG_CHECK_CHANGED_JOB_LIST
01-26 14:28:32.217  1534  1534 D JobScheduler: Check changed jobs...
01-26 14:28:32.217  1534  1534 D JobScheduler: maybeQueueReadyJobsForExecutionLocked: Not running anything.
01-26 14:28:32.217  1534  1534 D JobScheduler: pending queue: 0 jobs.
01-26 14:28:32.217  1534  1534 D JobScheduler.Concurrency: Pending queue: 
01-26 14:28:32.217  1534  1534 D JobScheduler.Quota: Checking pkg <0>com.android.permissioncontroller
01-26 14:28:32.427  1534  2077 D CoreBackPreview: Window{32b0cbd u0 com.realwear.wearhf}: Setting back callback OnBackInvokedCallbackInfo{mCallback=android.window.IOnBackInvokedCallback$Stub$Proxy@fc80203, mPriority=0}
01-26 14:28:32.562  1534  1633 D CoreBackPreview: Window{700b4fb u0 com.android.settings/com.android.settings.SubSettings}: Setting back callback null
01-26 14:28:32.578  1534  1534 D JobScheduler.Quota: Processing event 23 for <0>com.android.settings
01-26 14:28:32.878  1534  1633 I ActivityTaskManager: moveTaskToBack: Task{198e17c #619 type=standard A=1000:com.android.settings.root}
01-26 14:28:32.887  1534  1534 D JobScheduler.Quota: Processing event 6 for <0>com.realwear.launcher
01-26 14:28:32.890  1534  2123 D JobScheduler.Background: Job status updated: 0/0 checked/total jobs, 1 us
01-26 14:28:32.890  1534  1534 D JobScheduler.DeviceIdle: uid 10032 going active
01-26 14:28:32.890  1534  1534 D JobScheduler: pending queue: 0 jobs.
01-26 14:28:32.890  1534  1534 D JobScheduler.Concurrency: Pending queue: 
01-26 14:28:32.890  1534  1534 D JobScheduler: UID 10032 bias changed from 0 to 40
01-26 14:28:32.890  1534  1534 D JobScheduler.Battery: maybeReportNewChargingStateLocked: true/true/true
01-26 14:28:32.890  1534  1534 D JobScheduler: pending queue: 0 jobs.
01-26 14:28:32.891  1534  1534 D JobScheduler.Concurrency: Pending queue: 
01-26 14:28:32.891  1534  1534 D JobScheduler: MSG_CHECK_JOB_GREEDY
01-26 14:28:32.891  1534  1534 D JobScheduler: queuing all ready jobs for execution:
01-26 14:28:32.891  1534  1534 I JobScheduler.Connectivity: evaluateStateLocked finds job JobStatus{e3fc1c0 #u0a115/124 com.android.remoteprovisioner/androidx.work.impl.background.systemjob.SystemJobService u=0 s=10115 TIME=+23h29m35s547ms:none NET satisfied:0x1b400000 unsatisfied:0x80000000} would not be ready.
01-26 14:28:32.891  1534  1534 I JobScheduler.Connectivity: evaluateStateLocked finds job JobStatus{c2c56fa #u0a100/100 com.realwear.fota/.manager.JobScheduleManager u=0 s=10100 TIME=+2m54s573ms:+23h57m54s573ms NET PERSISTED satisfied:0x1b400000 unsatisfied:0x80000000} would not be ready.
01-26 14:28:32.891  1534  1534 I JobScheduler.Connectivity: evaluateStateLocked finds job JobStatus{8ae2ef9 #u0a27/93 com.android.statementservice/androidx.work.impl.background.systemjob.SystemJobService u=0 s=10027 NET IDLE satisfied:0x1b400000 unsatisfied:0x4} would not be ready.
01-26 14:28:32.891  1534  1534 I JobScheduler.Connectivity: evaluateStateLocked finds job JobStatus{dc4b6cd #1000/52417896 android/com.android.server.backup.KeyValueBackupJob u=0 s=1000 TIME=+3h32m39s33ms:+23h29m30s950ms NET CHARGING satisfied:0x1b400003 unsatisfied:0x80000000} would not be ready.
01-26 14:28:32.891  1534  1534 I JobScheduler.Connectivity: evaluateStateLocked finds job JobStatus{d2d2424 #1000/52418896 android/com.android.server.backup.FullBackupJob u=0 s=1000 NET CHARGING IDLE satisfied:0x1b400003 unsatisfied:0x4} would not be ready.
01-26 14:28:32.892  1534  1534 I JobScheduler.Connectivity: evaluateStateLocked finds job JobStatus{8b3d6fd #1000/2 com.realwear.deviceagent/.metrics.MetricsCollectionJob u=0 s=1000 TIME=+23h29m37s698ms:+1d23h29m37s698ms NET PERIODIC satisfied:0x1b400000 unsatisfied:0x80000000} would not be ready.
01-26 14:28:32.892  1534  1534 D JobScheduler: No jobs pending.
01-26 14:28:32.892  1534  1534 D JobScheduler: pending queue: 0 jobs.
01-26 14:28:32.892  1534  1534 D JobScheduler.Concurrency: Pending queue: 
01-26 14:28:32.892  1534  1534 D JobScheduler.Quota: Processing event 2 for <0>com.android.settings
01-26 14:28:32.892  1534  1534 D JobScheduler.Quota: Crediting <0>com.android.settings 0ms for 0 time chunks
01-26 14:28:32.892  1534  1534 D JobScheduler.Quota: debits overflowed by 0
01-26 14:28:32.894  1534  2191 D NetworkPolicy: metered-allowlist for 10032 changed to true
01-26 14:28:32.895  1534  2191 D NetworkPolicy: metered-allowlist for 20032 changed to true
01-26 14:28:32.895  1534  2191 D NetworkManagement: oldRule = 0, newRule=0 for uid=10032 on chain 2
01-26 14:28:32.895  1534  2191 D NetworkManagement: !!!!! Skipping change
01-26 14:28:32.895  1534  2191 D NetworkManagement: oldRule = 0, newRule=0 for uid=20032 on chain 2
01-26 14:28:32.895  1534  2191 D NetworkManagement: !!!!! Skipping change
01-26 14:28:32.902  1534  1534 D JobScheduler.Quota: Processing event 31 for <0>com.realwear.controlpanel
01-26 14:28:32.904  1534  1534 D JobScheduler: pending queue: 0 jobs.
01-26 14:28:32.904  1534  1534 D JobScheduler.Concurrency: Pending queue: 
01-26 14:28:32.907  1534  1534 D JobScheduler.Quota: Processing event 1 for <0>com.realwear.launcher
01-26 14:28:32.907  1534  1534 D JobScheduler.Quota: Processing event 31 for <0>com.realwear.launcher
01-26 14:28:32.912  1534  1534 D JobScheduler: pending queue: 0 jobs.
01-26 14:28:32.912  1534  1534 D JobScheduler.Concurrency: Pending queue: 
01-26 14:28:33.074  1534  5067 D CoreBackPreview: Window{93e9c11 u0 com.realwear.wearhf}: Setting back callback null
01-26 14:28:33.227  1534  2191 D NetworkPolicy: no need to update restrict data rules for uid 10138
01-26 14:28:33.227  1534  1534 D JobScheduler: UID 10138 bias changed from 35 to 0
01-26 14:28:33.227  1534  1534 D JobScheduler: pending queue: 0 jobs.
01-26 14:28:33.227  1534  1534 D JobScheduler.Concurrency: Pending queue: 
01-26 14:28:33.227  1534  2191 D NetworkPolicy: no need to update restrict power rules for uid 10138
01-26 14:28:33.227  1534  1534 E JobScheduler.Quota: maybeScheduleStartAlarmLocked called for <0>com.android.permissioncontroller even though it already has 600000ms in its quota.
01-26 14:28:33.227  1534  1534 D JobScheduler.Quota: Checking pkg <0>com.android.permissioncontroller
01-26 14:28:33.279  1534  1534 D JobScheduler.Quota: Processing event 23 for <0>com.android.settings
01-26 14:28:33.891  1534  2113 D BatteryService: POWER_SUPPLY_PRESENT = 1
01-26 14:28:33.891  1534  2113 D BatteryService: Missing Battery = false
01-26 14:28:34.839  1534  1534 D JobScheduler.Quota: Processing event 2 for <0>com.realwear.launcher
01-26 14:28:34.839  1534  1534 D JobScheduler.Quota: Crediting <0>com.realwear.launcher 10000ms for 1 time chunks
01-26 14:28:34.839  1534  1534 D JobScheduler.Quota: debits overflowed by -10000
01-26 14:28:34.846  1534  1534 D JobScheduler.Quota: Processing event 1 for <0>com.realwear.launcher
01-26 14:28:34.846  1534  1534 D JobScheduler.Quota: Processing event 31 for <0>com.realwear.launcher
01-26 14:28:34.852  1534  1633 D NetworkPolicy: Blocked state of 10032: {blocked=NONE,allowed=FOREGROUND|TOP|METERED_FOREGROUND,effective=NONE}
01-26 14:28:34.853  1534  1633 D NetworkPolicy: Blocked state of 10032: {blocked=NONE,allowed=FOREGROUND|TOP|METERED_FOREGROUND,effective=NONE}
01-26 14:28:34.876  1534  2509 D NetworkPolicy: Blocked state of 10032: {blocked=NONE,allowed=FOREGROUND|TOP|METERED_FOREGROUND,effective=NONE}
01-26 14:28:34.876  1534  2509 D NetworkPolicy: Blocked state of 10032: {blocked=NONE,allowed=FOREGROUND|TOP|METERED_FOREGROUND,effective=NONE}
01-26 14:28:34.912  1534  1633 D NetworkPolicy: Blocked state of 10032: {blocked=NONE,allowed=FOREGROUND|TOP|METERED_FOREGROUND,effective=NONE}
01-26 14:28:34.913  1534  1633 D NetworkPolicy: Blocked state of 10032: {blocked=NONE,allowed=FOREGROUND|TOP|METERED_FOREGROUND,effective=NONE}
01-26 14:28:34.913  1534  1633 D NetworkPolicy: Blocked state of 10032: {blocked=NONE,allowed=FOREGROUND|TOP|METERED_FOREGROUND,effective=NONE}
01-26 14:28:34.914  1534  1633 D NetworkPolicy: Blocked state of 10032: {blocked=NONE,allowed=FOREGROUND|TOP|METERED_FOREGROUND,effective=NONE}
01-26 14:28:34.916  1534  1633 W ActivityManager: Receiver with filter android.content.IntentFilter@3f9b70 already registered for pid 3333, callerPackage is com.realwear.launcher
01-26 14:28:34.941  1534  2509 D NetworkPolicy: Blocked state of 10032: {blocked=NONE,allowed=FOREGROUND|TOP|METERED_FOREGROUND,effective=NONE}
01-26 14:28:34.942  1534  2509 D NetworkPolicy: Blocked state of 10032: {blocked=NONE,allowed=FOREGROUND|TOP|METERED_FOREGROUND,effective=NONE}
01-26 14:28:34.967  1534  5067 D NetworkPolicy: Blocked state of 10032: {blocked=NONE,allowed=FOREGROUND|TOP|METERED_FOREGROUND,effective=NONE}
01-26 14:28:34.968  1534  3200 D NetworkPolicy: Blocked state of 10032: {blocked=NONE,allowed=FOREGROUND|TOP|METERED_FOREGROUND,effective=NONE}
01-26 14:28:34.984  1534  3203 D NetworkPolicy: Blocked state of 10032: {blocked=NONE,allowed=FOREGROUND|TOP|METERED_FOREGROUND,effective=NONE}
01-26 14:28:34.985  1534  3203 D NetworkPolicy: Blocked state of 10032: {blocked=NONE,allowed=FOREGROUND|TOP|METERED_FOREGROUND,effective=NONE}
01-26 14:28:34.992  1534  1633 D NetworkPolicy: Blocked state of 10032: {blocked=NONE,allowed=FOREGROUND|TOP|METERED_FOREGROUND,effective=NONE}
01-26 14:28:34.993  1534  3203 D NetworkPolicy: Blocked state of 10032: {blocked=NONE,allowed=FOREGROUND|TOP|METERED_FOREGROUND,effective=NONE}
01-26 14:28:35.002  1534  1633 D NetworkPolicy: Blocked state of 10032: {blocked=NONE,allowed=FOREGROUND|TOP|METERED_FOREGROUND,effective=NONE}
01-26 14:28:35.002  1534  3203 D NetworkPolicy: Blocked state of 10032: {blocked=NONE,allowed=FOREGROUND|TOP|METERED_FOREGROUND,effective=NONE}
01-26 14:28:35.024  1534  3203 D CoreBackPreview: Window{2749905 u0 com.realwear.launcher/com.realwear.launcher.ApplicationActivity}: Setting back callback null
01-26 14:28:35.036  1534  1534 D JobScheduler.Quota: Processing event 23 for <0>com.realwear.launcher
01-26 14:28:35.589  1534  3199 E TaskPersister: File error accessing recents directory (directory doesn't exist?).
01-26 14:28:38.531  1534  2113 D BatteryService: POWER_SUPPLY_PRESENT = 1
01-26 14:28:38.531  1534  2113 D BatteryService: Missing Battery = false
01-26 14:28:42.386  1534  1534 D JobScheduler: pending queue: 0 jobs.
01-26 14:28:42.386  1534  1534 D JobScheduler.Concurrency: Pending queue: 
01-26 14:28:43.139  1534  2113 D BatteryService: POWER_SUPPLY_PRESENT = 1
01-26 14:28:43.139  1534  2113 D BatteryService: Missing Battery = false
01-26 14:28:46.854  1534  1633 I ActivityTaskManager: START u0 {flg=0x800000 cmp=com.realwear.launcher/.ApplicationActivity} from uid 10032
01-26 14:28:46.874  1534  3203 I ActivityTaskManager: The Process com.realwear.launcher Already Exists in BG. So sending its PID: 3333
01-26 14:28:46.875  1534  3203 W ActivityTaskManager: Tried to set launchTime (0) < mLastActivityLaunchTime (1076521)
01-26 14:28:46.875  1534  1534 D JobScheduler.Quota: Processing event 2 for <0>com.realwear.launcher
01-26 14:28:46.875  1534  1534 D JobScheduler.Quota: Crediting <0>com.realwear.launcher 10000ms for 1 time chunks
01-26 14:28:46.875  1534  1534 D JobScheduler.Quota: debits overflowed by -10000
01-26 14:28:46.881  1534  1534 D JobScheduler.Quota: Processing event 1 for <0>com.realwear.launcher
01-26 14:28:46.881  1534  1534 D JobScheduler.Quota: Processing event 31 for <0>com.realwear.launcher
01-26 14:28:46.911  1534  2509 D CoreBackPreview: Window{1200d60 u0 com.realwear.launcher/com.realwear.launcher.ApplicationActivity}: Setting back callback OnBackInvokedCallbackInfo{mCallback=android.window.IOnBackInvokedCallback$Stub$Proxy@8cd52de, mPriority=0}
01-26 14:28:47.052  1534  1534 D JobScheduler.Quota: Processing event 23 for <0>com.realwear.launcher
01-26 14:28:47.271  1534  1987 D BackupManagerService: [UserID:0] restoreAtInstall pkg=com.realwear.imagettext token=2 restoreSet=0
01-26 14:28:47.271  1534  1987 D TransportConnectionManager: [BMS.restoreAtInstall()] Retrieving TransportClient{com.android.localtransport/.LocalTransportService#2}
01-26 14:28:47.271  1534  1987 D TransportConnection: LocalTransportService#2: [BMS.restoreAtInstall()] Unbind requested (was IDLE)
01-26 14:28:47.272  1534  1987 D TransportConnectionManager: [BMS.restoreAtInstall()] Disposing of TransportClient{com.android.localtransport/.LocalTransportService#2}
01-26 14:28:47.273  1534  1987 I AppsFilter: interaction: PackageSetting{1648629 com.qds.aiagent/10186} -> PackageSetting{86ee4b7 com.realwear.imagettext/10243} BLOCKED
01-26 14:28:47.281  1534  1987 D PackageInstallerSession: Marking session 1163620875 as applied
01-26 14:28:47.285  1534  1987 D CompatibilityChangeReporter: Compat change id reported: 168419799; UID 10243; state: DISABLED
01-26 14:28:47.285  1534  1987 D CompatibilityChangeReporter: Compat change id reported: 273564678; UID 10243; state: DISABLED
01-26 14:28:47.293  1534  2190 D NetworkManagement: oldRule = 0, newRule=0 for uid=10243 on chain 2
01-26 14:28:47.293  1534  2190 D NetworkManagement: !!!!! Skipping change
01-26 14:28:47.293  1534  2190 D NetworkManagement: oldRule = 0, newRule=0 for uid=20243 on chain 2
01-26 14:28:47.293  1534  2190 D NetworkManagement: !!!!! Skipping change
01-26 14:28:47.296  1534  1904 W BroadcastQueue: Background execution not allowed: receiving Intent { act=android.intent.action.PACKAGE_ADDED dat=package: flg=0x4000010 (has extras) } to com.android.packageinstaller/.PackageInstalledReceiver
01-26 14:28:47.303   591  6230 I keystore2: keystore2::legacy_blob: legacy_blob.rs fn read_legacy_keystore_entry
01-26 14:28:47.303  1534  1899 W TextServicesManagerService: no available spell checker services found
01-26 14:28:47.309   591  6230 I keystore2: keystore2::legacy_blob: legacy_blob.rs fn make_legacy_keystore_entry_filename
01-26 14:28:47.309   591  6230 I keystore2: keystore2::legacy_blob: legacy_blob.rs fn is_keystore_alias VPNAPPEXCLUDED_0_[Legacy VPN]
01-26 14:28:47.309   591  6230 I keystore2: keystore2::legacy_blob: legacy_blob.rs fn read_generic_blob_decrypt_with
01-26 14:28:47.313  1534  1534 I NotificationService: action=android.intent.action.PACKAGE_ADDED removing=false
01-26 14:28:47.313  1534  1534 D JobScheduler: Receieved: android.intent.action.PACKAGE_ADDED
01-26 14:28:47.316  1534  1534 D RemoteDisplayProvider: Received package manager broadcast: Intent { act=android.intent.action.PACKAGE_ADDED dat=package: flg=0x4000010 (has extras) }
01-26 14:28:47.317  1534  1534 D Telecom : Logging: START_SESSION
01-26 14:28:47.317  1534  1534 I Telecom : DefaultDialerCache: Refreshing default dialer for user 0: now null: DDC.oR@AEw
01-26 14:28:47.317  1534  1534 D Telecom : Logging: END_SESSION (dur: 0 ms): DDC.oR@AEw
01-26 14:28:47.317  1534  1534 D MR2ProviderWatcher: Received package manager broadcast: Intent { act=android.intent.action.PACKAGE_ADDED dat=package: flg=0x4000010 (has extras) }
01-26 14:28:47.327  1534  1899 W PackageManager: Failed registering loading progress callback. Package is fully loaded.
01-26 14:28:47.334  1534  1534 D JobScheduler: Scheduling job: (job:52418896/android/com.android.server.backup.FullBackupJob)
01-26 14:28:47.335  1534  1534 D JobScheduler: SCHEDULE: 1ebba69 #1000/52418896 android/com.android.server.backup.FullBackupJob
01-26 14:28:47.335  1534  1534 D JobScheduler: CANCEL: d2d2424 #1000/52418896 android/com.android.server.backup.FullBackupJob
01-26 14:28:47.335  1534  1534 D JobScheduler.Quota: Timer isn't tracking any jobs but still told to stop
01-26 14:28:47.335  1534  1534 I JobScheduler: Tracking replacement job 1ebba69 #1000/52418896 android/com.android.server.backup.FullBackupJob
01-26 14:28:47.336  1534  1534 D JobStore: Added job status to store: JobStatus{1ebba69 #1000/52418896 android/com.android.server.backup.FullBackupJob u=0 s=1000 NET CHARGING IDLE WAIT:DEV_NOT_DOZING satisfied:0x0 unsatisfied:0x10000005}
01-26 14:28:47.336  1534  1534 D JobScheduler.Connectivity: Using BG bypass for 1000
01-26 14:28:47.336  1534  1534 I JobScheduler.Connectivity: Connectivity CHANGED for JobStatus{1ebba69 #1000/52418896 android/com.android.server.backup.FullBackupJob u=0 s=1000 NET CHARGING IDLE WAIT:DEV_NOT_DOZING satisfied:0x10000000 unsatisfied:0x5}: usable=true satisfied=true
01-26 14:28:47.336  1534  1534 I JobScheduler.Connectivity: evaluateStateLocked finds job JobStatus{1ebba69 #1000/52418896 android/com.android.server.backup.FullBackupJob u=0 s=1000 NET CHARGING IDLE satisfied:0x1b400003 unsatisfied:0x4} would not be ready.
01-26 14:28:47.339  1534  1633 D Telecom : Logging: START_SESSION
01-26 14:28:47.339  1534  1633 D Telecom : Logging: END_SESSION (dur: 0 ms): TSI.gSDP@AE0
01-26 14:28:47.340  1534  2797 D Telecom : Logging: START_SESSION
01-26 14:28:47.340  1534  2797 D Telecom : Logging: END_SESSION (dur: 0 ms): TSI.gCCPA(cap)@AE4
01-26 14:28:47.341  1534  1534 I AppsFilter: interaction: PackageSetting{1648629 com.qds.aiagent/10186} -> PackageSetting{420b58f com.realwear.imagettext/10243} BLOCKED
01-26 14:28:47.341  1534  1534 D JobScheduler: pending queue: 0 jobs.
01-26 14:28:47.341  1534  1534 D JobScheduler.Concurrency: Pending queue: 
01-26 14:28:47.341  1534  1534 D JobScheduler: pending queue: 0 jobs.
01-26 14:28:47.341  1534  1534 D JobScheduler.Concurrency: Pending queue: 
01-26 14:28:47.342  1534  1534 D NotificationListeners: onPackagesChanged removingPackage=false pkgList=[com.realwear.imagettext] mEnabledServicesPackageNames={}
01-26 14:28:47.342  1534  1534 D NotificationAssistants: onPackagesChanged removingPackage=false pkgList=[com.realwear.imagettext] mEnabledServicesPackageNames={android.ext.services}
01-26 14:28:47.342  1534  1534 D ConditionProviders: onPackagesChanged removingPackage=false pkgList=[com.realwear.imagettext] mEnabledServicesPackageNames={}
01-26 14:28:47.342  1534  1534 D JobScheduler.Quota: Processing event 31 for <0>com.android.permissioncontroller
01-26 14:28:47.342  1534  1534 D JobScheduler.Quota: Processing event 6 for <0>com.android.permissioncontroller
01-26 14:28:47.342  1534  1534 D JobScheduler.Quota: Processing event 31 for <0>com.android.permissioncontroller
01-26 14:28:47.342  1534  1534 D JobScheduler: pending queue: 0 jobs.
01-26 14:28:47.342  1534  1534 D JobScheduler.Concurrency: Pending queue: 
01-26 14:28:47.345  1534  2123 D NetworkPolicy: App idle state of uid 10243: false
01-26 14:28:47.345  1534  2123 D NetworkManagement: oldRule = 0, newRule=0 for uid=10243 on chain 2
01-26 14:28:47.345  1534  2123 D NetworkManagement: !!!!! Skipping change
01-26 14:28:47.345  1534  2123 D NetworkManagement: oldRule = 0, newRule=0 for uid=20243 on chain 2
01-26 14:28:47.345  1534  2123 D NetworkManagement: !!!!! Skipping change
01-26 14:28:47.350  1534  2123 I JobScheduler.Quota: Moving pkg <0>com.realwear.imagettext to bucketIndex 6
01-26 14:28:47.353  1534  2123 D JobScheduler.Background: Job status updated: 34/34 checked/total jobs, 63 us
01-26 14:28:47.354  1534  1534 D JobScheduler.Quota: Processing event 11 for <0>com.realwear.imagettext
01-26 14:28:47.357  1534  1534 I NotificationService: action=android.intent.action.PACKAGE_CHANGED removing=false
01-26 14:28:47.357  1534  1534 D JobScheduler: Receieved: android.intent.action.PACKAGE_CHANGED
01-26 14:28:47.357  1534  1534 D JobScheduler: Package state change: com.realwear.imagettext
01-26 14:28:47.357  1534  1534 D JobScheduler: Something in com.realwear.imagettext changed. Reevaluating controller states.
01-26 14:28:47.361  1534  1534 I JobScheduler.Time: Skipping JobStatus{dd2df3 #1000/16942831 android/com.android.server.appsearch.contactsindexer.ContactsIndexerMaintenanceService u=0 s=1000 TIME=+11d20h3m32s458ms:+26d20h3m32s458ms BATNOTLOW IDLE PERIODIC PERSISTED satisfied:0xb400002 unsatisfied:0x80000004} because delay won't make it ready.
01-26 14:28:47.362  1534  1534 I JobScheduler.Time: Skipping JobStatus{63a5743 #u0a27/19 com.android.statementservice/androidx.work.impl.background.systemjob.SystemJobService u=0 s=10027 TIME=+38d21h57m27s145ms:none IDLE satisfied:0xb400000 unsatisfied:0x80000004} because delay won't make it ready.
01-26 14:28:47.362  1534  1534 I JobScheduler.Time: Skipping JobStatus{acb4e52 #1000/13254266 android/com.android.server.camera.CameraStatsJobService u=0 s=1000 TIME=+23h29m11s832ms:none IDLE satisfied:0xb400000 unsatisfied:0x80000004} because delay won't make it ready.
01-26 14:28:47.362  1534  1534 I JobScheduler.Time: Skipping JobStatus{ca2e977 #1000/808 android/com.android.server.MountServiceIdler u=0 s=1000 TIME=+12h32m17s664ms:none CHARGING BATNOTLOW IDLE satisfied:0xb400003 unsatisfied:0x80000004} because delay won't make it ready.
01-26 14:28:47.363  1534  1534 D NotificationListeners: onPackagesChanged removingPackage=false pkgList=[com.realwear.imagettext] mEnabledServicesPackageNames={}
01-26 14:28:47.363  1534  1534 D NotificationAssistants: onPackagesChanged removingPackage=false pkgList=[com.realwear.imagettext] mEnabledServicesPackageNames={android.ext.services}
01-26 14:28:47.364  1534  1534 D ConditionProviders: onPackagesChanged removingPackage=false pkgList=[com.realwear.imagettext] mEnabledServicesPackageNames={}
01-26 14:28:47.365  1534  1534 D RemoteDisplayProvider: Received package manager broadcast: Intent { act=android.intent.action.PACKAGE_CHANGED dat=package: flg=0x5000010 (has extras) }
01-26 14:28:47.365  1534  1534 D JobScheduler: MSG_CHECK_CHANGED_JOB_LIST
01-26 14:28:47.365  1534  1534 D JobScheduler: Check changed jobs...
01-26 14:28:47.365  1534  1534 D JobScheduler: maybeQueueReadyJobsForExecutionLocked: Not running anything.
01-26 14:28:47.365  1534  1534 D JobScheduler: pending queue: 0 jobs.
01-26 14:28:47.365  1534  1534 D JobScheduler.Concurrency: Pending queue: 
01-26 14:28:47.366  1534  1534 D Telecom : Logging: START_SESSION
01-26 14:28:47.366  1534  1534 I Telecom : DefaultDialerCache: Refreshing default dialer for user 0: now null: DDC.oR@AE8
01-26 14:28:47.366  1534  1534 D Telecom : Logging: END_SESSION (dur: 0 ms): DDC.oR@AE8
01-26 14:28:47.366  1534  1534 D MR2ProviderWatcher: Received package manager broadcast: Intent { act=android.intent.action.PACKAGE_CHANGED dat=package: flg=0x5000010 (has extras) }
01-26 14:28:47.374  1534  3135 W BackupTransportManager: Package com.realwear.imagettext enabled setting: 0
01-26 14:28:47.392  1534  1899 W TextServicesManagerService: no available spell checker services found
01-26 14:28:47.747  1534  2113 D BatteryService: POWER_SUPPLY_PRESENT = 1
01-26 14:28:47.747  1534  2113 D BatteryService: Missing Battery = false
01-26 14:28:49.122  1534  2797 D CompatibilityChangeReporter: Compat change id reported: 161252188; UID 10243; state: DISABLED
01-26 14:28:49.122  1534  2797 I ActivityTaskManager: START u0 {act=android.intent.action.MAIN cat=[android.intent.category.LAUNCHER] flg=0x10200000 cmp=com.realwear.imagettext/.MainActivity} from uid 10032
01-26 14:28:49.125  1534  2797 D CompatibilityChangeReporter: Compat change id reported: 265464455; UID 10243; state: DISABLED
01-26 14:28:49.126  1534  2797 D CompatibilityChangeReporter: Compat change id reported: 265452344; UID 10243; state: DISABLED
01-26 14:28:49.126  1534  2797 D CompatibilityChangeReporter: Compat change id reported: 266124927; UID 10243; state: DISABLED
01-26 14:28:49.127  1534  2797 D CompatibilityChangeReporter: Compat change id reported: 265451093; UID 10243; state: DISABLED
01-26 14:28:49.127  1534  2797 D CompatibilityChangeReporter: Compat change id reported: 265456536; UID 10243; state: DISABLED
01-26 14:28:49.127  1534  2797 D CompatibilityChangeReporter: Compat change id reported: 255940284; UID 10243; state: DISABLED
01-26 14:28:49.127  1534  2797 D CompatibilityChangeReporter: Compat change id reported: 236283604; UID 10243; state: DISABLED
01-26 14:28:49.128  1534  2797 D CompatibilityChangeReporter: Compat change id reported: 263959004; UID 10243; state: DISABLED
01-26 14:28:49.128  1534  2797 D CompatibilityChangeReporter: Compat change id reported: 264304459; UID 10243; state: DISABLED
01-26 14:28:49.128  1534  2797 D CompatibilityChangeReporter: Compat change id reported: 264301586; UID 10243; state: DISABLED
01-26 14:28:49.128  1534  2797 D CompatibilityChangeReporter: Compat change id reported: 254631730; UID 10243; state: DISABLED
01-26 14:28:49.128  1534  2797 D CompatibilityChangeReporter: Compat change id reported: 273509367; UID 10243; state: DISABLED
01-26 14:28:49.129  1534  2797 D CompatibilityChangeReporter: Compat change id reported: 263259275; UID 10243; state: DISABLED
01-26 14:28:49.133  1534  2797 D CompatibilityChangeReporter: Compat change id reported: 194480991; UID 10243; state: ENABLED
01-26 14:28:49.136  1534  2797 D CompatibilityChangeReporter: Compat change id reported: 174042980; UID 10243; state: DISABLED
01-26 14:28:49.142  1534  2797 D CompatibilityChangeReporter: Compat change id reported: 184838306; UID 10243; state: DISABLED
01-26 14:28:49.142  1534  2797 D CompatibilityChangeReporter: Compat change id reported: 185004937; UID 10243; state: DISABLED
01-26 14:28:49.142  1534  2797 D CompatibilityChangeReporter: Compat change id reported: 181136395; UID 10243; state: DISABLED
01-26 14:28:49.143  1534  2797 D CompatibilityChangeReporter: Compat change id reported: 174042936; UID 10243; state: DISABLED
01-26 14:28:49.144  1534  2797 D CompatibilityChangeReporter: Compat change id reported: 197654537; UID 10243; state: ENABLED
01-26 14:28:49.148  1534  2797 D CompatibilityChangeReporter: Compat change id reported: 205907456; UID 10243; state: ENABLED
01-26 14:28:49.153  1534  2797 D CompatibilityChangeReporter: Compat change id reported: 194833441; UID 10243; state: ENABLED
01-26 14:28:49.156  1534  1856 D CompatibilityChangeReporter: Compat change id reported: 135634846; UID 10243; state: DISABLED
01-26 14:28:49.157  1534  1856 D CompatibilityChangeReporter: Compat change id reported: 177438394; UID 10243; state: DISABLED
01-26 14:28:49.157  1534  1856 D CompatibilityChangeReporter: Compat change id reported: 135772972; UID 10243; state: DISABLED
01-26 14:28:49.157  1534  1856 D CompatibilityChangeReporter: Compat change id reported: 135754954; UID 10243; state: ENABLED
01-26 14:28:49.169  1534  1905 D CompatibilityChangeReporter: Compat change id reported: 143937733; UID 10243; state: ENABLED
01-26 14:28:49.170  1534  1534 D JobScheduler: pending queue: 0 jobs.
01-26 14:28:49.170  1534  1534 D JobScheduler.Concurrency: Pending queue: 
01-26 14:28:49.170  1534  1534 D JobScheduler.Quota: Processing event 2 for <0>com.realwear.launcher
01-26 14:28:49.170  1534  1534 D JobScheduler.Quota: Crediting <0>com.realwear.launcher 10000ms for 1 time chunks
01-26 14:28:49.170  1534  1534 D JobScheduler.Quota: debits overflowed by -10000
01-26 14:28:49.178  1534  2077 D CoreBackPreview: Window{17f0fd4 u0 Splash Screen com.realwear.imagettext}: Setting back callback OnBackInvokedCallbackInfo{mCallback=android.window.IOnBackInvokedCallback$Stub$Proxy@ca71c72, mPriority=0}
01-26 14:28:49.181  1534  1534 D JobScheduler: pending queue: 0 jobs.
01-26 14:28:49.181  1534  1534 D JobScheduler.Concurrency: Pending queue: 
01-26 14:28:49.182  1534  1534 D JobScheduler: pending queue: 0 jobs.
01-26 14:28:49.182  1534  1534 D JobScheduler.Concurrency: Pending queue: 
01-26 14:28:49.197  1534  1905 I ActivityManager: Start proc 6245:com.realwear.imagettext/u0a243 for next-top-activity {com.realwear.imagettext/com.realwear.imagettext.MainActivity}
01-26 14:28:49.199  1534  6247 W ContextImpl: Calling a method in the system process without a qualified user: android.app.ContextImpl.sendBroadcast:1189 com.qualcomm.qti.Performance$SendGameLaunchBroadcast.run:247 java.lang.Thread.run:1012 <bottom of call stack> <bottom of call stack> 
01-26 14:28:49.354  1534  3200 I AppsFilter: interaction: PackageSetting{586c7ed com.realwear.imagettext/10243} -> PackageSetting{6f3745a com.realwear.launcher/10032} BLOCKED
01-26 14:28:49.357  1534  2191 D NetworkPolicy: metered-allowlist for 10243 changed to true
01-26 14:28:49.357  1534  2191 D NetworkPolicy: metered-allowlist for 20243 changed to true
01-26 14:28:49.357  1534  2191 D NetworkManagement: oldRule = 0, newRule=0 for uid=10243 on chain 2
01-26 14:28:49.357  1534  2191 D NetworkManagement: !!!!! Skipping change
01-26 14:28:49.357  1534  2191 D NetworkManagement: oldRule = 0, newRule=0 for uid=20243 on chain 2
01-26 14:28:49.357  1534  2191 D NetworkManagement: !!!!! Skipping change
01-26 14:28:49.359  1534  1534 D JobScheduler.Quota: Processing event 6 for <0>com.realwear.imagettext
01-26 14:28:49.360  1534  1534 D JobScheduler.Quota: Processing event 1 for <0>com.realwear.imagettext
01-26 14:28:49.360  1534  1534 D JobScheduler.Quota: Processing event 31 for <0>com.realwear.imagettext
01-26 14:28:49.361  1534  2123 D JobScheduler.Background: Job status updated: 0/0 checked/total jobs, 1 us
01-26 14:28:49.361  1534  1534 D JobScheduler.DeviceIdle: uid 10243 going active
01-26 14:28:49.361  1534  1534 D JobScheduler: pending queue: 0 jobs.
01-26 14:28:49.361  1534  1534 D JobScheduler.Concurrency: Pending queue: 
01-26 14:28:49.361  1534  1534 D JobScheduler: UID 10243 bias changed from 0 to 40
01-26 14:28:49.361  1534  1534 D JobScheduler.Battery: maybeReportNewChargingStateLocked: true/true/true
01-26 14:28:49.361  1534  1534 D JobScheduler: pending queue: 0 jobs.
01-26 14:28:49.361  1534  1534 D JobScheduler.Concurrency: Pending queue: 
01-26 14:28:49.361  1534  1534 D JobScheduler: MSG_CHECK_JOB_GREEDY
01-26 14:28:49.361  1534  1534 D JobScheduler: queuing all ready jobs for execution:
01-26 14:28:49.362  1534  1534 I JobScheduler.Connectivity: evaluateStateLocked finds job JobStatus{e3fc1c0 #u0a115/124 com.android.remoteprovisioner/androidx.work.impl.background.systemjob.SystemJobService u=0 s=10115 TIME=+23h29m19s77ms:none NET satisfied:0x1b400000 unsatisfied:0x80000000} would not be ready.
01-26 14:28:49.362  1534  1534 I JobScheduler.Connectivity: evaluateStateLocked finds job JobStatus{c2c56fa #u0a100/100 com.realwear.fota/.manager.JobScheduleManager u=0 s=10100 TIME=+2m38s102ms:+23h57m38s102ms NET PERSISTED satisfied:0x1b400000 unsatisfied:0x80000000} would not be ready.
01-26 14:28:49.362  1534  1534 I JobScheduler.Connectivity: evaluateStateLocked finds job JobStatus{8ae2ef9 #u0a27/93 com.android.statementservice/androidx.work.impl.background.systemjob.SystemJobService u=0 s=10027 NET IDLE satisfied:0x1b400000 unsatisfied:0x4} would not be ready.
01-26 14:28:49.362  1534  1534 I JobScheduler.Connectivity: evaluateStateLocked finds job JobStatus{dc4b6cd #1000/52417896 android/com.android.server.backup.KeyValueBackupJob u=0 s=1000 TIME=+3h32m22s562ms:+23h29m14s479ms NET CHARGING satisfied:0x1b400003 unsatisfied:0x80000000} would not be ready.
01-26 14:28:49.362  1534  1534 I JobScheduler.Connectivity: evaluateStateLocked finds job JobStatus{8b3d6fd #1000/2 com.realwear.deviceagent/.metrics.MetricsCollectionJob u=0 s=1000 TIME=+23h29m21s227ms:+1d23h29m21s227ms NET PERIODIC satisfied:0x1b400000 unsatisfied:0x80000000} would not be ready.
01-26 14:28:49.362  1534  1534 I JobScheduler.Connectivity: evaluateStateLocked finds job JobStatus{1ebba69 #1000/52418896 android/com.android.server.backup.FullBackupJob u=0 s=1000 NET CHARGING IDLE satisfied:0x1b400003 unsatisfied:0x4} would not be ready.
01-26 14:28:49.363  1534  1534 D JobScheduler: No jobs pending.
01-26 14:28:49.363  1534  1534 D JobScheduler: pending queue: 0 jobs.
01-26 14:28:49.363  1534  1534 D JobScheduler.Concurrency: Pending queue: 
01-26 14:28:49.369  1534  1899 D IntervalStats: Unable to parse usage stats packages: [223, 225, 226, 227, 228, 229, 230, 231]
01-26 14:28:49.377  1534  1899 D IntervalStats: Unable to parse usage stats packages: [233, 234, 235]
01-26 14:28:49.391  1534  1899 D IntervalStats: Unable to parse usage stats packages: [235, 236, 237, 238, 239, 240, 241, 242, 243, 244, 245, 246, 248, 249, 250, 251]
01-26 14:28:49.404  1534  1899 D IntervalStats: Unable to parse usage stats packages: [251, 252, 253, 254, 255, 256, 257, 258, 259, 260, 261]
01-26 14:28:49.405  1534  1899 D IntervalStats: Unable to parse event packages: [261]
