--------- beginning of system
01-26 14:16:09.559  1534  1534 D JobScheduler: MSG_CHECK_JOB_GREEDY
01-26 14:16:09.559  1534  1534 D JobScheduler: queuing all ready jobs for execution:
01-26 14:16:09.560  1534  1534 I JobScheduler.Connectivity: evaluateStateLocked finds job JobStatus{e3fc1c0 #u0a115/124 com.android.remoteprovisioner/androidx.work.impl.background.systemjob.SystemJobService u=0 s=10115 TIME=+23h41m58s879ms:none NET satisfied:0x1b400000 unsatisfied:0x80000000} would not be ready.
01-26 14:16:09.560  1534  1534 I JobScheduler.Connectivity: evaluateStateLocked finds job JobStatus{624d787 #u0a100/100 com.realwear.fota/.manager.JobScheduleManager u=0 s=10100 TIME=+4m15s920ms:+23h59m15s920ms NET PERSISTED satisfied:0x1b400000 unsatisfied:0x80000000} would not be ready.
01-26 14:16:09.560  1534  1534 I JobScheduler.Connectivity: evaluateStateLocked finds job JobStatus{8ae2ef9 #u0a27/93 com.android.statementservice/androidx.work.impl.background.systemjob.SystemJobService u=0 s=10027 NET IDLE satisfied:0x1b400000 unsatisfied:0x4} would not be ready.
01-26 14:16:09.560  1534  1534 I JobScheduler.Connectivity: evaluateStateLocked finds job JobStatus{dc4b6cd #1000/52417896 android/com.android.server.backup.KeyValueBackupJob u=0 s=1000 TIME=+3h45m2s364ms:+23h41m54s281ms NET CHARGING satisfied:0x1b400003 unsatisfied:0x80000000} would not be ready.
01-26 14:16:09.560  1534  1534 I JobScheduler.Connectivity: evaluateStateLocked finds job JobStatus{d2d2424 #1000/52418896 android/com.android.server.backup.FullBackupJob u=0 s=1000 NET CHARGING IDLE satisfied:0x1b400003 unsatisfied:0x4} would not be ready.
01-26 14:16:09.560  1534  1534 I JobScheduler.Connectivity: evaluateStateLocked finds job JobStatus{8b3d6fd #1000/2 com.realwear.deviceagent/.metrics.MetricsCollectionJob u=0 s=1000 TIME=+23h42m1s29ms:+1d23h42m1s29ms NET PERIODIC satisfied:0x1b400000 unsatisfied:0x80000000} would not be ready.
01-26 14:16:09.561  1534  1534 D JobScheduler: No jobs pending.
01-26 14:16:09.561  1534  1534 D JobScheduler: pending queue: 0 jobs.
01-26 14:16:09.561  1534  1534 D JobScheduler.Concurrency: Pending queue: 
01-26 14:16:09.565  1534  1534 D JobScheduler.Quota: Processing event 6 for <0>com.realwear.camera
01-26 14:16:09.574  1534  1534 D JobScheduler.Quota: Processing event 1 for <0>com.realwear.camera
01-26 14:16:09.575  1534  1534 D JobScheduler.Quota: Processing event 31 for <0>com.realwear.camera
01-26 14:16:09.640  1534  1948 E KernelCpuSpeedReader: Failed to read cpu-freq: /sys/devices/system/cpu/cpu4/cpufreq/stats/time_in_state: open failed: ENOENT (No such file or directory)
01-26 14:16:09.641  1534  1948 E KernelCpuSpeedReader: Failed to read cpu-freq: /sys/devices/system/cpu/cpu0/cpufreq/stats/time_in_state: open failed: ENOENT (No such file or directory)
01-26 14:16:09.757  1534  2273 I DexManager: com.realwear.camera loads from null-0 : 0 : /system/framework/QXPerformance.jar
01-26 14:16:09.757  1534  2273 I DexManager: Could not find owning package for dex file: /system/framework/QXPerformance.jar
01-26 14:16:10.209  1534  5281 D CompatibilityChangeReporter: Compat change id reported: 161252188; UID 1000; state: DISABLED
01-26 14:16:10.210  1534  1534 D JobScheduler.Quota: Processing event 31 for <0>com.android.settings
01-26 14:16:10.214  2615  2615 W ContextImpl: Calling a method in the system process without a qualified user: android.app.ContextImpl.sendBroadcast:1189 android.content.ContextWrapper.sendBroadcast:500 android.content.ContextWrapper.sendBroadcast:500 com.android.settings.RealwearCameraGetReceiver.onReceive:78 android.app.ActivityThread.handleReceiver:4307 
01-26 14:16:10.219  1534  1534 D JobScheduler.Quota: Processing event 6 for <0>com.realwear.deviceagent
01-26 14:16:10.220  1534  1904 I DropBoxManagerService: add tag=system_server_wtf isTagEnabled=true flags=0x2
01-26 14:16:10.222  1534  2358 W BroadcastQueue: Background execution not allowed: receiving Intent { act=com.android.settings.realwear_camera_GET flg=0x10 (has extras) } to com.android.settings/.RealwearCameraGetReceiver
01-26 14:16:10.227  1534  1904 I DropBoxManagerService: add tag=system_server_wtf isTagEnabled=true flags=0x2
01-26 14:16:10.238  1534  2358 W WindowManager: Failed looking up window session=Session{38a1ac9 3418:u0a10055} callers=com.android.server.wm.WindowManagerService.windowForClientLocked:6138 com.android.server.wm.Session.updateRequestedVisibilities:701 android.view.IWindowSession$Stub.onTransact:1075 
01-26 14:16:10.241  1534  5281 D CoreBackPreview: Window{88480da u0 com.realwear.camera/com.realwear.camera.MainActivity}: Setting back callback OnBackInvokedCallbackInfo{mCallback=android.window.IOnBackInvokedCallback$Stub$Proxy@5ac13e8, mPriority=0}
01-26 14:16:10.362  1534  1534 D JobScheduler.Quota: Processing event 31 for <0>com.android.settings
01-26 14:16:10.491  1534  5281 D CompatibilityChangeReporter: Compat change id reported: 214016041; UID 10055; state: DISABLED
01-26 14:16:10.665  1534  1534 D JobScheduler: UID 10242 bias changed from 40 to 0
01-26 14:16:10.665  1534  1534 D JobScheduler.Battery: maybeReportNewChargingStateLocked: true/true/true
01-26 14:16:10.665  1534  1534 D JobScheduler: pending queue: 0 jobs.
01-26 14:16:10.665  1534  1534 D JobScheduler.Concurrency: Pending queue: 
01-26 14:16:10.665  1534  1534 D JobScheduler: MSG_CHECK_JOB_GREEDY
01-26 14:16:10.665  1534  1534 D JobScheduler: queuing all ready jobs for execution:
01-26 14:16:10.666  1534  1534 I JobScheduler.Connectivity: evaluateStateLocked finds job JobStatus{e3fc1c0 #u0a115/124 com.android.remoteprovisioner/androidx.work.impl.background.systemjob.SystemJobService u=0 s=10115 TIME=+23h41m57s772ms:none NET satisfied:0x1b400000 unsatisfied:0x80000000} would not be ready.
01-26 14:16:10.666  1534  1534 I JobScheduler.Connectivity: evaluateStateLocked finds job JobStatus{624d787 #u0a100/100 com.realwear.fota/.manager.JobScheduleManager u=0 s=10100 TIME=+4m14s814ms:+23h59m14s814ms NET PERSISTED satisfied:0x1b400000 unsatisfied:0x80000000} would not be ready.
01-26 14:16:10.666  1534  1534 I JobScheduler.Connectivity: evaluateStateLocked finds job JobStatus{8ae2ef9 #u0a27/93 com.android.statementservice/androidx.work.impl.background.systemjob.SystemJobService u=0 s=10027 NET IDLE satisfied:0x1b400000 unsatisfied:0x4} would not be ready.
01-26 14:16:10.666  1534  1534 I JobScheduler.Connectivity: evaluateStateLocked finds job JobStatus{dc4b6cd #1000/52417896 android/com.android.server.backup.KeyValueBackupJob u=0 s=1000 TIME=+3h45m1s258ms:+23h41m53s175ms NET CHARGING satisfied:0x1b400003 unsatisfied:0x80000000} would not be ready.
01-26 14:16:10.666  1534  1534 I JobScheduler.Connectivity: evaluateStateLocked finds job JobStatus{d2d2424 #1000/52418896 android/com.android.server.backup.FullBackupJob u=0 s=1000 NET CHARGING IDLE satisfied:0x1b400003 unsatisfied:0x4} would not be ready.
01-26 14:16:10.666  1534  1534 I JobScheduler.Connectivity: evaluateStateLocked finds job JobStatus{8b3d6fd #1000/2 com.realwear.deviceagent/.metrics.MetricsCollectionJob u=0 s=1000 TIME=+23h41m59s923ms:+1d23h41m59s923ms NET PERIODIC satisfied:0x1b400000 unsatisfied:0x80000000} would not be ready.
01-26 14:16:10.666  1534  1534 D JobScheduler: No jobs pending.
01-26 14:16:10.667  1534  1534 D JobScheduler: pending queue: 0 jobs.
01-26 14:16:10.667  1534  1534 D JobScheduler.Concurrency: Pending queue: 
01-26 14:16:10.667  1534  2191 D NetworkPolicy: metered-allowlist for 10242 changed to false
01-26 14:16:10.667  1534  2191 D NetworkPolicy: metered-allowlist for 20242 changed to false
01-26 14:16:10.667  1534  2191 D NetworkManagement: oldRule = 0, newRule=0 for uid=10242 on chain 2
01-26 14:16:10.667  1534  2191 D NetworkManagement: !!!!! Skipping change
01-26 14:16:10.667  1534  2191 D NetworkManagement: oldRule = 0, newRule=0 for uid=20242 on chain 2
01-26 14:16:10.667  1534  2191 D NetworkManagement: !!!!! Skipping change
01-26 14:16:10.702  1534  2273 D OomAdjuster: App adj change from previous state to cached state : 2615 com.android.settings
01-26 14:16:10.702  1534  1534 D JobScheduler.Quota: Processing event 23 for <0>com.realwear.imagettext
01-26 14:16:10.748  1534  2273 D CoreBackPreview: Window{9619c1f u0 com.realwear.wearhf}: Setting back callback null
01-26 14:16:10.795  1534  5281 D CompatibilityChangeReporter: Compat change id reported: 197654537; UID 1000; state: ENABLED
01-26 14:16:10.796  1534  5281 D CompatibilityChangeReporter: Compat change id reported: 189229956; UID 10055; state: DISABLED
01-26 14:16:10.796  1534  5281 D CompatibilityChangeReporter: Compat change id reported: 191513214; UID 10055; state: DISABLED
01-26 14:16:11.183  1534  2273 E RefreshRateRange: Wrong values for min and max when initializing RefreshRateRange : 120.00001 60.0
01-26 14:16:11.507  2292  2292 D PowerUI : buckets   .....25 .. 20 .. 10
01-26 14:16:11.507  2292  2292 D PowerUI : level          96 --> 96
01-26 14:16:11.507  2292  2292 D PowerUI : status         5 --> 5
01-26 14:16:11.507  2292  2292 D PowerUI : plugType       1 --> 1
01-26 14:16:11.507  2292  2292 D PowerUI : invalidCharger 0 --> 0
01-26 14:16:11.507  2292  2292 D PowerUI : bucket         1 --> 1
01-26 14:16:11.507  2292  2292 D PowerUI : plugged        true --> true
01-26 14:16:11.747  1534  2113 D BatteryService: POWER_SUPPLY_PRESENT = 1
01-26 14:16:11.747  1534  2113 D BatteryService: Missing Battery = false
01-26 14:16:12.527  1534  3199 E TaskPersister: File error accessing recents directory (directory doesn't exist?).
01-26 14:16:13.414  1534  2358 D CoreBackPreview: Window{a9e7c96 u0 com.realwear.wearhf}: Setting back callback null
01-26 14:16:13.449  1534  2358 D CoreBackPreview: Window{75306a7 u0 com.realwear.wearhf}: Setting back callback OnBackInvokedCallbackInfo{mCallback=android.window.IOnBackInvokedCallback$Stub$Proxy@a9846fd, mPriority=0}
01-26 14:16:13.450  1534  1534 W AccessibilityManagerService:  wait for adding window timeout: 3
01-26 14:16:16.356  1534  2113 D BatteryService: POWER_SUPPLY_PRESENT = 1
01-26 14:16:16.356  1534  2113 D BatteryService: Missing Battery = false
01-26 14:16:16.718  1534  5281 D CoreBackPreview: Window{75306a7 u0 com.realwear.wearhf}: Setting back callback null
01-26 14:16:20.715  2292  2292 D PowerUI : buckets   .....25 .. 20 .. 10
01-26 14:16:20.715  2292  2292 D PowerUI : level          96 --> 96
01-26 14:16:20.715  2292  2292 D PowerUI : status         5 --> 5
01-26 14:16:20.715  2292  2292 D PowerUI : plugType       1 --> 1
01-26 14:16:20.715  2292  2292 D PowerUI : invalidCharger 0 --> 0
01-26 14:16:20.715  2292  2292 D PowerUI : bucket         1 --> 1
01-26 14:16:20.715  2292  2292 D PowerUI : plugged        true --> true
01-26 14:16:20.963  1534  2113 D BatteryService: POWER_SUPPLY_PRESENT = 1
01-26 14:16:20.963  1534  2113 D BatteryService: Missing Battery = false
01-26 14:16:25.571  1534  2113 D BatteryService: POWER_SUPPLY_PRESENT = 1
01-26 14:16:25.572  1534  2113 D BatteryService: Missing Battery = false
01-26 14:16:29.929  2292  2292 D PowerUI : buckets   .....25 .. 20 .. 10
01-26 14:16:29.929  2292  2292 D PowerUI : level          96 --> 96
01-26 14:16:29.929  2292  2292 D PowerUI : status         5 --> 5
01-26 14:16:29.929  2292  2292 D PowerUI : plugType       1 --> 1
01-26 14:16:29.929  2292  2292 D PowerUI : invalidCharger 0 --> 0
01-26 14:16:29.929  2292  2292 D PowerUI : bucket         1 --> 1
01-26 14:16:29.929  2292  2292 D PowerUI : plugged        true --> true
01-26 14:16:30.181  1534  2113 D BatteryService: POWER_SUPPLY_PRESENT = 1
01-26 14:16:30.181  1534  2113 D BatteryService: Missing Battery = false
01-26 14:16:33.837  1534  5281 D CompatibilityChangeReporter: Compat change id reported: 149924527; UID 10055; state: ENABLED
01-26 14:16:33.838  1534  5281 D CompatibilityChangeReporter: Compat change id reported: 132649864; UID 10055; state: DISABLED
01-26 14:16:33.842  1534  2273 D CompatibilityChangeReporter: Compat change id reported: 182734110; UID 10055; state: ENABLED
01-26 14:16:33.942  1534  2273 D CompatibilityChangeReporter: Compat change id reported: 180326732; UID 10055; state: ENABLED
01-26 14:16:34.001  1534  2273 I NotificationService: enqueueToast pkg=com.realwear.camera token=android.os.BinderProxy@b511b4a duration=0 displayId=0
01-26 14:16:34.004  1534  2273 D NotificationService: Show pkg=com.realwear.camera text=Image saved
01-26 14:16:34.040  1534  5526 D CoreBackPreview: Window{30da216 u0 Toast}: Setting back callback OnBackInvokedCallbackInfo{mCallback=android.window.IOnBackInvokedCallback$Stub$Proxy@5e0cd84, mPriority=0}
01-26 14:16:34.299  1534  1534 D JobScheduler.Quota: Processing event 31 for <0>com.android.settings
01-26 14:16:34.311  1534  2191 D NetworkPolicy: metered-allowlist for 10242 changed to true
01-26 14:16:34.311  1534  2191 D NetworkPolicy: metered-allowlist for 20242 changed to true
01-26 14:16:34.311  1534  2191 D NetworkManagement: oldRule = 0, newRule=0 for uid=10242 on chain 2
01-26 14:16:34.311  1534  2191 D NetworkManagement: !!!!! Skipping change
01-26 14:16:34.311  1534  2191 D NetworkManagement: oldRule = 0, newRule=0 for uid=20242 on chain 2
01-26 14:16:34.311  1534  2191 D NetworkManagement: !!!!! Skipping change
01-26 14:16:34.311  1534  1534 D JobScheduler.Quota: Processing event 2 for <0>com.realwear.camera
01-26 14:16:34.312  1534  1534 D JobScheduler.Quota: Crediting <0>com.realwear.camera 10000ms for 1 time chunks
01-26 14:16:34.316  1534  1534 D JobScheduler.Quota: debits overflowed by -10000
01-26 14:16:34.334  1534  1534 D JobScheduler: UID 10242 bias changed from 0 to 40
01-26 14:16:34.334  1534  1534 D JobScheduler.Battery: maybeReportNewChargingStateLocked: true/true/true
01-26 14:16:34.334  1534  1534 D JobScheduler: pending queue: 0 jobs.
01-26 14:16:34.334  1534  1534 D JobScheduler.Concurrency: Pending queue: 
01-26 14:16:34.334  1534  1534 D JobScheduler.Quota: Processing event 1 for <0>com.realwear.imagettext
01-26 14:16:34.334  1534  1534 D JobScheduler.Quota: Processing event 31 for <0>com.realwear.imagettext
01-26 14:16:34.334  1534  1534 D JobScheduler: MSG_CHECK_JOB_GREEDY
01-26 14:16:34.334  1534  1534 D JobScheduler: queuing all ready jobs for execution:
01-26 14:16:34.334  1534  1534 I JobScheduler.Connectivity: evaluateStateLocked finds job JobStatus{e3fc1c0 #u0a115/124 com.android.remoteprovisioner/androidx.work.impl.background.systemjob.SystemJobService u=0 s=10115 TIME=+23h41m34s104ms:none NET satisfied:0x1b400000 unsatisfied:0x80000000} would not be ready.
01-26 14:16:34.334  1534  1534 I JobScheduler.Connectivity: evaluateStateLocked finds job JobStatus{624d787 #u0a100/100 com.realwear.fota/.manager.JobScheduleManager u=0 s=10100 TIME=+3m51s146ms:+23h58m51s146ms NET PERSISTED satisfied:0x1b400000 unsatisfied:0x80000000} would not be ready.
01-26 14:16:34.335  1534  1534 I JobScheduler.Connectivity: evaluateStateLocked finds job JobStatus{8ae2ef9 #u0a27/93 com.android.statementservice/androidx.work.impl.background.systemjob.SystemJobService u=0 s=10027 NET IDLE satisfied:0x1b400000 unsatisfied:0x4} would not be ready.
01-26 14:16:34.335  1534  1534 I JobScheduler.Connectivity: evaluateStateLocked finds job JobStatus{dc4b6cd #1000/52417896 android/com.android.server.backup.KeyValueBackupJob u=0 s=1000 TIME=+3h44m37s589ms:+23h41m29s506ms NET CHARGING satisfied:0x1b400003 unsatisfied:0x80000000} would not be ready.
01-26 14:16:34.335  1534  1534 I JobScheduler.Connectivity: evaluateStateLocked finds job JobStatus{d2d2424 #1000/52418896 android/com.android.server.backup.FullBackupJob u=0 s=1000 NET CHARGING IDLE satisfied:0x1b400003 unsatisfied:0x4} would not be ready.
01-26 14:16:34.335  1534  1534 I JobScheduler.Connectivity: evaluateStateLocked finds job JobStatus{8b3d6fd #1000/2 com.realwear.deviceagent/.metrics.MetricsCollectionJob u=0 s=1000 TIME=+23h41m36s254ms:+1d23h41m36s254ms NET PERIODIC satisfied:0x1b400000 unsatisfied:0x80000000} would not be ready.
01-26 14:16:34.335  1534  1534 D JobScheduler: No jobs pending.
01-26 14:16:34.336  1534  1534 D JobScheduler: pending queue: 0 jobs.
01-26 14:16:34.336  1534  1534 D JobScheduler.Concurrency: Pending queue: 
01-26 14:16:34.339  1534  1534 D JobScheduler.Quota: Processing event 6 for <0>com.realwear.imagettext
01-26 14:16:34.517  1534  1534 D JobScheduler: UID 10055 bias changed from 40 to 0
01-26 14:16:34.517  1534  1534 D JobScheduler.Battery: maybeReportNewChargingStateLocked: true/true/true
01-26 14:16:34.517  1534  1534 D JobScheduler: pending queue: 0 jobs.
01-26 14:16:34.517  1534  1534 D JobScheduler.Concurrency: Pending queue: 
01-26 14:16:34.517  1534  1534 D JobScheduler: MSG_CHECK_JOB_GREEDY
01-26 14:16:34.517  1534  1534 D JobScheduler: queuing all ready jobs for execution:
01-26 14:16:34.518  1534  1534 I JobScheduler.Connectivity: evaluateStateLocked finds job JobStatus{e3fc1c0 #u0a115/124 com.android.remoteprovisioner/androidx.work.impl.background.systemjob.SystemJobService u=0 s=10115 TIME=+23h41m33s920ms:none NET satisfied:0x1b400000 unsatisfied:0x80000000} would not be ready.
01-26 14:16:34.518  1534  1534 I JobScheduler.Connectivity: evaluateStateLocked finds job JobStatus{624d787 #u0a100/100 com.realwear.fota/.manager.JobScheduleManager u=0 s=10100 TIME=+3m50s962ms:+23h58m50s962ms NET PERSISTED satisfied:0x1b400000 unsatisfied:0x80000000} would not be ready.
01-26 14:16:34.518  1534  2191 D NetworkPolicy: metered-allowlist for 10055 changed to false
01-26 14:16:34.518  1534  1534 I JobScheduler.Connectivity: evaluateStateLocked finds job JobStatus{8ae2ef9 #u0a27/93 com.android.statementservice/androidx.work.impl.background.systemjob.SystemJobService u=0 s=10027 NET IDLE satisfied:0x1b400000 unsatisfied:0x4} would not be ready.
01-26 14:16:34.518  1534  2191 D NetworkPolicy: metered-allowlist for 20055 changed to false
01-26 14:16:34.518  1534  2191 D NetworkManagement: oldRule = 0, newRule=0 for uid=10055 on chain 2
01-26 14:16:34.518  1534  1534 I JobScheduler.Connectivity: evaluateStateLocked finds job JobStatus{dc4b6cd #1000/52417896 android/com.android.server.backup.KeyValueBackupJob u=0 s=1000 TIME=+3h44m37s406ms:+23h41m29s323ms NET CHARGING satisfied:0x1b400003 unsatisfied:0x80000000} would not be ready.
01-26 14:16:34.519  1534  2191 D NetworkManagement: !!!!! Skipping change
01-26 14:16:34.519  1534  2191 D NetworkManagement: oldRule = 0, newRule=0 for uid=20055 on chain 2
01-26 14:16:34.519  1534  2191 D NetworkManagement: !!!!! Skipping change
01-26 14:16:34.520  1534  1534 I JobScheduler.Connectivity: evaluateStateLocked finds job JobStatus{d2d2424 #1000/52418896 android/com.android.server.backup.FullBackupJob u=0 s=1000 NET CHARGING IDLE satisfied:0x1b400003 unsatisfied:0x4} would not be ready.
01-26 14:16:34.521  1534  1534 I JobScheduler.Connectivity: evaluateStateLocked finds job JobStatus{8b3d6fd #1000/2 com.realwear.deviceagent/.metrics.MetricsCollectionJob u=0 s=1000 TIME=+23h41m36s68ms:+1d23h41m36s68ms NET PERIODIC satisfied:0x1b400000 unsatisfied:0x80000000} would not be ready.
01-26 14:16:34.521  1534  1534 D JobScheduler: No jobs pending.
01-26 14:16:34.521  1534  1534 D JobScheduler: pending queue: 0 jobs.
01-26 14:16:34.521  1534  1534 D JobScheduler.Concurrency: Pending queue: 
01-26 14:16:34.628  1534  5281 D CoreBackPreview: Window{c7b611 u0 com.realwear.wearhf}: Setting back callback OnBackInvokedCallbackInfo{mCallback=android.window.IOnBackInvokedCallback$Stub$Proxy@20dfd77, mPriority=0}
01-26 14:16:34.788  1534  2113 D BatteryService: POWER_SUPPLY_PRESENT = 1
01-26 14:16:34.788  1534  2113 D BatteryService: Missing Battery = false
01-26 14:16:34.788  1534  1904 I DropBoxManagerService: add tag=system_server_wtf isTagEnabled=true flags=0x2
01-26 14:16:34.810  1534  1904 I DropBoxManagerService: add tag=system_server_wtf isTagEnabled=true flags=0x2
01-26 14:16:35.067  1534  2273 D CoreBackPreview: Window{88480da u0 com.realwear.camera/com.realwear.camera.MainActivity}: Setting back callback null
01-26 14:16:35.073  1534  1534 D JobScheduler.Quota: Processing event 31 for <0>com.android.settings
01-26 14:16:35.080  1534  1534 D JobScheduler.Quota: Processing event 31 for <0>com.android.settings
01-26 14:16:35.092  1534  1534 D JobScheduler.Quota: Processing event 23 for <0>com.realwear.camera
01-26 14:16:36.337  1534  1534 D NotificationService: Timeout pkg=com.realwear.camera token=android.os.BinderProxy@b511b4a
01-26 14:16:36.597  1534  2797 D CoreBackPreview: Window{30da216 u0 Toast}: Setting back callback null
01-26 14:16:36.622  1534  2797 W NotificationService: Toast already killed. pkg=com.realwear.camera token=android.os.BinderProxy@b511b4a
01-26 14:16:37.994  1534  2123 D JobScheduler.Background: Job status updated: 0/0 checked/total jobs, 1 us
01-26 14:16:37.994  1534  1534 D JobScheduler.Quota: 10032 is now out of grace period
01-26 14:16:37.994  1534  1534 D JobScheduler.DeviceIdle: uid 10032 going inactive
01-26 14:16:37.994  1534  1534 D JobScheduler: pending queue: 0 jobs.
01-26 14:16:37.994  1534  1534 D JobScheduler.Concurrency: Pending queue: 
01-26 14:16:37.994  1534  1534 D JobScheduler: pending queue: 0 jobs.
01-26 14:16:37.994  1534  1534 D JobScheduler.Concurrency: Pending queue: 
01-26 14:16:38.146  1534  3199 E TaskPersister: File error accessing recents directory (directory doesn't exist?).
01-26 14:16:38.288  1534  5281 D CoreBackPreview: Window{c7b611 u0 com.realwear.wearhf}: Setting back callback null
01-26 14:16:39.146  2292  2292 D PowerUI : buckets   .....25 .. 20 .. 10
01-26 14:16:39.146  2292  2292 D PowerUI : level          96 --> 96
01-26 14:16:39.146  2292  2292 D PowerUI : status         5 --> 5
01-26 14:16:39.146  2292  2292 D PowerUI : plugType       1 --> 1
01-26 14:16:39.146  2292  2292 D PowerUI : invalidCharger 0 --> 0
01-26 14:16:39.146  2292  2292 D PowerUI : bucket         1 --> 1
01-26 14:16:39.146  2292  2292 D PowerUI : plugged        true --> true
01-26 14:16:39.395  1534  2113 D BatteryService: POWER_SUPPLY_PRESENT = 1
01-26 14:16:39.395  1534  2113 D BatteryService: Missing Battery = false
01-26 14:16:39.726  1534  1534 D JobScheduler.Quota: 10138 is now out of grace period
01-26 14:16:39.726  1534  1534 E JobScheduler.Quota: maybeScheduleStartAlarmLocked called for <0>com.android.permissioncontroller even though it already has 600000ms in its quota.
01-26 14:16:39.726  1534  1534 D JobScheduler.Quota: Checking pkg <0>com.android.permissioncontroller
01-26 14:16:40.607  1534  2123 D JobScheduler.Background: Job status updated: 2/2 checked/total jobs, 33 us
01-26 14:16:40.607  1534  1534 D JobScheduler.DeviceIdle: uid 10138 going inactive
01-26 14:16:40.607  1534  1534 D JobScheduler: pending queue: 0 jobs.
01-26 14:16:40.607  1534  1534 D JobScheduler.Concurrency: Pending queue: 
01-26 14:16:40.607  1534  1534 D JobScheduler: pending queue: 0 jobs.
01-26 14:16:40.607  1534  1534 D JobScheduler.Concurrency: Pending queue: 
01-26 14:16:40.607  1534  1534 D JobScheduler: MSG_CHECK_CHANGED_JOB_LIST
01-26 14:16:40.607  1534  1534 D JobScheduler: Check changed jobs...
01-26 14:16:40.608  1534  1534 D JobScheduler: maybeQueueReadyJobsForExecutionLocked: Not running anything.
01-26 14:16:40.608  1534  1534 D JobScheduler: pending queue: 0 jobs.
01-26 14:16:40.608  1534  1534 D JobScheduler.Concurrency: Pending queue: 
01-26 14:16:44.003  1534  2113 D BatteryService: POWER_SUPPLY_PRESENT = 1
01-26 14:16:44.004  1534  2113 D BatteryService: Missing Battery = false
01-26 14:16:45.896  1534  2273 I ActivityTaskManager: START u0 {act=android.media.action.IMAGE_CAPTURE cmp=com.realwear.camera/.MainActivity} from uid 10242
01-26 14:16:45.917  1534  2273 I ActivityTaskManager: The Process com.realwear.camera Already Exists in BG. So sending its PID: 3418
01-26 14:16:45.918  1534  2273 W ActivityTaskManager: Tried to set launchTime (0) < mLastActivityLaunchTime (1111429)
01-26 14:16:45.918  1534  1534 D JobScheduler.Quota: Processing event 2 for <0>com.realwear.imagettext
01-26 14:16:45.918  1534  1534 D JobScheduler.Quota: Crediting <0>com.realwear.imagettext 10000ms for 1 time chunks
01-26 14:16:45.918  1534  1534 D JobScheduler.Quota: debits overflowed by -10000
01-26 14:16:45.921  1534  2191 D NetworkPolicy: metered-allowlist for 10055 changed to true
01-26 14:16:45.921  1534  2191 D NetworkPolicy: metered-allowlist for 20055 changed to true
01-26 14:16:45.921  1534  2191 D NetworkManagement: oldRule = 0, newRule=0 for uid=10055 on chain 2
01-26 14:16:45.921  1534  2191 D NetworkManagement: !!!!! Skipping change
01-26 14:16:45.921  1534  2191 D NetworkManagement: oldRule = 0, newRule=0 for uid=20055 on chain 2
01-26 14:16:45.921  1534  2191 D NetworkManagement: !!!!! Skipping change
01-26 14:16:45.927  1534  1856 D OomAdjuster: App adj change from cached state to fg state : 3418 com.realwear.camera
01-26 14:16:45.929  1534  1534 D JobScheduler: UID 10055 bias changed from 0 to 40
01-26 14:16:45.929  1534  1534 D JobScheduler.Battery: maybeReportNewChargingStateLocked: true/true/true
01-26 14:16:45.929  1534  1534 D JobScheduler: pending queue: 0 jobs.
01-26 14:16:45.929  1534  1534 D JobScheduler.Concurrency: Pending queue: 
01-26 14:16:45.929  1534  1534 D JobScheduler: MSG_CHECK_JOB_GREEDY
01-26 14:16:45.929  1534  1534 D JobScheduler: queuing all ready jobs for execution:
01-26 14:16:45.929  1534  1534 I JobScheduler.Connectivity: evaluateStateLocked finds job JobStatus{e3fc1c0 #u0a115/124 com.android.remoteprovisioner/androidx.work.impl.background.systemjob.SystemJobService u=0 s=10115 TIME=+23h41m22s509ms:none NET satisfied:0x1b400000 unsatisfied:0x80000000} would not be ready.
01-26 14:16:45.929  1534  1534 I JobScheduler.Connectivity: evaluateStateLocked finds job JobStatus{624d787 #u0a100/100 com.realwear.fota/.manager.JobScheduleManager u=0 s=10100 TIME=+3m39s551ms:+23h58m39s551ms NET PERSISTED satisfied:0x1b400000 unsatisfied:0x80000000} would not be ready.
01-26 14:16:45.929  1534  1534 I JobScheduler.Connectivity: evaluateStateLocked finds job JobStatus{8ae2ef9 #u0a27/93 com.android.statementservice/androidx.work.impl.background.systemjob.SystemJobService u=0 s=10027 NET IDLE satisfied:0x1b400000 unsatisfied:0x4} would not be ready.
01-26 14:16:45.930  1534  1534 I JobScheduler.Connectivity: evaluateStateLocked finds job JobStatus{dc4b6cd #1000/52417896 android/com.android.server.backup.KeyValueBackupJob u=0 s=1000 TIME=+3h44m25s995ms:+23h41m17s912ms NET CHARGING satisfied:0x1b400003 unsatisfied:0x80000000} would not be ready.
01-26 14:16:45.930  1534  1534 I JobScheduler.Connectivity: evaluateStateLocked finds job JobStatus{d2d2424 #1000/52418896 android/com.android.server.backup.FullBackupJob u=0 s=1000 NET CHARGING IDLE satisfied:0x1b400003 unsatisfied:0x4} would not be ready.
01-26 14:16:45.930  1534  1534 I JobScheduler.Connectivity: evaluateStateLocked finds job JobStatus{8b3d6fd #1000/2 com.realwear.deviceagent/.metrics.MetricsCollectionJob u=0 s=1000 TIME=+23h41m24s659ms:+1d23h41m24s659ms NET PERIODIC satisfied:0x1b400000 unsatisfied:0x80000000} would not be ready.
01-26 14:16:45.930  1534  1534 D JobScheduler: No jobs pending.
01-26 14:16:45.930  1534  1534 D JobScheduler: pending queue: 0 jobs.
01-26 14:16:45.930  1534  1534 D JobScheduler.Concurrency: Pending queue: 
01-26 14:16:45.931  1534  1534 D JobScheduler.Quota: Processing event 6 for <0>com.realwear.camera
01-26 14:16:45.931  1534  1534 D JobScheduler.Quota: Processing event 6 for <0>com.realwear.deviceagent
01-26 14:16:45.936  1534  1534 D JobScheduler.Quota: Processing event 1 for <0>com.realwear.camera
01-26 14:16:45.936  1534  1534 D JobScheduler.Quota: Processing event 31 for <0>com.realwear.camera
01-26 14:16:46.228  1534  1534 D JobScheduler.Quota: Processing event 31 for <0>com.android.settings
01-26 14:16:46.228  2615  2615 W ContextImpl: Calling a method in the system process without a qualified user: android.app.ContextImpl.sendBroadcast:1189 android.content.ContextWrapper.sendBroadcast:500 android.content.ContextWrapper.sendBroadcast:500 com.android.settings.RealwearCameraGetReceiver.onReceive:78 android.app.ActivityThread.handleReceiver:4307 
01-26 14:16:46.230  1534  1904 I DropBoxManagerService: add tag=system_server_wtf isTagEnabled=true flags=0x2
01-26 14:16:46.230  1534  2273 W BroadcastQueue: Background execution not allowed: receiving Intent { act=com.android.settings.realwear_camera_GET flg=0x10 (has extras) } to com.android.settings/.RealwearCameraGetReceiver
01-26 14:16:46.240  1534  2273 W WindowManager: Failed looking up window session=Session{38a1ac9 3418:u0a10055} callers=com.android.server.wm.WindowManagerService.windowForClientLocked:6138 com.android.server.wm.Session.updateRequestedVisibilities:701 android.view.IWindowSession$Stub.onTransact:1075 
01-26 14:16:46.245  1534  3203 D CoreBackPreview: Window{e739f86 u0 com.realwear.camera/com.realwear.camera.MainActivity}: Setting back callback OnBackInvokedCallbackInfo{mCallback=android.window.IOnBackInvokedCallback$Stub$Proxy@e0b2074, mPriority=0}
01-26 14:16:46.299  1534  1534 D JobScheduler.Quota: Processing event 31 for <0>com.android.settings
01-26 14:16:46.389  1534  5281 D CoreBackPreview: Window{327e40d u0 com.realwear.wearhf}: Setting back callback OnBackInvokedCallbackInfo{mCallback=android.window.IOnBackInvokedCallback$Stub$Proxy@8a271d3, mPriority=0}
01-26 14:16:46.663  1534  1534 D JobScheduler: UID 10242 bias changed from 40 to 0
01-26 14:16:46.663  1534  1534 D JobScheduler.Battery: maybeReportNewChargingStateLocked: true/true/true
01-26 14:16:46.663  1534  1534 D JobScheduler: pending queue: 0 jobs.
01-26 14:16:46.663  1534  1534 D JobScheduler.Concurrency: Pending queue: 
01-26 14:16:46.663  1534  2191 D NetworkPolicy: metered-allowlist for 10242 changed to false
01-26 14:16:46.663  1534  1534 D JobScheduler: MSG_CHECK_JOB_GREEDY
01-26 14:16:46.663  1534  1534 D JobScheduler: queuing all ready jobs for execution:
01-26 14:16:46.663  1534  2191 D NetworkPolicy: metered-allowlist for 20242 changed to false
01-26 14:16:46.663  1534  1534 I JobScheduler.Connectivity: evaluateStateLocked finds job JobStatus{e3fc1c0 #u0a115/124 com.android.remoteprovisioner/androidx.work.impl.background.systemjob.SystemJobService u=0 s=10115 TIME=+23h41m21s775ms:none NET satisfied:0x1b400000 unsatisfied:0x80000000} would not be ready.
01-26 14:16:46.663  1534  2191 D NetworkManagement: oldRule = 0, newRule=0 for uid=10242 on chain 2
01-26 14:16:46.663  1534  2191 D NetworkManagement: !!!!! Skipping change
01-26 14:16:46.663  1534  2191 D NetworkManagement: oldRule = 0, newRule=0 for uid=20242 on chain 2
01-26 14:16:46.663  1534  2191 D NetworkManagement: !!!!! Skipping change
01-26 14:16:46.665  1534  1534 I JobScheduler.Connectivity: evaluateStateLocked finds job JobStatus{624d787 #u0a100/100 com.realwear.fota/.manager.JobScheduleManager u=0 s=10100 TIME=+3m38s817ms:+23h58m38s817ms NET PERSISTED satisfied:0x1b400000 unsatisfied:0x80000000} would not be ready.
01-26 14:16:46.665  1534  1534 I JobScheduler.Connectivity: evaluateStateLocked finds job JobStatus{8ae2ef9 #u0a27/93 com.android.statementservice/androidx.work.impl.background.systemjob.SystemJobService u=0 s=10027 NET IDLE satisfied:0x1b400000 unsatisfied:0x4} would not be ready.
01-26 14:16:46.665  1534  1534 I JobScheduler.Connectivity: evaluateStateLocked finds job JobStatus{dc4b6cd #1000/52417896 android/com.android.server.backup.KeyValueBackupJob u=0 s=1000 TIME=+3h44m25s259ms:+23h41m17s176ms NET CHARGING satisfied:0x1b400003 unsatisfied:0x80000000} would not be ready.
01-26 14:16:46.665  1534  1534 I JobScheduler.Connectivity: evaluateStateLocked finds job JobStatus{d2d2424 #1000/52418896 android/com.android.server.backup.FullBackupJob u=0 s=1000 NET CHARGING IDLE satisfied:0x1b400003 unsatisfied:0x4} would not be ready.
01-26 14:16:46.665  1534  1534 I JobScheduler.Connectivity: evaluateStateLocked finds job JobStatus{8b3d6fd #1000/2 com.realwear.deviceagent/.metrics.MetricsCollectionJob u=0 s=1000 TIME=+23h41m23s924ms:+1d23h41m23s924ms NET PERIODIC satisfied:0x1b400000 unsatisfied:0x80000000} would not be ready.
01-26 14:16:46.666  1534  1534 D JobScheduler: No jobs pending.
01-26 14:16:46.666  1534  1534 D JobScheduler: pending queue: 0 jobs.
01-26 14:16:46.666  1534  1534 D JobScheduler.Concurrency: Pending queue: 
01-26 14:16:46.715  1534  1534 D JobScheduler.Quota: Processing event 23 for <0>com.realwear.imagettext
01-26 14:16:46.731  1534  2273 E RefreshRateRange: Wrong values for min and max when initializing RefreshRateRange : 120.00001 60.0
01-26 14:16:47.339  1534  1534 D NotificationService: Kill Token Timeout token=android.os.Binder@d155abb
01-26 14:16:47.340  1534  1534 W WindowManager: removeWindowToken: Attempted to remove non-existing token: android.os.Binder@d155abb
01-26 14:16:48.366  2292  2292 D PowerUI : buckets   .....25 .. 20 .. 10
01-26 14:16:48.367  2292  2292 D PowerUI : level          96 --> 96
01-26 14:16:48.367  2292  2292 D PowerUI : status         5 --> 5
01-26 14:16:48.367  2292  2292 D PowerUI : plugType       1 --> 1
01-26 14:16:48.367  2292  2292 D PowerUI : invalidCharger 0 --> 0
01-26 14:16:48.367  2292  2292 D PowerUI : bucket         1 --> 1
01-26 14:16:48.367  2292  2292 D PowerUI : plugged        true --> true
01-26 14:16:48.611  1534  2113 D BatteryService: POWER_SUPPLY_PRESENT = 1
01-26 14:16:48.611  1534  2113 D BatteryService: Missing Battery = false
01-26 14:16:48.920  1534  3199 E TaskPersister: File error accessing recents directory (directory doesn't exist?).
01-26 14:16:49.816  1534  3203 D CoreBackPreview: Window{327e40d u0 com.realwear.wearhf}: Setting back callback null
01-26 14:16:53.220  1534  2113 D BatteryService: POWER_SUPPLY_PRESENT = 1
01-26 14:16:53.220  1534  2113 D BatteryService: Missing Battery = false
01-26 14:16:57.583  2292  2292 D PowerUI : buckets   .....25 .. 20 .. 10
01-26 14:16:57.583  2292  2292 D PowerUI : level          96 --> 96
01-26 14:16:57.583  2292  2292 D PowerUI : status         5 --> 5
01-26 14:16:57.583  2292  2292 D PowerUI : plugType       1 --> 1
01-26 14:16:57.583  2292  2292 D PowerUI : invalidCharger 0 --> 0
01-26 14:16:57.583  2292  2292 D PowerUI : bucket         1 --> 1
01-26 14:16:57.583  2292  2292 D PowerUI : plugged        true --> true
01-26 14:16:57.593  1534  1899 D CompatibilityChangeReporter: Compat change id reported: 171306433; UID 1000; state: ENABLED
01-26 14:16:57.593  1534  1899 D CompatibilityChangeReporter: Compat change id reported: 218533173; UID 1000; state: ENABLED
01-26 14:16:57.602  1534  1899 D IntervalStats: Unable to parse usage stats packages: [223, 225, 226, 227, 228, 229, 230, 231]
01-26 14:16:57.604  1534  1534 D JobScheduler.Prefetch: Estimated launch time for <0>com.android.packageinstaller changed to 1769408218885 (+1s281ms from now)
01-26 14:16:57.604  1534  1534 I JobScheduler.Prefetch: Not caching launch time since we haven't seen any prefetch jobs for <0>com.android.packageinstaller
01-26 14:16:57.831  1534  2113 D BatteryService: POWER_SUPPLY_PRESENT = 1
01-26 14:16:57.832  1534  2113 D BatteryService: Missing Battery = false
01-26 14:16:58.896  1534  1534 D JobScheduler.Prefetch: Estimated launch time for <0>com.android.packageinstaller changed to 1770012677508 (+6d23h54m18s612ms from now)
01-26 14:16:58.896  1534  1534 I JobScheduler.Prefetch: Not caching launch time since we haven't seen any prefetch jobs for <0>com.android.packageinstaller
01-26 14:17:02.436  1534  2113 D BatteryService: POWER_SUPPLY_PRESENT = 1
01-26 14:17:02.436  1534  2113 D BatteryService: Missing Battery = false
01-26 14:17:05.853  1534  3203 I NotificationService: enqueueToast pkg=com.realwear.camera token=android.os.BinderProxy@f906134 duration=0 displayId=0
01-26 14:17:05.857  1534  3203 D NotificationService: Show pkg=com.realwear.camera text=Image saved
01-26 14:17:05.877  1534  3203 D CoreBackPreview: Window{e6c5ca0 u0 Toast}: Setting back callback OnBackInvokedCallbackInfo{mCallback=android.window.IOnBackInvokedCallback$Stub$Proxy@b46541e, mPriority=0}
01-26 14:17:06.179  1534  1534 D JobScheduler.Quota: Processing event 31 for <0>com.android.settings
01-26 14:17:06.184  1534  2191 D NetworkPolicy: metered-allowlist for 10242 changed to true
01-26 14:17:06.184  1534  2191 D NetworkPolicy: metered-allowlist for 20242 changed to true
01-26 14:17:06.185  1534  2191 D NetworkManagement: oldRule = 0, newRule=0 for uid=10242 on chain 2
01-26 14:17:06.185  1534  2191 D NetworkManagement: !!!!! Skipping change
01-26 14:17:06.185  1534  2191 D NetworkManagement: oldRule = 0, newRule=0 for uid=20242 on chain 2
01-26 14:17:06.185  1534  2191 D NetworkManagement: !!!!! Skipping change
01-26 14:17:06.191  1534  1534 D JobScheduler.Quota: Processing event 2 for <0>com.realwear.camera
01-26 14:17:06.191  1534  1534 D JobScheduler.Quota: Crediting <0>com.realwear.camera 10000ms for 1 time chunks
01-26 14:17:06.191  1534  1534 D JobScheduler.Quota: debits overflowed by -10000
01-26 14:17:06.196  1534  1534 D JobScheduler.Quota: Processing event 1 for <0>com.realwear.imagettext
01-26 14:17:06.196  1534  1534 D JobScheduler.Quota: Processing event 31 for <0>com.realwear.imagettext
01-26 14:17:06.199  1534  1534 D JobScheduler.Quota: Processing event 6 for <0>com.realwear.imagettext
01-26 14:17:06.211  1534  1534 D JobScheduler: UID 10242 bias changed from 0 to 40
01-26 14:17:06.211  1534  1534 D JobScheduler.Battery: maybeReportNewChargingStateLocked: true/true/true
01-26 14:17:06.211  1534  1534 D JobScheduler: pending queue: 0 jobs.
01-26 14:17:06.211  1534  1534 D JobScheduler.Concurrency: Pending queue: 
01-26 14:17:06.212  1534  1534 D JobScheduler: MSG_CHECK_JOB_GREEDY
01-26 14:17:06.212  1534  1534 D JobScheduler: queuing all ready jobs for execution:
01-26 14:17:06.212  1534  1534 I JobScheduler.Connectivity: evaluateStateLocked finds job JobStatus{e3fc1c0 #u0a115/124 com.android.remoteprovisioner/androidx.work.impl.background.systemjob.SystemJobService u=0 s=10115 TIME=+23h41m2s226ms:none NET satisfied:0x1b400000 unsatisfied:0x80000000} would not be ready.
01-26 14:17:06.212  1534  1534 I JobScheduler.Connectivity: evaluateStateLocked finds job JobStatus{624d787 #u0a100/100 com.realwear.fota/.manager.JobScheduleManager u=0 s=10100 TIME=+3m19s268ms:+23h58m19s268ms NET PERSISTED satisfied:0x1b400000 unsatisfied:0x80000000} would not be ready.
01-26 14:17:06.212  1534  1534 I JobScheduler.Connectivity: evaluateStateLocked finds job JobStatus{8ae2ef9 #u0a27/93 com.android.statementservice/androidx.work.impl.background.systemjob.SystemJobService u=0 s=10027 NET IDLE satisfied:0x1b400000 unsatisfied:0x4} would not be ready.
01-26 14:17:06.213  1534  1534 I JobScheduler.Connectivity: evaluateStateLocked finds job JobStatus{dc4b6cd #1000/52417896 android/com.android.server.backup.KeyValueBackupJob u=0 s=1000 TIME=+3h44m5s712ms:+23h40m57s629ms NET CHARGING satisfied:0x1b400003 unsatisfied:0x80000000} would not be ready.
01-26 14:17:06.213  1534  1534 I JobScheduler.Connectivity: evaluateStateLocked finds job JobStatus{d2d2424 #1000/52418896 android/com.android.server.backup.FullBackupJob u=0 s=1000 NET CHARGING IDLE satisfied:0x1b400003 unsatisfied:0x4} would not be ready.
01-26 14:17:06.213  1534  1534 I JobScheduler.Connectivity: evaluateStateLocked finds job JobStatus{8b3d6fd #1000/2 com.realwear.deviceagent/.metrics.MetricsCollectionJob u=0 s=1000 TIME=+23h41m4s376ms:+1d23h41m4s376ms NET PERIODIC satisfied:0x1b400000 unsatisfied:0x80000000} would not be ready.
01-26 14:17:06.213  1534  1534 D JobScheduler: No jobs pending.
01-26 14:17:06.213  1534  1534 D JobScheduler: pending queue: 0 jobs.
01-26 14:17:06.213  1534  1534 D JobScheduler.Concurrency: Pending queue: 
01-26 14:17:06.338  1534  2191 D NetworkPolicy: metered-allowlist for 10055 changed to false
01-26 14:17:06.338  1534  2191 D NetworkPolicy: metered-allowlist for 20055 changed to false
01-26 14:17:06.338  1534  2191 D NetworkManagement: oldRule = 0, newRule=0 for uid=10055 on chain 2
01-26 14:17:06.338  1534  2191 D NetworkManagement: !!!!! Skipping change
01-26 14:17:06.338  1534  2191 D NetworkManagement: oldRule = 0, newRule=0 for uid=20055 on chain 2
01-26 14:17:06.338  1534  2191 D NetworkManagement: !!!!! Skipping change
01-26 14:17:06.339  1534  1534 D JobScheduler: UID 10055 bias changed from 40 to 0
01-26 14:17:06.339  1534  1534 D JobScheduler.Battery: maybeReportNewChargingStateLocked: true/true/true
01-26 14:17:06.339  1534  1534 D JobScheduler: pending queue: 0 jobs.
01-26 14:17:06.340  1534  1534 D JobScheduler.Concurrency: Pending queue: 
01-26 14:17:06.340  1534  1534 D JobScheduler: MSG_CHECK_JOB_GREEDY
01-26 14:17:06.340  1534  1534 D JobScheduler: queuing all ready jobs for execution:
01-26 14:17:06.340  1534  1534 I JobScheduler.Connectivity: evaluateStateLocked finds job JobStatus{e3fc1c0 #u0a115/124 com.android.remoteprovisioner/androidx.work.impl.background.systemjob.SystemJobService u=0 s=10115 TIME=+23h41m2s98ms:none NET satisfied:0x1b400000 unsatisfied:0x80000000} would not be ready.
01-26 14:17:06.340  1534  1534 I JobScheduler.Connectivity: evaluateStateLocked finds job JobStatus{624d787 #u0a100/100 com.realwear.fota/.manager.JobScheduleManager u=0 s=10100 TIME=+3m19s140ms:+23h58m19s140ms NET PERSISTED satisfied:0x1b400000 unsatisfied:0x80000000} would not be ready.
01-26 14:17:06.340  1534  1534 I JobScheduler.Connectivity: evaluateStateLocked finds job JobStatus{8ae2ef9 #u0a27/93 com.android.statementservice/androidx.work.impl.background.systemjob.SystemJobService u=0 s=10027 NET IDLE satisfied:0x1b400000 unsatisfied:0x4} would not be ready.
01-26 14:17:06.340  1534  1534 I JobScheduler.Connectivity: evaluateStateLocked finds job JobStatus{dc4b6cd #1000/52417896 android/com.android.server.backup.KeyValueBackupJob u=0 s=1000 TIME=+3h44m5s584ms:+23h40m57s501ms NET CHARGING satisfied:0x1b400003 unsatisfied:0x80000000} would not be ready.
01-26 14:17:06.341  1534  1534 I JobScheduler.Connectivity: evaluateStateLocked finds job JobStatus{d2d2424 #1000/52418896 android/com.android.server.backup.FullBackupJob u=0 s=1000 NET CHARGING IDLE satisfied:0x1b400003 unsatisfied:0x4} would not be ready.
01-26 14:17:06.341  1534  1534 I JobScheduler.Connectivity: evaluateStateLocked finds job JobStatus{8b3d6fd #1000/2 com.realwear.deviceagent/.metrics.MetricsCollectionJob u=0 s=1000 TIME=+23h41m4s248ms:+1d23h41m4s248ms NET PERIODIC satisfied:0x1b400000 unsatisfied:0x80000000} would not be ready.
01-26 14:17:06.341  1534  1534 D JobScheduler: No jobs pending.
01-26 14:17:06.341  1534  1534 D JobScheduler: pending queue: 0 jobs.
01-26 14:17:06.341  1534  1534 D JobScheduler.Concurrency: Pending queue: 
01-26 14:17:06.550  1534  5526 D CoreBackPreview: Window{6bb8c32 u0 com.realwear.wearhf}: Setting back callback OnBackInvokedCallbackInfo{mCallback=android.window.IOnBackInvokedCallback$Stub$Proxy@4c2ab00, mPriority=0}
01-26 14:17:06.799  2292  2292 D PowerUI : buckets   .....25 .. 20 .. 10
01-26 14:17:06.799  2292  2292 D PowerUI : level          96 --> 96
01-26 14:17:06.799  2292  2292 D PowerUI : status         5 --> 5
01-26 14:17:06.799  2292  2292 D PowerUI : plugType       1 --> 1
01-26 14:17:06.800  2292  2292 D PowerUI : invalidCharger 0 --> 0
01-26 14:17:06.800  2292  2292 D PowerUI : bucket         1 --> 1
01-26 14:17:06.800  2292  2292 D PowerUI : plugged        true --> true
01-26 14:17:06.997  1534  1534 D JobScheduler.Quota: Processing event 31 for <0>com.android.settings
01-26 14:17:07.004  1534  1534 D JobScheduler.Quota: Processing event 31 for <0>com.android.settings
01-26 14:17:07.008  1534  5526 D CoreBackPreview: Window{e739f86 u0 com.realwear.camera/com.realwear.camera.MainActivity}: Setting back callback null
01-26 14:17:07.020  1534  1534 D JobScheduler.Quota: Processing event 23 for <0>com.realwear.camera
01-26 14:17:07.044  1534  2113 D BatteryService: POWER_SUPPLY_PRESENT = 1
01-26 14:17:07.045  1534  2113 D BatteryService: Missing Battery = false
01-26 14:17:08.190  1534  1534 D NotificationService: Timeout pkg=com.realwear.camera token=android.os.BinderProxy@f906134
01-26 14:17:08.446  1534  5526 D CoreBackPreview: Window{e6c5ca0 u0 Toast}: Setting back callback null
01-26 14:17:08.470  1534  5281 W NotificationService: Toast already killed. pkg=com.realwear.camera token=android.os.BinderProxy@f906134
01-26 14:17:09.689  2292  2292 D VRI[StatusBar]: updatePointerIcon called with position out of bounds
01-26 14:17:09.695  2292  2292 D VRI[StatusBar]: updatePointerIcon called with position out of bounds
01-26 14:17:09.868  1534  5281 D CoreBackPreview: Window{6bb8c32 u0 com.realwear.wearhf}: Setting back callback null
01-26 14:17:10.027  1534  3199 E TaskPersister: File error accessing recents directory (directory doesn't exist?).
01-26 14:17:10.665  1534  1534 D JobScheduler.Quota: 10242 is still allowed
01-26 14:17:10.701  1534  2797 I NotificationService: enqueueToast pkg=com.realwear.imagettext token=android.os.BinderProxy@8ab6dcf duration=0 displayId=0
01-26 14:17:10.702  1534  2797 D NotificationService: Show pkg=com.realwear.imagettext text=Entry saved!
01-26 14:17:10.703  1534  1948 D KernelCpuUidUserSysTimeReader: Removing uids 10241-10241
01-26 14:17:10.747  1534  2273 D CoreBackPreview: Window{994f948 u0 Toast}: Setting back callback OnBackInvokedCallbackInfo{mCallback=android.window.IOnBackInvokedCallback$Stub$Proxy@c9147c7, mPriority=0}
01-26 14:17:11.651  1534  2113 D BatteryService: POWER_SUPPLY_PRESENT = 1
01-26 14:17:11.651  1534  2113 D BatteryService: Missing Battery = false
01-26 14:17:13.037  1534  1534 D NotificationService: Timeout pkg=com.realwear.imagettext token=android.os.BinderProxy@8ab6dcf
01-26 14:17:13.307  1534  5281 D CoreBackPreview: Window{994f948 u0 Toast}: Setting back callback null
01-26 14:17:13.335  1534  5526 W NotificationService: Toast already killed. pkg=com.realwear.imagettext token=android.os.BinderProxy@8ab6dcf
01-26 14:17:13.878  1534  5526 D CoreBackPreview: Window{ed68e19 u0 com.realwear.imagettext/com.realwear.imagettext.MainActivity}: Setting back callback OnBackInvokedCallbackInfo{mCallback=android.window.IOnBackInvokedCallback$Stub$Proxy@5b8f2d5, mPriority=0}
01-26 14:17:13.990  1534  5281 D CoreBackPreview: Window{a202a90 u0 com.realwear.wearhf}: Setting back callback OnBackInvokedCallbackInfo{mCallback=android.window.IOnBackInvokedCallback$Stub$Proxy@3c82b8e, mPriority=0}
01-26 14:17:14.895  1534  3203 D CoreBackPreview: Window{ed68e19 u0 com.realwear.imagettext/com.realwear.imagettext.MainActivity}: Setting back callback null
01-26 14:17:16.005  1205  2082 D storaged: getDiskStats is not supported on health HAL.
01-26 14:17:16.014  2292  2292 D PowerUI : buckets   .....25 .. 20 .. 10
01-26 14:17:16.014  2292  2292 D PowerUI : level          96 --> 96
01-26 14:17:16.014  2292  2292 D PowerUI : status         5 --> 5
01-26 14:17:16.014  2292  2292 D PowerUI : plugType       1 --> 1
01-26 14:17:16.014  2292  2292 D PowerUI : invalidCharger 0 --> 0
01-26 14:17:16.014  2292  2292 D PowerUI : bucket         1 --> 1
01-26 14:17:16.014  2292  2292 D PowerUI : plugged        true --> true
01-26 14:17:16.259  1534  2113 D BatteryService: POWER_SUPPLY_PRESENT = 1
01-26 14:17:16.259  1534  2113 D BatteryService: Missing Battery = false
01-26 14:17:16.271  1534  5281 D CoreBackPreview: Window{f5c943e u0 com.realwear.imagettext/com.realwear.imagettext.MainActivity}: Setting back callback OnBackInvokedCallbackInfo{mCallback=android.window.IOnBackInvokedCallback$Stub$Proxy@689b64a, mPriority=0}
01-26 14:17:17.531  1534  5526 D CoreBackPreview: Window{f5c943e u0 com.realwear.imagettext/com.realwear.imagettext.MainActivity}: Setting back callback null
01-26 14:17:18.190  1534  5281 I ActivityTaskManager: START u0 {act=android.media.action.IMAGE_CAPTURE cmp=com.realwear.camera/.MainActivity} from uid 10242
01-26 14:17:18.211  1534  2273 I ActivityTaskManager: The Process com.realwear.camera Already Exists in BG. So sending its PID: 3418
01-26 14:17:18.211  1534  2273 W ActivityTaskManager: Tried to set launchTime (0) < mLastActivityLaunchTime (1147807)
01-26 14:17:18.211  1534  1534 D JobScheduler.Quota: Processing event 2 for <0>com.realwear.imagettext
01-26 14:17:18.211  1534  1534 D JobScheduler.Quota: Crediting <0>com.realwear.imagettext 10000ms for 1 time chunks
01-26 14:17:18.212  1534  1534 D JobScheduler.Quota: debits overflowed by -10000
01-26 14:17:18.216  1534  2191 D NetworkPolicy: metered-allowlist for 10055 changed to true
01-26 14:17:18.216  1534  2191 D NetworkPolicy: metered-allowlist for 20055 changed to true
01-26 14:17:18.216  1534  2191 D NetworkManagement: oldRule = 0, newRule=0 for uid=10055 on chain 2
01-26 14:17:18.216  1534  2191 D NetworkManagement: !!!!! Skipping change
01-26 14:17:18.216  1534  2191 D NetworkManagement: oldRule = 0, newRule=0 for uid=20055 on chain 2
01-26 14:17:18.216  1534  2191 D NetworkManagement: !!!!! Skipping change
01-26 14:17:18.220  1534  1856 D OomAdjuster: App adj change from cached state to fg state : 3418 com.realwear.camera
01-26 14:17:18.221  1534  1534 D JobScheduler: UID 10055 bias changed from 0 to 40
01-26 14:17:18.221  1534  1534 D JobScheduler.Battery: maybeReportNewChargingStateLocked: true/true/true
01-26 14:17:18.221  1534  1534 D JobScheduler: pending queue: 0 jobs.
01-26 14:17:18.221  1534  1534 D JobScheduler.Concurrency: Pending queue: 
01-26 14:17:18.221  1534  1534 D JobScheduler: MSG_CHECK_JOB_GREEDY
01-26 14:17:18.221  1534  1534 D JobScheduler: queuing all ready jobs for execution:
01-26 14:17:18.221  1534  1534 I JobScheduler.Connectivity: evaluateStateLocked finds job JobStatus{e3fc1c0 #u0a115/124 com.android.remoteprovisioner/androidx.work.impl.background.systemjob.SystemJobService u=0 s=10115 TIME=+23h40m50s217ms:none NET satisfied:0x1b400000 unsatisfied:0x80000000} would not be ready.
