01-26 14:24:11.075  1534  2113 D BatteryService: Missing Battery = false
01-26 14:24:15.683  1534  2113 D BatteryService: POWER_SUPPLY_PRESENT = 1
01-26 14:24:15.683  1534  2113 D BatteryService: Missing Battery = false
01-26 14:24:16.132  1534  1534 D JobScheduler: UID 10037 bias changed from 30 to 0
01-26 14:24:16.132  1534  1534 D JobScheduler: pending queue: 0 jobs.
01-26 14:24:16.132  1534  1534 D JobScheduler.Concurrency: Pending queue: 
01-26 14:24:16.132  1534  2191 D NetworkPolicy: metered-allowlist for 10037 changed to false
01-26 14:24:16.133  1534  2191 D NetworkPolicy: metered-allowlist for 20037 changed to false
01-26 14:24:16.133  1534  2191 D NetworkManagement: oldRule = 0, newRule=0 for uid=10037 on chain 2
01-26 14:24:16.133  1534  2191 D NetworkManagement: !!!!! Skipping change
01-26 14:24:16.133  1534  2191 D NetworkManagement: oldRule = 0, newRule=0 for uid=20037 on chain 2
01-26 14:24:16.133  1534  2191 D NetworkManagement: !!!!! Skipping change
01-26 14:24:16.175  1534  3203 D CoreBackPreview: Window{47d34a3 u0 com.realwear.imagettext/com.realwear.imagettext.MainActivity}: Setting back callback OnBackInvokedCallbackInfo{mCallback=android.window.IOnBackInvokedCallback$Stub$Proxy@27e4fe9, mPriority=0}
01-26 14:24:16.591  1534  2797 D CoreBackPreview: Window{1c6c39c u0 com.realwear.wearhf}: Setting back callback OnBackInvokedCallbackInfo{mCallback=android.window.IOnBackInvokedCallback$Stub$Proxy@c6297a, mPriority=0}
01-26 14:24:19.674  1534  2797 D CoreBackPreview: Window{1c6c39c u0 com.realwear.wearhf}: Setting back callback null
01-26 14:24:19.854  2292  2292 D PowerUI : buckets   .....25 .. 20 .. 10
01-26 14:24:19.855  2292  2292 D PowerUI : level          96 --> 96
01-26 14:24:19.855  2292  2292 D PowerUI : status         5 --> 5
01-26 14:24:19.855  2292  2292 D PowerUI : plugType       1 --> 1
01-26 14:24:19.855  2292  2292 D PowerUI : invalidCharger 0 --> 0
01-26 14:24:19.855  2292  2292 D PowerUI : bucket         1 --> 1
01-26 14:24:19.855  2292  2292 D PowerUI : plugged        true --> true
01-26 14:24:20.323  1534  2113 D BatteryService: POWER_SUPPLY_PRESENT = 1
01-26 14:24:20.323  1534  2113 D BatteryService: Missing Battery = false
01-26 14:24:20.546  2292  2292 D VRI[StatusBar]: updatePointerIcon called with position out of bounds
01-26 14:24:20.554  2292  2292 D VRI[StatusBar]: updatePointerIcon called with position out of bounds
01-26 14:24:24.226  1534  2358 D CoreBackPreview: Window{b7bdf9e u0 com.realwear.wearhf}: Setting back callback null
01-26 14:24:24.931  1534  2113 D BatteryService: POWER_SUPPLY_PRESENT = 1
01-26 14:24:24.932  1534  2113 D BatteryService: Missing Battery = false
01-26 14:24:29.543  1534  2113 D BatteryService: POWER_SUPPLY_PRESENT = 1
01-26 14:24:29.543  1534  2113 D BatteryService: Missing Battery = false
01-26 14:24:34.147  1534  2113 D BatteryService: POWER_SUPPLY_PRESENT = 1
01-26 14:24:34.147  1534  2113 D BatteryService: Missing Battery = false
01-26 14:24:38.757  1534  2113 D BatteryService: POWER_SUPPLY_PRESENT = 1
01-26 14:24:38.757  1534  2113 D BatteryService: Missing Battery = false
01-26 14:24:43.363  1534  2113 D BatteryService: POWER_SUPPLY_PRESENT = 1
01-26 14:24:43.363  1534  2113 D BatteryService: Missing Battery = false
01-26 14:24:47.972  1534  2113 D BatteryService: POWER_SUPPLY_PRESENT = 1
01-26 14:24:47.972  1534  2113 D BatteryService: Missing Battery = false
01-26 14:24:52.579  1534  2113 D BatteryService: POWER_SUPPLY_PRESENT = 1
01-26 14:24:52.580  1534  2113 D BatteryService: Missing Battery = false
01-26 14:24:56.739  1205  2082 D storaged: getDiskStats is not supported on health HAL.
01-26 14:24:56.753  1534  2358 D CoreBackPreview: Window{91c6dd2 u0 com.realwear.wearhf}: Setting back callback OnBackInvokedCallbackInfo{mCallback=android.window.IOnBackInvokedCallback$Stub$Proxy@d7975a0, mPriority=0}
01-26 14:24:57.187  1534  2113 D BatteryService: POWER_SUPPLY_PRESENT = 1
01-26 14:24:57.187  1534  2113 D BatteryService: Missing Battery = false
01-26 14:25:01.796  1534  2113 D BatteryService: POWER_SUPPLY_PRESENT = 1
01-26 14:25:01.796  1534  2113 D BatteryService: Missing Battery = false
01-26 14:25:06.403  1534  2113 D BatteryService: POWER_SUPPLY_PRESENT = 1
01-26 14:25:06.403  1534  2113 D BatteryService: Missing Battery = false
01-26 14:25:11.011  1534  2113 D BatteryService: POWER_SUPPLY_PRESENT = 1
01-26 14:25:11.011  1534  2113 D BatteryService: Missing Battery = false
01-26 14:25:15.146  2292  2292 D PowerUI : buckets   .....25 .. 20 .. 10
01-26 14:25:15.146  2292  2292 D PowerUI : level          96 --> 96
01-26 14:25:15.146  2292  2292 D PowerUI : status         5 --> 5
01-26 14:25:15.146  2292  2292 D PowerUI : plugType       1 --> 1
01-26 14:25:15.146  2292  2292 D PowerUI : invalidCharger 0 --> 0
01-26 14:25:15.146  2292  2292 D PowerUI : bucket         1 --> 1
01-26 14:25:15.146  2292  2292 D PowerUI : plugged        true --> true
01-26 14:25:15.620  1534  2113 D BatteryService: POWER_SUPPLY_PRESENT = 1
01-26 14:25:15.620  1534  2113 D BatteryService: Missing Battery = false
01-26 14:25:20.227  1534  2113 D BatteryService: POWER_SUPPLY_PRESENT = 1
01-26 14:25:20.227  1534  2113 D BatteryService: Missing Battery = false
01-26 14:25:24.395  2292  2292 D PowerUI : buckets   .....25 .. 20 .. 10
01-26 14:25:24.395  2292  2292 D PowerUI : level          96 --> 96
01-26 14:25:24.395  2292  2292 D PowerUI : status         5 --> 5
01-26 14:25:24.395  2292  2292 D PowerUI : plugType       1 --> 1
01-26 14:25:24.395  2292  2292 D PowerUI : invalidCharger 0 --> 0
01-26 14:25:24.396  2292  2292 D PowerUI : bucket         1 --> 1
01-26 14:25:24.396  2292  2292 D PowerUI : plugged        true --> true
01-26 14:25:24.867  1534  2113 D BatteryService: POWER_SUPPLY_PRESENT = 1
01-26 14:25:24.868  1534  2113 D BatteryService: Missing Battery = false
01-26 14:25:29.475  1534  2113 D BatteryService: POWER_SUPPLY_PRESENT = 1
01-26 14:25:29.475  1534  2113 D BatteryService: Missing Battery = false
01-26 14:25:34.083  1534  2113 D BatteryService: POWER_SUPPLY_PRESENT = 1
01-26 14:25:34.083  1534  2113 D BatteryService: Missing Battery = false
01-26 14:25:38.723  1534  2113 D BatteryService: POWER_SUPPLY_PRESENT = 1
01-26 14:25:38.723  1534  2113 D BatteryService: Missing Battery = false
01-26 14:25:43.333  1534  2113 D BatteryService: POWER_SUPPLY_PRESENT = 1
01-26 14:25:43.333  1534  2113 D BatteryService: Missing Battery = false
01-26 14:25:47.939  1534  2113 D BatteryService: POWER_SUPPLY_PRESENT = 1
01-26 14:25:47.940  1534  2113 D BatteryService: Missing Battery = false
01-26 14:25:52.548  1534  2113 D BatteryService: POWER_SUPPLY_PRESENT = 1
01-26 14:25:52.548  1534  2113 D BatteryService: Missing Battery = false
01-26 14:25:57.156  1534  2113 D BatteryService: POWER_SUPPLY_PRESENT = 1
01-26 14:25:57.156  1534  2113 D BatteryService: Missing Battery = false
01-26 14:26:01.764  1534  2113 D BatteryService: POWER_SUPPLY_PRESENT = 1
01-26 14:26:01.764  1534  2113 D BatteryService: Missing Battery = false
01-26 14:26:06.372  1534  2113 D BatteryService: POWER_SUPPLY_PRESENT = 1
01-26 14:26:06.372  1534  2113 D BatteryService: Missing Battery = false
01-26 14:26:10.505  2292  2292 D PowerUI : buckets   .....25 .. 20 .. 10
01-26 14:26:10.505  2292  2292 D PowerUI : level          96 --> 96
01-26 14:26:10.505  2292  2292 D PowerUI : status         5 --> 5
01-26 14:26:10.505  2292  2292 D PowerUI : plugType       1 --> 1
01-26 14:26:10.505  2292  2292 D PowerUI : invalidCharger 0 --> 0
01-26 14:26:10.505  2292  2292 D PowerUI : bucket         1 --> 1
01-26 14:26:10.505  2292  2292 D PowerUI : plugged        true --> true
01-26 14:26:10.979  1534  2113 D BatteryService: POWER_SUPPLY_PRESENT = 1
01-26 14:26:10.979  1534  2113 D BatteryService: Missing Battery = false
01-26 14:26:15.587  1534  2113 D BatteryService: POWER_SUPPLY_PRESENT = 1
01-26 14:26:15.587  1534  2113 D BatteryService: Missing Battery = false
01-26 14:26:20.195  1534  2113 D BatteryService: POWER_SUPPLY_PRESENT = 1
01-26 14:26:20.195  1534  2113 D BatteryService: Missing Battery = false
01-26 14:26:21.626  1534  3203 D CoreBackPreview: Window{aaf951e u0 com.realwear.imagettext/com.realwear.imagettext.MainActivity}: Setting back callback OnBackInvokedCallbackInfo{mCallback=android.window.IOnBackInvokedCallback$Stub$Proxy@9bbe52a, mPriority=0}
01-26 14:26:21.746  1534  5067 D CoreBackPreview: Window{156c693 u0 com.realwear.wearhf}: Setting back callback OnBackInvokedCallbackInfo{mCallback=android.window.IOnBackInvokedCallback$Stub$Proxy@2edf6c9, mPriority=0}
01-26 14:26:21.974  1534  5067 D CoreBackPreview: Window{91c6dd2 u0 com.realwear.wearhf}: Setting back callback null
01-26 14:26:22.194  5537  5537 D VRI[MainActivity]: updatePointerIcon called with position out of bounds
01-26 14:26:22.196  5537  5537 D VRI[MainActivity]: updatePointerIcon called with position out of bounds
01-26 14:26:22.204  5537  5537 D VRI[MainActivity]: updatePointerIcon called with position out of bounds
01-26 14:26:22.213  5537  5537 D VRI[MainActivity]: updatePointerIcon called with position out of bounds
01-26 14:26:23.428  1534  3203 D CoreBackPreview: Window{aaf951e u0 com.realwear.imagettext/com.realwear.imagettext.MainActivity}: Setting back callback null
01-26 14:26:23.649  1534  2191 D NetworkPolicy: metered-allowlist for 10037 changed to true
01-26 14:26:23.649  1534  1534 D JobScheduler: UID 10037 bias changed from 0 to 30
01-26 14:26:23.649  1534  1534 D JobScheduler: pending queue: 0 jobs.
01-26 14:26:23.649  1534  2191 D NetworkPolicy: metered-allowlist for 20037 changed to true
01-26 14:26:23.649  1534  1534 D JobScheduler.Concurrency: Pending queue: 
01-26 14:26:23.649  1534  2191 D NetworkManagement: oldRule = 0, newRule=0 for uid=10037 on chain 2
01-26 14:26:23.649  1534  2191 D NetworkManagement: !!!!! Skipping change
01-26 14:26:23.649  1534  2191 D NetworkManagement: oldRule = 0, newRule=0 for uid=20037 on chain 2
01-26 14:26:23.649  1534  2191 D NetworkManagement: !!!!! Skipping change
01-26 14:26:23.683  1534  1948 E KernelCpuSpeedReader: Failed to read cpu-freq: /sys/devices/system/cpu/cpu4/cpufreq/stats/time_in_state: open failed: ENOENT (No such file or directory)
01-26 14:26:23.683  1534  1948 E KernelCpuSpeedReader: Failed to read cpu-freq: /sys/devices/system/cpu/cpu0/cpufreq/stats/time_in_state: open failed: ENOENT (No such file or directory)
01-26 14:26:23.746  1534  1534 D JobScheduler.Quota: Processing event 6 for <0>com.realwear.keyboard
01-26 14:26:23.806  1534  3203 D CoreBackPreview: Window{47d34a3 u0 com.realwear.imagettext/com.realwear.imagettext.MainActivity}: Setting back callback OnBackInvokedCallbackInfo{mCallback=android.window.IOnBackInvokedCallback$Stub$Proxy@2c6db56, mPriority=0}
01-26 14:26:24.804  1534  2113 D BatteryService: POWER_SUPPLY_PRESENT = 1
01-26 14:26:24.804  1534  2113 D BatteryService: Missing Battery = false
01-26 14:26:25.586  1534  2191 D NetworkPolicy: metered-allowlist for 10037 changed to false
01-26 14:26:25.586  1534  2191 D NetworkPolicy: metered-allowlist for 20037 changed to false
01-26 14:26:25.586  1534  2191 D NetworkManagement: oldRule = 0, newRule=0 for uid=10037 on chain 2
01-26 14:26:25.586  1534  2191 D NetworkManagement: !!!!! Skipping change
01-26 14:26:25.587  1534  1534 D JobScheduler: UID 10037 bias changed from 30 to 0
01-26 14:26:25.587  1534  1534 D JobScheduler: pending queue: 0 jobs.
01-26 14:26:25.587  1534  1534 D JobScheduler.Concurrency: Pending queue: 
01-26 14:26:25.587  1534  2191 D NetworkManagement: oldRule = 0, newRule=0 for uid=20037 on chain 2
01-26 14:26:25.587  1534  2191 D NetworkManagement: !!!!! Skipping change
01-26 14:26:25.640  1534  3203 D CoreBackPreview: Window{47d34a3 u0 com.realwear.imagettext/com.realwear.imagettext.MainActivity}: Setting back callback OnBackInvokedCallbackInfo{mCallback=android.window.IOnBackInvokedCallback$Stub$Proxy@fc9c8c4, mPriority=0}
01-26 14:26:26.735  1534  2797 I ActivityTaskManager: START u0 {act=android.media.action.IMAGE_CAPTURE cmp=com.realwear.camera/.MainActivity} from uid 10242
01-26 14:26:26.753  1534  2797 I ActivityTaskManager: The Process com.realwear.camera Already Exists in BG. So sending its PID: 3418
01-26 14:26:26.754  1534  1534 D JobScheduler.Quota: Processing event 2 for <0>com.realwear.imagettext
01-26 14:26:26.754  1534  2797 W ActivityTaskManager: Tried to set launchTime (0) < mLastActivityLaunchTime (1180101)
01-26 14:26:26.754  1534  1534 D JobScheduler.Quota: Crediting <0>com.realwear.imagettext 110000ms for 11 time chunks
01-26 14:26:26.754  1534  1534 D JobScheduler.Quota: debits overflowed by -110000
01-26 14:26:26.757  1534  2191 D NetworkPolicy: metered-allowlist for 10055 changed to true
01-26 14:26:26.757  1534  2191 D NetworkPolicy: metered-allowlist for 20055 changed to true
01-26 14:26:26.757  1534  2191 D NetworkManagement: oldRule = 0, newRule=0 for uid=10055 on chain 2
01-26 14:26:26.757  1534  2191 D NetworkManagement: !!!!! Skipping change
01-26 14:26:26.757  1534  2191 D NetworkManagement: oldRule = 0, newRule=0 for uid=20055 on chain 2
01-26 14:26:26.757  1534  2191 D NetworkManagement: !!!!! Skipping change
01-26 14:26:26.762  1534  1856 D OomAdjuster: App adj change from cached state to fg state : 3418 com.realwear.camera
01-26 14:26:26.766  1534  1534 D JobScheduler.DeviceIdle: uid 10055 going active
01-26 14:26:26.766  1534  1534 D JobScheduler: pending queue: 0 jobs.
01-26 14:26:26.766  1534  1534 D JobScheduler.Concurrency: Pending queue: 
01-26 14:26:26.766  1534  1534 D JobScheduler: UID 10055 bias changed from 0 to 40
01-26 14:26:26.766  1534  1534 D JobScheduler.Battery: maybeReportNewChargingStateLocked: true/true/true
01-26 14:26:26.766  1534  1534 D JobScheduler: pending queue: 0 jobs.
01-26 14:26:26.766  1534  1534 D JobScheduler.Concurrency: Pending queue: 
01-26 14:26:26.766  1534  1534 D JobScheduler: MSG_CHECK_JOB_GREEDY
01-26 14:26:26.766  1534  1534 D JobScheduler: queuing all ready jobs for execution:
01-26 14:26:26.766  1534  1534 I JobScheduler.Connectivity: evaluateStateLocked finds job JobStatus{e3fc1c0 #u0a115/124 com.android.remoteprovisioner/androidx.work.impl.background.systemjob.SystemJobService u=0 s=10115 TIME=+23h31m41s672ms:none NET satisfied:0x1b400000 unsatisfied:0x80000000} would not be ready.
01-26 14:26:26.767  1534  1534 I JobScheduler.Connectivity: evaluateStateLocked finds job JobStatus{31a0f7e #u0a100/100 com.realwear.fota/.manager.JobScheduleManager u=0 s=10100 TIME=-33s935ms:+23h54m26s65ms NET PERSISTED READY} would be ready.
01-26 14:26:26.767  1534  1534 I JobScheduler.Connectivity: Requesting standby exception for UID: 10100
01-26 14:26:26.767  1534  1534 D NetworkPolicy: App idle whitelist state of uid 10100: true
01-26 14:26:26.767  1534  1534 D NetworkManagement: oldRule = 0, newRule=0 for uid=10100 on chain 2
01-26 14:26:26.767  1534  1534 D NetworkManagement: !!!!! Skipping change
01-26 14:26:26.767  1534  1534 D NetworkManagement: oldRule = 0, newRule=0 for uid=20100 on chain 2
01-26 14:26:26.767  1534  1534 D NetworkManagement: !!!!! Skipping change
01-26 14:26:26.767  1534  1534 I JobScheduler.Connectivity: evaluateStateLocked finds job JobStatus{8ae2ef9 #u0a27/93 com.android.statementservice/androidx.work.impl.background.systemjob.SystemJobService u=0 s=10027 NET IDLE satisfied:0x1b400000 unsatisfied:0x4} would not be ready.
01-26 14:26:26.767  1534  1534 I JobScheduler.Connectivity: evaluateStateLocked finds job JobStatus{dc4b6cd #1000/52417896 android/com.android.server.backup.KeyValueBackupJob u=0 s=1000 TIME=+3h34m45s157ms:+23h31m37s74ms NET CHARGING satisfied:0x1b400003 unsatisfied:0x80000000} would not be ready.
01-26 14:26:26.767  1534  1534 I JobScheduler.Connectivity: evaluateStateLocked finds job JobStatus{d2d2424 #1000/52418896 android/com.android.server.backup.FullBackupJob u=0 s=1000 NET CHARGING IDLE satisfied:0x1b400003 unsatisfied:0x4} would not be ready.
01-26 14:26:26.768  1534  1534 I JobScheduler.Connectivity: evaluateStateLocked finds job JobStatus{8b3d6fd #1000/2 com.realwear.deviceagent/.metrics.MetricsCollectionJob u=0 s=1000 TIME=+23h31m43s822ms:+1d23h31m43s822ms NET PERIODIC satisfied:0x1b400000 unsatisfied:0x80000000} would not be ready.
01-26 14:26:26.768  1534  1534 D JobScheduler: No jobs pending.
01-26 14:26:26.768  1534  1534 D JobScheduler: pending queue: 0 jobs.
01-26 14:26:26.768  1534  1534 D JobScheduler.Concurrency: Pending queue: 
01-26 14:26:26.768  1534  1534 D JobScheduler.Quota: Processing event 6 for <0>com.realwear.camera
01-26 14:26:26.769  1534  2123 D JobScheduler.Background: Job status updated: 0/0 checked/total jobs, 2 us
01-26 14:26:26.771  1534  1534 D JobScheduler.Quota: Processing event 1 for <0>com.realwear.camera
01-26 14:26:26.772  1534  1534 D JobScheduler.Quota: Processing event 31 for <0>com.realwear.camera
01-26 14:26:27.055  1534  1534 D JobScheduler.Quota: Processing event 31 for <0>com.android.settings
01-26 14:26:27.058  2615  2615 W ContextImpl: Calling a method in the system process without a qualified user: android.app.ContextImpl.sendBroadcast:1189 android.content.ContextWrapper.sendBroadcast:500 android.content.ContextWrapper.sendBroadcast:500 com.android.settings.RealwearCameraGetReceiver.onReceive:78 android.app.ActivityThread.handleReceiver:4307 
01-26 14:26:27.060  1534  1904 I DropBoxManagerService: add tag=system_server_wtf isTagEnabled=true flags=0x2
01-26 14:26:27.061  1534  5067 W BroadcastQueue: Background execution not allowed: receiving Intent { act=com.android.settings.realwear_camera_GET flg=0x10 (has extras) } to com.android.settings/.RealwearCameraGetReceiver
01-26 14:26:27.063  1534  1904 I DropBoxManagerService: add tag=system_server_wtf isTagEnabled=true flags=0x2
01-26 14:26:27.071  1534  3203 W WindowManager: Failed looking up window session=Session{38a1ac9 3418:u0a10055} callers=com.android.server.wm.WindowManagerService.windowForClientLocked:6138 com.android.server.wm.Session.updateRequestedVisibilities:701 android.view.IWindowSession$Stub.onTransact:1075 
01-26 14:26:27.073  1534  5067 D CoreBackPreview: Window{fefcbea u0 com.realwear.camera/com.realwear.camera.MainActivity}: Setting back callback OnBackInvokedCallbackInfo{mCallback=android.window.IOnBackInvokedCallback$Stub$Proxy@bf57d78, mPriority=0}
01-26 14:26:27.120  1534  1534 D JobScheduler.Quota: Processing event 31 for <0>com.android.settings
01-26 14:26:27.228  1534  1534 D JobScheduler.Quota: Processing event 31 for <0>com.android.settings
01-26 14:26:27.232  1534  1534 D JobScheduler.Quota: Processing event 31 for <0>com.android.settings
01-26 14:26:27.436  1534  2191 D NetworkPolicy: metered-allowlist for 10242 changed to false
01-26 14:26:27.437  1534  2191 D NetworkPolicy: metered-allowlist for 20242 changed to false
01-26 14:26:27.437  1534  2191 D NetworkManagement: oldRule = 0, newRule=0 for uid=10242 on chain 2
01-26 14:26:27.437  1534  2191 D NetworkManagement: !!!!! Skipping change
01-26 14:26:27.437  1534  2191 D NetworkManagement: oldRule = 0, newRule=0 for uid=20242 on chain 2
01-26 14:26:27.437  1534  2191 D NetworkManagement: !!!!! Skipping change
01-26 14:26:27.437  1534  1534 D JobScheduler: UID 10242 bias changed from 40 to 0
01-26 14:26:27.437  1534  1534 D JobScheduler.Battery: maybeReportNewChargingStateLocked: true/true/true
01-26 14:26:27.437  1534  1534 D JobScheduler: pending queue: 0 jobs.
01-26 14:26:27.437  1534  1534 D JobScheduler.Concurrency: Pending queue: 
01-26 14:26:27.437  1534  1534 D JobScheduler: MSG_CHECK_JOB_GREEDY
01-26 14:26:27.437  1534  1534 D JobScheduler: queuing all ready jobs for execution:
01-26 14:26:27.438  1534  1534 I JobScheduler.Connectivity: evaluateStateLocked finds job JobStatus{e3fc1c0 #u0a115/124 com.android.remoteprovisioner/androidx.work.impl.background.systemjob.SystemJobService u=0 s=10115 TIME=+23h31m41s0ms:none NET satisfied:0x1b400000 unsatisfied:0x80000000} would not be ready.
01-26 14:26:27.438  1534  1534 D JobScheduler:     queued 31a0f7e #u0a100/100 com.realwear.fota/.manager.JobScheduleManager
01-26 14:26:27.438  1534  1534 I JobScheduler.Connectivity: evaluateStateLocked finds job JobStatus{8ae2ef9 #u0a27/93 com.android.statementservice/androidx.work.impl.background.systemjob.SystemJobService u=0 s=10027 NET IDLE satisfied:0x1b400000 unsatisfied:0x4} would not be ready.
01-26 14:26:27.438  1534  1534 I JobScheduler.Connectivity: evaluateStateLocked finds job JobStatus{dc4b6cd #1000/52417896 android/com.android.server.backup.KeyValueBackupJob u=0 s=1000 TIME=+3h34m44s486ms:+23h31m36s403ms NET CHARGING satisfied:0x1b400003 unsatisfied:0x80000000} would not be ready.
01-26 14:26:27.439  1534  1534 I JobScheduler.Connectivity: evaluateStateLocked finds job JobStatus{d2d2424 #1000/52418896 android/com.android.server.backup.FullBackupJob u=0 s=1000 NET CHARGING IDLE satisfied:0x1b400003 unsatisfied:0x4} would not be ready.
01-26 14:26:27.439  1534  1534 I JobScheduler.Connectivity: evaluateStateLocked finds job JobStatus{8b3d6fd #1000/2 com.realwear.deviceagent/.metrics.MetricsCollectionJob u=0 s=1000 TIME=+23h31m43s150ms:+1d23h31m43s150ms NET PERIODIC satisfied:0x1b400000 unsatisfied:0x80000000} would not be ready.
01-26 14:26:27.440  1534  1534 D JobScheduler: 1 jobs queued.
01-26 14:26:27.440  1534  1534 D JobScheduler: pending queue: 1 jobs.
01-26 14:26:27.440  1534  1534 D JobScheduler.Concurrency: Pending queue: (100, 10100) 
01-26 14:26:27.440  1534  1534 D JobScheduler.Concurrency: running jobs initial: 
01-26 14:26:27.440  1534  1534 D JobScheduler.Concurrency: running jobs final:  (18201111=100/10100)
01-26 14:26:27.440  1534  1534 D JobScheduler.Concurrency: assignJobsToContexts: Config={tot=11 mins={1=4, 2=1, 4=3, 8=2, 16=1, 32=0} maxs={1=11, 2=11, 4=11, 8=6, 16=2, 32=3}}, act res={1=0, 2=1, 4=0, 8=0, 16=0, 32=0}, Pending={2=0}, Running={}, Staged={2=1}, # unspecialized remaining=10
01-26 14:26:27.440  1534  1534 D JobScheduler.Concurrency: About to run job on context 18201111, job: JobStatus{31a0f7e #u0a100/100 com.realwear.fota/.manager.JobScheduleManager u=0 s=10100 TIME=-34s608ms:+23h54m25s392ms NET PERSISTED READY}
01-26 14:26:27.440  1534  1534 D JobScheduler.Quota: Prepping for 31a0f7e #u0a100/100 com.realwear.fota/.manager.JobScheduleManager
01-26 14:26:27.441  1534  1534 D JobScheduler.Quota: 31a0f7e #u0a100/100 com.realwear.fota/.manager.JobScheduleManager is top started job
01-26 14:26:27.441  1534  1534 D JobServiceContext: Scheduling time out for '.manager.JobScheduleManager' jId: 100, in 18 s
01-26 14:26:27.453  1534  1534 D JobServiceContext: handleServiceBound for 31a0f7e #u0a100/100 com.realwear.fota/.manager.JobScheduleManager
01-26 14:26:27.453  1534  1534 D JobServiceContext: Scheduling time out for '.manager.JobScheduleManager' jId: 100, in 8 s
01-26 14:26:27.456  1534  2273 D JobScheduler: Enqueueing job: (job:101/com.realwear.fota/.service.CustomActionService) work: JobWorkItem{id=0 intent=Intent { act=com.adups.fota.custom_service (has extras) }}
01-26 14:26:27.456  1534  2273 D JobScheduler: SCHEDULE: fed89ee #u0a100/101 com.realwear.fota/.service.CustomActionService
01-26 14:26:27.456  1534  2273 D JobStore: Added job status to store: JobStatus{fed89ee #u0a100/101 com.realwear.fota/.service.CustomActionService u=0 s=10100 TIME=none:0 WAIT:DEV_NOT_DOZING satisfied:0x0 unsatisfied:0x0}
01-26 14:26:27.457  1534  2273 D JobScheduler: pending queue: 1 jobs.
01-26 14:26:27.457  1534  2273 D JobScheduler.Concurrency: Pending queue: (101, 10100) 
01-26 14:26:27.457  1534  2273 D JobScheduler.Concurrency: running jobs initial:  (18201111=100/10100)
01-26 14:26:27.457  1534  2273 D JobScheduler.Concurrency: running jobs final:  (18201111=100/10100) (27616880=101/10100)
01-26 14:26:27.457  1534  2273 D JobScheduler.Concurrency: assignJobsToContexts: Config={tot=11 mins={1=4, 2=1, 4=3, 8=2, 16=1, 32=0} maxs={1=11, 2=11, 4=11, 8=6, 16=2, 32=3}}, act res={1=0, 2=2, 4=0, 8=0, 16=0, 32=0}, Pending={2=0}, Running={2=1}, Staged={2=1}, # unspecialized remaining=9
01-26 14:26:27.457  1534  2273 D JobScheduler.Concurrency: About to run job on context 27616880, job: JobStatus{fed89ee #u0a100/101 com.realwear.fota/.service.CustomActionService u=0 s=10100 TIME=none:-1ms READY}
01-26 14:26:27.458  1534  2273 D JobScheduler.Quota: Prepping for fed89ee #u0a100/101 com.realwear.fota/.service.CustomActionService
01-26 14:26:27.458  1534  2273 D JobScheduler.Quota: fed89ee #u0a100/101 com.realwear.fota/.service.CustomActionService is top started job
01-26 14:26:27.459  1534  2273 D JobServiceContext: Scheduling time out for '.service.CustomActionService' jId: 101, in 18 s
01-26 14:26:27.463  1534  3203 D JobScheduler: Scheduling job: (job:100/com.realwear.fota/.manager.JobScheduleManager)
01-26 14:26:27.464  1534  3203 D JobScheduler: SCHEDULE: c2c56fa #u0a100/100 com.realwear.fota/.manager.JobScheduleManager
01-26 14:26:27.464  1534  3203 D JobScheduler: CANCEL: 31a0f7e #u0a100/100 com.realwear.fota/.manager.JobScheduleManager
01-26 14:26:27.465  1534  3203 I JobScheduler.Connectivity: Revoking standby exception for UID: 10100
01-26 14:26:27.465  1534  3203 D NetworkPolicy: App idle whitelist state of uid 10100: false
01-26 14:26:27.465  1534  3203 D NetworkManagement: oldRule = 0, newRule=0 for uid=10100 on chain 2
01-26 14:26:27.465  1534  3203 D NetworkManagement: !!!!! Skipping change
01-26 14:26:27.465  1534  3203 D NetworkManagement: oldRule = 0, newRule=0 for uid=20100 on chain 2
01-26 14:26:27.465  1534  3203 D NetworkManagement: !!!!! Skipping change
01-26 14:26:27.465  1534  3203 I JobScheduler.Time: Skipping JobStatus{dd2df3 #1000/16942831 android/com.android.server.appsearch.contactsindexer.ContactsIndexerMaintenanceService u=0 s=1000 TIME=+11d20h5m52s354ms:+26d20h5m52s354ms BATNOTLOW IDLE PERIODIC PERSISTED satisfied:0xb400002 unsatisfied:0x80000004} because delay won't make it ready.
01-26 14:26:27.466  1534  3203 I JobScheduler.Time: Skipping JobStatus{63a5743 #u0a27/19 com.android.statementservice/androidx.work.impl.background.systemjob.SystemJobService u=0 s=10027 TIME=+38d21h59m47s42ms:none IDLE satisfied:0xb400000 unsatisfied:0x80000004} because delay won't make it ready.
01-26 14:26:27.466  1534  3203 I JobScheduler.Time: Skipping JobStatus{acb4e52 #1000/13254266 android/com.android.server.camera.CameraStatsJobService u=0 s=1000 TIME=+23h31m31s728ms:none IDLE satisfied:0xb400000 unsatisfied:0x80000004} because delay won't make it ready.
01-26 14:26:27.466  1534  3203 I JobScheduler.Time: Skipping JobStatus{ca2e977 #1000/808 android/com.android.server.MountServiceIdler u=0 s=1000 TIME=+12h34m37s560ms:none CHARGING BATNOTLOW IDLE satisfied:0xb400003 unsatisfied:0x80000004} because delay won't make it ready.
01-26 14:26:27.466  1534  3203 D JobScheduler.Time: Setting *job.delay* for: 2417957
01-26 14:26:27.469  1534  3203 D JobScheduler.Quota: Timer isn't tracking any jobs but still told to stop
01-26 14:26:27.469  1534  3203 D JobServiceContext: Handling cancel for: 100 VERB_STARTING
01-26 14:26:27.469  1534  3203 I JobScheduler: Tracking replacement job c2c56fa #u0a100/100 com.realwear.fota/.manager.JobScheduleManager
01-26 14:26:27.469  1534  3203 D JobStore: Added job status to store: JobStatus{c2c56fa #u0a100/100 com.realwear.fota/.manager.JobScheduleManager u=0 s=10100 TIME=+4m59s995ms:+23h59m59s995ms NET PERSISTED WAIT:DEV_NOT_DOZING satisfied:0x0 unsatisfied:0x90000000}
01-26 14:26:27.469  1534  3203 D JobScheduler.Connectivity: Using FG bypass for 10100
01-26 14:26:27.469  1534  3203 I JobScheduler.Connectivity: Connectivity CHANGED for JobStatus{c2c56fa #u0a100/100 com.realwear.fota/.manager.JobScheduleManager u=0 s=10100 TIME=+4m59s995ms:+23h59m59s995ms NET PERSISTED WAIT:DEV_NOT_DOZING satisfied:0x10000000 unsatisfied:0x80000000}: usable=true satisfied=true
01-26 14:26:27.470  1534  3203 D JobScheduler.Time: Setting *job.delay* for: 2029352
01-26 14:26:27.472  1534  3203 I JobScheduler.Connectivity: evaluateStateLocked finds job JobStatus{c2c56fa #u0a100/100 com.realwear.fota/.manager.JobScheduleManager u=0 s=10100 TIME=+4m59s993ms:+23h59m59s993ms NET PERSISTED satisfied:0x1b400000 unsatisfied:0x80000000} would not be ready.
01-26 14:26:27.475  1534  1534 D JobScheduler: MSG_CHECK_CHANGED_JOB_LIST
01-26 14:26:27.475  1534  1534 D JobScheduler: Check changed jobs...
01-26 14:26:27.477  1534  1534 D JobScheduler: maybeQueueReadyJobsForExecutionLocked: Not running anything.
01-26 14:26:27.477  1534  1534 D JobScheduler: pending queue: 0 jobs.
01-26 14:26:27.477  1534  1534 D JobScheduler.Concurrency: Pending queue: 
01-26 14:26:27.477  1534  1534 D JobScheduler.Time: Delay-expired alarm fired
01-26 14:26:27.478  1534  1534 I JobScheduler.Time: Skipping JobStatus{dd2df3 #1000/16942831 android/com.android.server.appsearch.contactsindexer.ContactsIndexerMaintenanceService u=0 s=1000 TIME=+11d20h5m52s341ms:+26d20h5m52s341ms BATNOTLOW IDLE PERIODIC PERSISTED satisfied:0xb400002 unsatisfied:0x80000004} because delay won't make it ready.
01-26 14:26:27.478  1534  1534 I JobScheduler.Time: Skipping JobStatus{63a5743 #u0a27/19 com.android.statementservice/androidx.work.impl.background.systemjob.SystemJobService u=0 s=10027 TIME=+38d21h59m47s29ms:none IDLE satisfied:0xb400000 unsatisfied:0x80000004} because delay won't make it ready.
01-26 14:26:27.479  1534  1534 I JobScheduler.Time: Skipping JobStatus{acb4e52 #1000/13254266 android/com.android.server.camera.CameraStatsJobService u=0 s=1000 TIME=+23h31m31s716ms:none IDLE satisfied:0xb400000 unsatisfied:0x80000004} because delay won't make it ready.
01-26 14:26:27.479  1534  1534 I JobScheduler.Time: Skipping JobStatus{ca2e977 #1000/808 android/com.android.server.MountServiceIdler u=0 s=1000 TIME=+12h34m37s548ms:none CHARGING BATNOTLOW IDLE satisfied:0xb400003 unsatisfied:0x80000004} because delay won't make it ready.
01-26 14:26:27.479  1534  3203 D JobServiceContext: doCallback of : JobStatus{31a0f7e #u0a100/100 com.realwear.fota/.manager.JobScheduleManager u=0 s=10100 TIME=-34s647ms:+23h54m25s353ms NET PERSISTED READY} v:VERB_STARTING
01-26 14:26:27.479  1534  3203 D JobServiceContext: Cleaning up 31a0f7e #u0a100/100 com.realwear.fota/.manager.JobScheduleManager reschedule=false reason=onStartJob returned false
01-26 14:26:27.482  1534  3203 D JobScheduler: Completed JobStatus{31a0f7e #u0a100/100 com.realwear.fota/.manager.JobScheduleManager u=0 s=10100 TIME=-34s650ms:+23h54m25s350ms NET PERSISTED READY}, reason=0, reschedule=false
01-26 14:26:27.482  1534  3203 D JobStore: Couldn't remove job: didn't exist: JobStatus{31a0f7e #u0a100/100 com.realwear.fota/.manager.JobScheduleManager u=0 s=10100 TIME=-34s650ms:+23h54m25s350ms NET PERSISTED READY}
01-26 14:26:27.482  1534  3203 W JobScheduler: Job didn't exist in JobStore: 31a0f7e #u0a100/100 com.realwear.fota/.manager.JobScheduleManager
01-26 14:26:27.482  1534  3203 D JobScheduler: Could not find job to remove. Was job removed while executing?
01-26 14:26:27.486  1534  1534 D JobScheduler: MSG_CHECK_CHANGED_JOB_LIST
01-26 14:26:27.486  1534  1534 D JobScheduler: Check changed jobs...
01-26 14:26:27.486  1534  1534 D JobScheduler: maybeQueueReadyJobsForExecutionLocked: Not running anything.
01-26 14:26:27.486  1534  1534 D JobScheduler: pending queue: 0 jobs.
01-26 14:26:27.486  1534  1534 D JobScheduler.Concurrency: Pending queue: 
01-26 14:26:27.487  1534  1534 D JobScheduler: pending queue: 0 jobs.
01-26 14:26:27.487  1534  1534 D JobScheduler.Concurrency: Pending queue: 
01-26 14:26:27.487  1534  1534 D JobServiceContext: handleServiceBound for fed89ee #u0a100/101 com.realwear.fota/.service.CustomActionService
01-26 14:26:27.487  1534  1534 D JobServiceContext: Scheduling time out for '.service.CustomActionService' jId: 101, in 8 s
01-26 14:26:27.488  1534  1534 D JobScheduler.Quota: Processing event 23 for <0>com.realwear.imagettext
01-26 14:26:27.489  1534  2358 D JobServiceContext: doCallback of : JobStatus{fed89ee #u0a100/101 com.realwear.fota/.service.CustomActionService u=0 s=10100 TIME=none:-32ms READY} v:VERB_STARTING
01-26 14:26:27.489  1534  2358 D JobServiceContext: Scheduling time out for '.service.CustomActionService' jId: 101, in 599 s
01-26 14:26:27.490  1534  3203 D NetworkPolicy: Blocked state of 10100: {blocked=NONE,allowed=FOREGROUND|TOP|METERED_FOREGROUND,effective=NONE}
01-26 14:26:27.492  1534  2273 D NetworkPolicy: Blocked state of 10100: {blocked=NONE,allowed=FOREGROUND|TOP|METERED_FOREGROUND,effective=NONE}
01-26 14:26:27.506  1534  2273 D JobScheduler: Enqueueing job: (job:101/com.realwear.fota/.service.CustomActionService) work: JobWorkItem{id=0 intent=Intent { act=com.adups.fota.custom_service (has extras) }}
01-26 14:26:27.516  1534  2273 D NetworkPolicy: Blocked state of 10100: {blocked=NONE,allowed=FOREGROUND|TOP|METERED_FOREGROUND,effective=NONE}
01-26 14:26:27.520  1534  2273 D NetworkPolicy: Blocked state of 10100: {blocked=NONE,allowed=FOREGROUND|TOP|METERED_FOREGROUND,effective=NONE}
01-26 14:26:27.523  1534  2273 D JobServiceContext: doCallback of : JobStatus{fed89ee #u0a100/101 com.realwear.fota/.service.CustomActionService u=0 s=10100 TIME=none:-66ms READY} v:VERB_EXECUTING
01-26 14:26:27.523  1534  2273 D JobServiceContext: Cleaning up fed89ee #u0a100/101 com.realwear.fota/.service.CustomActionService reschedule=false reason=last work dequeued
01-26 14:26:27.527  1534  2273 D JobScheduler: Completed JobStatus{fed89ee #u0a100/101 com.realwear.fota/.service.CustomActionService u=0 s=10100 TIME=none:-71ms READY}, reason=10, reschedule=false
01-26 14:26:27.527  1534  2273 D JobScheduler.Quota: Timer isn't tracking any jobs but still told to stop
01-26 14:26:27.564  1534  2358 E RefreshRateRange: Wrong values for min and max when initializing RefreshRateRange : 120.00001 60.0
01-26 14:26:28.932  1205  2082 D storaged: getDiskStats is not supported on health HAL.
01-26 14:26:28.941  2292  2292 D PowerUI : buckets   .....25 .. 20 .. 10
01-26 14:26:28.942  2292  2292 D PowerUI : level          96 --> 96
01-26 14:26:28.942  2292  2292 D PowerUI : status         5 --> 5
01-26 14:26:28.942  2292  2292 D PowerUI : plugType       1 --> 1
01-26 14:26:28.942  2292  2292 D PowerUI : invalidCharger 0 --> 0
01-26 14:26:28.942  2292  2292 D PowerUI : bucket         1 --> 1
01-26 14:26:28.942  2292  2292 D PowerUI : plugged        true --> true
01-26 14:26:29.416  1534  2113 D BatteryService: POWER_SUPPLY_PRESENT = 1
01-26 14:26:29.416  1534  2113 D BatteryService: Missing Battery = false
01-26 14:26:29.467  1534  1855 D JobStore: Saving job 2
01-26 14:26:29.467  1534  1855 D JobStore: Saving job 100
01-26 14:26:29.467  1534  1855 D JobStore: Saving job 2131492886
01-26 14:26:29.467  1534  1855 D JobStore: Saving job 546357475
01-26 14:26:29.467  1534  1855 D JobStore: Saving job 2131492887
01-26 14:26:29.467  1534  1855 D JobStore: Saving job 16942831
01-26 14:26:29.467  1534  1855 D JobStore: Saving job 1
01-26 14:26:29.467  1534  1855 D JobStore: Saving job 546378950
01-26 14:26:29.772  1534  3199 E TaskPersister: File error accessing recents directory (directory doesn't exist?).
01-26 14:26:30.625  1534  3203 D CoreBackPreview: Window{156c693 u0 com.realwear.wearhf}: Setting back callback null
01-26 14:26:30.913  1534  3203 I NotificationService: enqueueToast pkg=com.realwear.camera token=android.os.BinderProxy@ffdf249 duration=0 displayId=0
01-26 14:26:30.915  1534  3203 D NotificationService: Show pkg=com.realwear.camera text=Image saved
01-26 14:26:30.928  1534  5067 D CoreBackPreview: Window{d2a6a05 u0 Toast}: Setting back callback OnBackInvokedCallbackInfo{mCallback=android.window.IOnBackInvokedCallback$Stub$Proxy@f32948b, mPriority=0}
01-26 14:26:31.207  1534  1534 D JobScheduler.Quota: Processing event 31 for <0>com.android.settings
01-26 14:26:31.221  1534  2191 D NetworkPolicy: metered-allowlist for 10242 changed to true
01-26 14:26:31.221  1534  2191 D NetworkPolicy: metered-allowlist for 20242 changed to true
01-26 14:26:31.221  1534  2191 D NetworkManagement: oldRule = 0, newRule=0 for uid=10242 on chain 2
01-26 14:26:31.221  1534  2191 D NetworkManagement: !!!!! Skipping change
01-26 14:26:31.221  1534  2191 D NetworkManagement: oldRule = 0, newRule=0 for uid=20242 on chain 2
01-26 14:26:31.221  1534  2191 D NetworkManagement: !!!!! Skipping change
01-26 14:26:31.224  1534  1534 D JobScheduler.Quota: Processing event 2 for <0>com.realwear.camera
01-26 14:26:31.224  1534  1534 D JobScheduler.Quota: Crediting <0>com.realwear.camera 10000ms for 1 time chunks
01-26 14:26:31.224  1534  1534 D JobScheduler.Quota: debits overflowed by -10000
01-26 14:26:31.233  1534  1534 D JobScheduler.Quota: Processing event 1 for <0>com.realwear.imagettext
01-26 14:26:31.233  1534  1534 D JobScheduler.Quota: Processing event 31 for <0>com.realwear.imagettext
01-26 14:26:31.240  1534  1534 D JobScheduler.Quota: Processing event 6 for <0>com.realwear.imagettext
01-26 14:26:31.243  1534  1534 D JobScheduler: UID 10242 bias changed from 0 to 40
01-26 14:26:31.243  1534  1534 D JobScheduler.Battery: maybeReportNewChargingStateLocked: true/true/true
01-26 14:26:31.244  1534  1534 D JobScheduler: pending queue: 0 jobs.
01-26 14:26:31.244  1534  1534 D JobScheduler.Concurrency: Pending queue: 
01-26 14:26:31.245  1534  1534 D JobScheduler: MSG_CHECK_JOB_GREEDY
01-26 14:26:31.245  1534  1534 D JobScheduler: queuing all ready jobs for execution:
01-26 14:26:31.259  1534  1534 I JobScheduler.Connectivity: evaluateStateLocked finds job JobStatus{e3fc1c0 #u0a115/124 com.android.remoteprovisioner/androidx.work.impl.background.systemjob.SystemJobService u=0 s=10115 TIME=+23h31m37s193ms:none NET satisfied:0x1b400000 unsatisfied:0x80000000} would not be ready.
01-26 14:26:31.264  1534  1534 I JobScheduler.Connectivity: evaluateStateLocked finds job JobStatus{c2c56fa #u0a100/100 com.realwear.fota/.manager.JobScheduleManager u=0 s=10100 TIME=+4m56s200ms:+23h59m56s200ms NET PERSISTED satisfied:0x1b400000 unsatisfied:0x80000000} would not be ready.
01-26 14:26:31.264  1534  1534 I JobScheduler.Connectivity: evaluateStateLocked finds job JobStatus{8ae2ef9 #u0a27/93 com.android.statementservice/androidx.work.impl.background.systemjob.SystemJobService u=0 s=10027 NET IDLE satisfied:0x1b400000 unsatisfied:0x4} would not be ready.
01-26 14:26:31.264  1534  1534 I JobScheduler.Connectivity: evaluateStateLocked finds job JobStatus{dc4b6cd #1000/52417896 android/com.android.server.backup.KeyValueBackupJob u=0 s=1000 TIME=+3h34m40s660ms:+23h31m32s577ms NET CHARGING satisfied:0x1b400003 unsatisfied:0x80000000} would not be ready.
01-26 14:26:31.264  1534  1534 I JobScheduler.Connectivity: evaluateStateLocked finds job JobStatus{d2d2424 #1000/52418896 android/com.android.server.backup.FullBackupJob u=0 s=1000 NET CHARGING IDLE satisfied:0x1b400003 unsatisfied:0x4} would not be ready.
01-26 14:26:31.264  1534  1534 I JobScheduler.Connectivity: evaluateStateLocked finds job JobStatus{8b3d6fd #1000/2 com.realwear.deviceagent/.metrics.MetricsCollectionJob u=0 s=1000 TIME=+23h31m39s325ms:+1d23h31m39s325ms NET PERIODIC satisfied:0x1b400000 unsatisfied:0x80000000} would not be ready.
01-26 14:26:31.265  1534  1534 D JobScheduler: No jobs pending.
01-26 14:26:31.265  1534  1534 D JobScheduler: pending queue: 0 jobs.
01-26 14:26:31.265  1534  1534 D JobScheduler.Concurrency: Pending queue: 
01-26 14:26:31.392  1534  2191 D NetworkPolicy: metered-allowlist for 10055 changed to false
01-26 14:26:31.393  1534  2191 D NetworkPolicy: metered-allowlist for 20055 changed to false
01-26 14:26:31.393  1534  2191 D NetworkManagement: oldRule = 0, newRule=0 for uid=10055 on chain 2
01-26 14:26:31.393  1534  2191 D NetworkManagement: !!!!! Skipping change
01-26 14:26:31.393  1534  2191 D NetworkManagement: oldRule = 0, newRule=0 for uid=20055 on chain 2
01-26 14:26:31.393  1534  2191 D NetworkManagement: !!!!! Skipping change
01-26 14:26:31.394  1534  1534 D JobScheduler: UID 10055 bias changed from 40 to 0
01-26 14:26:31.394  1534  1534 D JobScheduler.Battery: maybeReportNewChargingStateLocked: true/true/true
01-26 14:26:31.394  1534  1534 D JobScheduler: pending queue: 0 jobs.
01-26 14:26:31.394  1534  1534 D JobScheduler.Concurrency: Pending queue: 
01-26 14:26:31.394  1534  1534 D JobScheduler: MSG_CHECK_JOB_GREEDY
01-26 14:26:31.394  1534  1534 D JobScheduler: queuing all ready jobs for execution:
01-26 14:26:31.395  1534  1534 I JobScheduler.Connectivity: evaluateStateLocked finds job JobStatus{e3fc1c0 #u0a115/124 com.android.remoteprovisioner/androidx.work.impl.background.systemjob.SystemJobService u=0 s=10115 TIME=+23h31m37s44ms:none NET satisfied:0x1b400000 unsatisfied:0x80000000} would not be ready.
01-26 14:26:31.395  1534  1534 I JobScheduler.Connectivity: evaluateStateLocked finds job JobStatus{c2c56fa #u0a100/100 com.realwear.fota/.manager.JobScheduleManager u=0 s=10100 TIME=+4m56s69ms:+23h59m56s69ms NET PERSISTED satisfied:0x1b400000 unsatisfied:0x80000000} would not be ready.
01-26 14:26:31.395  1534  1534 I JobScheduler.Connectivity: evaluateStateLocked finds job JobStatus{8ae2ef9 #u0a27/93 com.android.statementservice/androidx.work.impl.background.systemjob.SystemJobService u=0 s=10027 NET IDLE satisfied:0x1b400000 unsatisfied:0x4} would not be ready.
01-26 14:26:31.395  1534  1534 I JobScheduler.Connectivity: evaluateStateLocked finds job JobStatus{dc4b6cd #1000/52417896 android/com.android.server.backup.KeyValueBackupJob u=0 s=1000 TIME=+3h34m40s529ms:+23h31m32s446ms NET CHARGING satisfied:0x1b400003 unsatisfied:0x80000000} would not be ready.
01-26 14:26:31.395  1534  1534 I JobScheduler.Connectivity: evaluateStateLocked finds job JobStatus{d2d2424 #1000/52418896 android/com.android.server.backup.FullBackupJob u=0 s=1000 NET CHARGING IDLE satisfied:0x1b400003 unsatisfied:0x4} would not be ready.
01-26 14:26:31.396  1534  1534 I JobScheduler.Connectivity: evaluateStateLocked finds job JobStatus{8b3d6fd #1000/2 com.realwear.deviceagent/.metrics.MetricsCollectionJob u=0 s=1000 TIME=+23h31m39s193ms:+1d23h31m39s193ms NET PERIODIC satisfied:0x1b400000 unsatisfied:0x80000000} would not be ready.
01-26 14:26:31.396  1534  1534 D JobScheduler: No jobs pending.
01-26 14:26:31.396  1534  1534 D JobScheduler: pending queue: 0 jobs.
01-26 14:26:31.396  1534  1534 D JobScheduler.Concurrency: Pending queue: 
01-26 14:26:31.450  1534  2797 D CoreBackPreview: Window{efad462 u0 com.realwear.wearhf}: Setting back callback OnBackInvokedCallbackInfo{mCallback=android.window.IOnBackInvokedCallback$Stub$Proxy@62e4929, mPriority=0}
01-26 14:26:31.641  1534  1534 D JobScheduler.Quota: Processing event 6 for <0>com.realwear.keyboard
01-26 14:26:31.641  1534  1534 D JobScheduler: UID 10037 bias changed from 0 to 30
01-26 14:26:31.642  1534  1534 D JobScheduler: pending queue: 0 jobs.
01-26 14:26:31.642  1534  1534 D JobScheduler.Concurrency: Pending queue: 
01-26 14:26:31.644  1534  2191 D NetworkPolicy: metered-allowlist for 10037 changed to true
01-26 14:26:31.644  1534  2191 D NetworkPolicy: metered-allowlist for 20037 changed to true
01-26 14:26:31.645  1534  2191 D NetworkManagement: oldRule = 0, newRule=0 for uid=10037 on chain 2
01-26 14:26:31.645  1534  2191 D NetworkManagement: !!!!! Skipping change
01-26 14:26:31.645  1534  2191 D NetworkManagement: oldRule = 0, newRule=0 for uid=20037 on chain 2
01-26 14:26:31.645  1534  2191 D NetworkManagement: !!!!! Skipping change
01-26 14:26:31.849  1534  2797 D CoreBackPreview: Window{47d34a3 u0 com.realwear.imagettext/com.realwear.imagettext.MainActivity}: Setting back callback OnBackInvokedCallbackInfo{mCallback=android.window.IOnBackInvokedCallback$Stub$Proxy@569960c, mPriority=0}
01-26 14:26:32.084  1534  1534 D JobScheduler.Quota: Processing event 31 for <0>com.android.settings
01-26 14:26:32.089  1534  1534 D JobScheduler.Quota: Processing event 31 for <0>com.android.settings
01-26 14:26:32.098  1534  2273 D CoreBackPreview: Window{fefcbea u0 com.realwear.camera/com.realwear.camera.MainActivity}: Setting back callback null
01-26 14:26:32.129  1534  1534 D JobScheduler.Quota: Processing event 23 for <0>com.realwear.camera
01-26 14:26:33.249  1534  1534 D NotificationService: Timeout pkg=com.realwear.camera token=android.os.BinderProxy@ffdf249
01-26 14:26:33.520  1534  2273 D CoreBackPreview: Window{d2a6a05 u0 Toast}: Setting back callback null
01-26 14:26:33.539  1534  5067 W NotificationService: Toast already killed. pkg=com.realwear.camera token=android.os.BinderProxy@ffdf249
01-26 14:26:34.019  1534  2113 D BatteryService: POWER_SUPPLY_PRESENT = 1
01-26 14:26:34.019  1534  2113 D BatteryService: Missing Battery = false
01-26 14:26:34.740  1534  2191 D NetworkPolicy: metered-allowlist for 10037 changed to false
01-26 14:26:34.741  1534  2191 D NetworkPolicy: metered-allowlist for 20037 changed to false
01-26 14:26:34.741  1534  2191 D NetworkManagement: oldRule = 0, newRule=0 for uid=10037 on chain 2
01-26 14:26:34.741  1534  2191 D NetworkManagement: !!!!! Skipping change
01-26 14:26:34.741  1534  2191 D NetworkManagement: oldRule = 0, newRule=0 for uid=20037 on chain 2
01-26 14:26:34.741  1534  2191 D NetworkManagement: !!!!! Skipping change
01-26 14:26:34.742  1534  1534 D JobScheduler: UID 10037 bias changed from 30 to 0
01-26 14:26:34.742  1534  1534 D JobScheduler: pending queue: 0 jobs.
01-26 14:26:34.742  1534  1534 D JobScheduler.Concurrency: Pending queue: 
01-26 14:26:34.793  1534  3203 D CoreBackPreview: Window{47d34a3 u0 com.realwear.imagettext/com.realwear.imagettext.MainActivity}: Setting back callback OnBackInvokedCallbackInfo{mCallback=android.window.IOnBackInvokedCallback$Stub$Proxy@ae7edd3, mPriority=0}
01-26 14:26:35.136  1534  3199 E TaskPersister: File error accessing recents directory (directory doesn't exist?).
01-26 14:26:35.230  1534  3203 D CoreBackPreview: Window{efad462 u0 com.realwear.wearhf}: Setting back callback null
01-26 14:26:35.242  1534  2273 D CoreBackPreview: Window{4ff711a u0 com.realwear.wearhf}: Setting back callback OnBackInvokedCallbackInfo{mCallback=android.window.IOnBackInvokedCallback$Stub$Proxy@11f1e28, mPriority=0}
01-26 14:26:38.167  2292  2292 D PowerUI : buckets   .....25 .. 20 .. 10
01-26 14:26:38.167  2292  2292 D PowerUI : level          96 --> 96
01-26 14:26:38.167  2292  2292 D PowerUI : status         5 --> 5
01-26 14:26:38.167  2292  2292 D PowerUI : plugType       1 --> 1
01-26 14:26:38.167  2292  2292 D PowerUI : invalidCharger 0 --> 0
01-26 14:26:38.167  2292  2292 D PowerUI : bucket         1 --> 1
01-26 14:26:38.168  2292  2292 D PowerUI : plugged        true --> true
01-26 14:26:38.324  1534  3203 D CoreBackPreview: Window{4ff711a u0 com.realwear.wearhf}: Setting back callback null
01-26 14:26:38.628  1534  2113 D BatteryService: POWER_SUPPLY_PRESENT = 1
01-26 14:26:38.628  1534  2113 D BatteryService: Missing Battery = false
01-26 14:26:43.235  1534  2113 D BatteryService: POWER_SUPPLY_PRESENT = 1
01-26 14:26:43.235  1534  2113 D BatteryService: Missing Battery = false
01-26 14:26:44.253  1534  1534 D NotificationService: Kill Token Timeout token=android.os.Binder@c68974e
01-26 14:26:44.253  1534  1534 W WindowManager: removeWindowToken: Attempted to remove non-existing token: android.os.Binder@c68974e
01-26 14:26:47.368  2292  2292 D PowerUI : buckets   .....25 .. 20 .. 10
01-26 14:26:47.368  2292  2292 D PowerUI : level          96 --> 96
01-26 14:26:47.368  2292  2292 D PowerUI : status         5 --> 5
01-26 14:26:47.368  2292  2292 D PowerUI : plugType       1 --> 1
01-26 14:26:47.368  2292  2292 D PowerUI : invalidCharger 0 --> 0
01-26 14:26:47.368  2292  2292 D PowerUI : bucket         1 --> 1
01-26 14:26:47.368  2292  2292 D PowerUI : plugged        true --> true
01-26 14:26:47.843  1534  2113 D BatteryService: POWER_SUPPLY_PRESENT = 1
01-26 14:26:47.843  1534  2113 D BatteryService: Missing Battery = false
01-26 14:26:49.922  1534  3203 I ActivityTaskManager: moveTaskToBack: Task{9a0049d #620 type=standard A=10242:com.realwear.imagettext}
01-26 14:26:49.939  1534  1534 D JobScheduler.Quota: Processing event 6 for <0>com.realwear.launcher
01-26 14:26:49.939  1534  1534 D JobScheduler.Quota: Processing event 6 for <0>com.realwear.deviceagent
01-26 14:26:49.939  1534  2123 D JobScheduler.Background: Job status updated: 0/0 checked/total jobs, 0 us
01-26 14:26:49.939  1534  1534 D JobScheduler.DeviceIdle: uid 10032 going active
01-26 14:26:49.939  1534  1534 D JobScheduler: pending queue: 0 jobs.
01-26 14:26:49.939  1534  1534 D JobScheduler.Concurrency: Pending queue: 
01-26 14:26:49.939  1534  1534 D JobScheduler: UID 10032 bias changed from 0 to 40
01-26 14:26:49.939  1534  1534 D JobScheduler.Battery: maybeReportNewChargingStateLocked: true/true/true
01-26 14:26:49.940  1534  1534 D JobScheduler: pending queue: 0 jobs.
01-26 14:26:49.940  1534  1534 D JobScheduler.Concurrency: Pending queue: 
01-26 14:26:49.940  1534  1534 D JobScheduler: MSG_CHECK_JOB_GREEDY
01-26 14:26:49.940  1534  1534 D JobScheduler: queuing all ready jobs for execution:
01-26 14:26:49.941  1534  1534 I JobScheduler.Connectivity: evaluateStateLocked finds job JobStatus{e3fc1c0 #u0a115/124 com.android.remoteprovisioner/androidx.work.impl.background.systemjob.SystemJobService u=0 s=10115 TIME=+23h31m18s497ms:none NET satisfied:0x1b400000 unsatisfied:0x80000000} would not be ready.
01-26 14:26:49.941  1534  2191 D NetworkPolicy: metered-allowlist for 10032 changed to true
01-26 14:26:49.941  1534  1534 I JobScheduler.Connectivity: evaluateStateLocked finds job JobStatus{c2c56fa #u0a100/100 com.realwear.fota/.manager.JobScheduleManager u=0 s=10100 TIME=+4m37s523ms:+23h59m37s523ms NET PERSISTED satisfied:0x1b400000 unsatisfied:0x80000000} would not be ready.
01-26 14:26:49.941  1534  2191 D NetworkPolicy: metered-allowlist for 20032 changed to true
01-26 14:26:49.941  1534  2191 D NetworkManagement: oldRule = 0, newRule=0 for uid=10032 on chain 2
01-26 14:26:49.941  1534  2191 D NetworkManagement: !!!!! Skipping change
