01-26 14:26:49.941  1534  1534 I JobScheduler.Connectivity: evaluateStateLocked finds job JobStatus{8ae2ef9 #u0a27/93 com.android.statementservice/androidx.work.impl.background.systemjob.SystemJobService u=0 s=10027 NET IDLE satisfied:0x1b400000 unsatisfied:0x4} would not be ready.
01-26 14:26:49.941  1534  1534 I JobScheduler.Connectivity: evaluateStateLocked finds job JobStatus{dc4b6cd #1000/52417896 android/com.android.server.backup.KeyValueBackupJob u=0 s=1000 TIME=+3h34m21s983ms:+23h31m13s900ms NET CHARGING satisfied:0x1b400003 unsatisfied:0x80000000} would not be ready.
01-26 14:26:49.941  1534  1534 I JobScheduler.Connectivity: evaluateStateLocked finds job JobStatus{d2d2424 #1000/52418896 android/com.android.server.backup.FullBackupJob u=0 s=1000 NET CHARGING IDLE satisfied:0x1b400003 unsatisfied:0x4} would not be ready.
01-26 14:26:49.942  1534  1534 I JobScheduler.Connectivity: evaluateStateLocked finds job JobStatus{8b3d6fd #1000/2 com.realwear.deviceagent/.metrics.MetricsCollectionJob u=0 s=1000 TIME=+23h31m20s647ms:+1d23h31m20s647ms NET PERIODIC satisfied:0x1b400000 unsatisfied:0x80000000} would not be ready.
01-26 14:26:49.942  1534  1534 D JobScheduler: No jobs pending.
01-26 14:26:49.942  1534  2191 D NetworkManagement: oldRule = 0, newRule=0 for uid=20032 on chain 2
01-26 14:26:49.942  1534  2191 D NetworkManagement: !!!!! Skipping change
01-26 14:26:49.942  1534  1534 D JobScheduler: pending queue: 0 jobs.
01-26 14:26:49.942  1534  1534 D JobScheduler.Concurrency: Pending queue: 
01-26 14:26:49.943  1534  1534 D JobScheduler.Quota: Processing event 2 for <0>com.realwear.imagettext
01-26 14:26:49.943  1534  1534 D JobScheduler.Quota: Crediting <0>com.realwear.imagettext 10000ms for 1 time chunks
01-26 14:26:49.943  1534  1534 D JobScheduler.Quota: debits overflowed by -10000
01-26 14:26:49.951  1534  1534 D JobScheduler.Quota: Processing event 31 for <0>com.realwear.controlpanel
01-26 14:26:49.955  1534  1534 D JobScheduler: pending queue: 0 jobs.
01-26 14:26:49.955  1534  1534 D JobScheduler.Concurrency: Pending queue: 
01-26 14:26:49.955  1534  1534 D JobScheduler.Quota: Processing event 1 for <0>com.realwear.launcher
01-26 14:26:49.955  1534  1534 D JobScheduler.Quota: Processing event 31 for <0>com.realwear.launcher
01-26 14:26:49.963  1534  1534 D JobScheduler: pending queue: 0 jobs.
01-26 14:26:49.963  1534  1534 D JobScheduler.Concurrency: Pending queue: 
01-26 14:26:50.261  1534  3203 D CoreBackPreview: Window{1a66a21 u0 com.realwear.wearhf}: Setting back callback OnBackInvokedCallbackInfo{mCallback=android.window.IOnBackInvokedCallback$Stub$Proxy@7d77807, mPriority=0}
01-26 14:26:50.323  1534  2191 D NetworkPolicy: metered-allowlist for 10242 changed to false
01-26 14:26:50.323  1534  2191 D NetworkPolicy: metered-allowlist for 20242 changed to false
01-26 14:26:50.324  1534  2191 D NetworkManagement: oldRule = 0, newRule=0 for uid=10242 on chain 2
01-26 14:26:50.324  1534  2191 D NetworkManagement: !!!!! Skipping change
01-26 14:26:50.324  1534  2191 D NetworkManagement: oldRule = 0, newRule=0 for uid=20242 on chain 2
01-26 14:26:50.324  1534  2191 D NetworkManagement: !!!!! Skipping change
01-26 14:26:50.325  1534  1534 D JobScheduler: UID 10242 bias changed from 40 to 0
01-26 14:26:50.325  1534  1534 D JobScheduler.Battery: maybeReportNewChargingStateLocked: true/true/true
01-26 14:26:50.325  1534  1534 D JobScheduler: pending queue: 0 jobs.
01-26 14:26:50.325  1534  1534 D JobScheduler.Concurrency: Pending queue: 
01-26 14:26:50.325  1534  1534 D JobScheduler: MSG_CHECK_JOB_GREEDY
01-26 14:26:50.325  1534  1534 D JobScheduler: queuing all ready jobs for execution:
01-26 14:26:50.325  1534  1534 I JobScheduler.Connectivity: evaluateStateLocked finds job JobStatus{e3fc1c0 #u0a115/124 com.android.remoteprovisioner/androidx.work.impl.background.systemjob.SystemJobService u=0 s=10115 TIME=+23h31m18s113ms:none NET satisfied:0x1b400000 unsatisfied:0x80000000} would not be ready.
01-26 14:26:50.326  1534  1534 I JobScheduler.Connectivity: evaluateStateLocked finds job JobStatus{c2c56fa #u0a100/100 com.realwear.fota/.manager.JobScheduleManager u=0 s=10100 TIME=+4m37s138ms:+23h59m37s138ms NET PERSISTED satisfied:0x1b400000 unsatisfied:0x80000000} would not be ready.
01-26 14:26:50.326  1534  1534 I JobScheduler.Connectivity: evaluateStateLocked finds job JobStatus{8ae2ef9 #u0a27/93 com.android.statementservice/androidx.work.impl.background.systemjob.SystemJobService u=0 s=10027 NET IDLE satisfied:0x1b400000 unsatisfied:0x4} would not be ready.
01-26 14:26:50.326  1534  1534 I JobScheduler.Connectivity: evaluateStateLocked finds job JobStatus{dc4b6cd #1000/52417896 android/com.android.server.backup.KeyValueBackupJob u=0 s=1000 TIME=+3h34m21s598ms:+23h31m13s515ms NET CHARGING satisfied:0x1b400003 unsatisfied:0x80000000} would not be ready.
01-26 14:26:50.327  1534  1534 I JobScheduler.Connectivity: evaluateStateLocked finds job JobStatus{d2d2424 #1000/52418896 android/com.android.server.backup.FullBackupJob u=0 s=1000 NET CHARGING IDLE satisfied:0x1b400003 unsatisfied:0x4} would not be ready.
01-26 14:26:50.327  1534  1534 I JobScheduler.Connectivity: evaluateStateLocked finds job JobStatus{8b3d6fd #1000/2 com.realwear.deviceagent/.metrics.MetricsCollectionJob u=0 s=1000 TIME=+23h31m20s262ms:+1d23h31m20s262ms NET PERIODIC satisfied:0x1b400000 unsatisfied:0x80000000} would not be ready.
01-26 14:26:50.328  1534  1534 D JobScheduler: No jobs pending.
01-26 14:26:50.328  1534  1534 D JobScheduler: pending queue: 0 jobs.
01-26 14:26:50.328  1534  1534 D JobScheduler.Concurrency: Pending queue: 
01-26 14:26:50.353  1534  1534 D JobScheduler.Quota: Processing event 23 for <0>com.realwear.imagettext
01-26 14:26:52.453  1534  2113 D BatteryService: POWER_SUPPLY_PRESENT = 1
01-26 14:26:52.454  1534  2113 D BatteryService: Missing Battery = false
01-26 14:26:53.932  1534  2797 D CoreBackPreview: Window{1a66a21 u0 com.realwear.wearhf}: Setting back callback null
01-26 14:26:55.975  1534  2273 I ActivityTaskManager: START u0 {act=android.intent.action.MAIN cat=[android.intent.category.LAUNCHER] flg=0x10200000 cmp=com.android.settings/.Settings} from uid 10032
01-26 14:26:55.975  1534  2273 D CompatibilityChangeReporter: Compat change id reported: 265464455; UID 1000; state: DISABLED
01-26 14:26:55.976  1534  2273 D CompatibilityChangeReporter: Compat change id reported: 265452344; UID 1000; state: DISABLED
01-26 14:26:55.976  1534  2273 D CompatibilityChangeReporter: Compat change id reported: 266124927; UID 1000; state: DISABLED
01-26 14:26:55.976  1534  2273 D CompatibilityChangeReporter: Compat change id reported: 265451093; UID 1000; state: DISABLED
01-26 14:26:55.977  1534  2273 D CompatibilityChangeReporter: Compat change id reported: 265456536; UID 1000; state: DISABLED
01-26 14:26:55.977  1534  2273 D CompatibilityChangeReporter: Compat change id reported: 255940284; UID 1000; state: DISABLED
01-26 14:26:55.977  1534  2273 D CompatibilityChangeReporter: Compat change id reported: 236283604; UID 1000; state: DISABLED
01-26 14:26:55.978  1534  2273 D CompatibilityChangeReporter: Compat change id reported: 263959004; UID 1000; state: DISABLED
01-26 14:26:55.979  1534  2273 D CompatibilityChangeReporter: Compat change id reported: 264304459; UID 1000; state: DISABLED
01-26 14:26:55.979  1534  2273 D CompatibilityChangeReporter: Compat change id reported: 264301586; UID 1000; state: DISABLED
01-26 14:26:55.979  1534  2273 D CompatibilityChangeReporter: Compat change id reported: 254631730; UID 1000; state: DISABLED
01-26 14:26:55.980  1534  2273 D CompatibilityChangeReporter: Compat change id reported: 273509367; UID 1000; state: DISABLED
01-26 14:26:55.980  1534  2273 D CompatibilityChangeReporter: Compat change id reported: 263259275; UID 1000; state: DISABLED
01-26 14:26:55.991  1534  2273 D CompatibilityChangeReporter: Compat change id reported: 194480991; UID 1000; state: ENABLED
01-26 14:26:55.994  1534  2273 D CompatibilityChangeReporter: Compat change id reported: 174042980; UID 1000; state: DISABLED
01-26 14:26:55.995  1534  2273 I ActivityTaskManager: Launching r: ActivityRecord{82d1d91 u0 com.android.settings/.Settings} from background: ActivityRecord{b758276 u0 com.realwear.launcher/.ApplicationActivity} t617}. New task: false
01-26 14:26:56.005  1534  2273 D CompatibilityChangeReporter: Compat change id reported: 194833441; UID 1000; state: ENABLED
01-26 14:26:56.016  1534  1534 D JobScheduler.Quota: Processing event 2 for <0>com.realwear.launcher
01-26 14:26:56.016  1534  1534 D JobScheduler.Quota: Crediting <0>com.realwear.launcher 10000ms for 1 time chunks
01-26 14:26:56.016  1534  1534 D JobScheduler.Quota: debits overflowed by -10000
01-26 14:26:56.018  1534  1856 D OomAdjuster: App adj change from cached state to fg state : 2615 com.android.settings
01-26 14:26:56.018  1534  1534 D JobScheduler.Quota: Processing event 1 for <0>com.android.settings
01-26 14:26:56.018  1534  1534 D JobScheduler.Quota: Processing event 31 for <0>com.android.settings
01-26 14:26:56.020  1534  1534 D JobScheduler.Quota: Processing event 6 for <0>com.android.settings
01-26 14:26:56.033  1534  5067 D CompatibilityChangeReporter: Compat change id reported: 161145287; UID 1000; state: DISABLED
01-26 14:26:56.153  1534  1534 D JobScheduler.Quota: Processing event 31 for <0>com.android.permissioncontroller
01-26 14:26:56.154  1534  1534 D JobScheduler.DeviceIdle: uid 10138 going active
01-26 14:26:56.154  1534  1534 D JobScheduler: pending queue: 0 jobs.
01-26 14:26:56.154  1534  1534 D JobScheduler.Concurrency: Pending queue: 
01-26 14:26:56.154  1534  1534 D JobScheduler: UID 10138 bias changed from 0 to 35
01-26 14:26:56.154  1534  1534 D JobScheduler: pending queue: 0 jobs.
01-26 14:26:56.154  1534  1534 D JobScheduler.Concurrency: Pending queue: 
01-26 14:26:56.154  1534  1534 E JobScheduler.Quota: maybeScheduleStartAlarmLocked called for <0>com.android.permissioncontroller even though it already has 600000ms in its quota.
01-26 14:26:56.154  1534  1534 D JobScheduler.Quota: Checking pkg <0>com.android.permissioncontroller
01-26 14:26:56.154  1534  2123 D JobScheduler.Background: Job status updated: 2/2 checked/total jobs, 9 us
01-26 14:26:56.155  1534  2191 D NetworkPolicy: no need to update restrict data rules for uid 10138
01-26 14:26:56.155  1534  2191 D NetworkPolicy: no need to update restrict power rules for uid 10138
01-26 14:26:56.155  1534  1534 D JobScheduler: MSG_CHECK_CHANGED_JOB_LIST
01-26 14:26:56.155  1534  1534 D JobScheduler: Check changed jobs...
01-26 14:26:56.155  1534  1534 D JobScheduler: maybeQueueReadyJobsForExecutionLocked: Not running anything.
01-26 14:26:56.155  1534  1534 D JobScheduler: pending queue: 0 jobs.
01-26 14:26:56.155  1534  1534 D JobScheduler.Concurrency: Pending queue: 
01-26 14:26:56.155  1534  1534 D JobScheduler.Quota: Processing event 6 for <0>com.android.permissioncontroller
01-26 14:26:56.317  1534  1534 D JobScheduler: UID 10032 bias changed from 40 to 0
01-26 14:26:56.317  1534  1534 D JobScheduler.Battery: maybeReportNewChargingStateLocked: true/true/true
01-26 14:26:56.317  1534  1534 D JobScheduler: pending queue: 0 jobs.
01-26 14:26:56.317  1534  1534 D JobScheduler.Concurrency: Pending queue: 
01-26 14:26:56.317  1534  2191 D NetworkPolicy: metered-allowlist for 10032 changed to false
01-26 14:26:56.317  1534  1534 D JobScheduler: MSG_CHECK_JOB_GREEDY
01-26 14:26:56.317  1534  1534 D JobScheduler: queuing all ready jobs for execution:
01-26 14:26:56.317  1534  2191 D NetworkPolicy: metered-allowlist for 20032 changed to false
01-26 14:26:56.317  1534  2191 D NetworkManagement: oldRule = 0, newRule=0 for uid=10032 on chain 2
01-26 14:26:56.317  1534  2191 D NetworkManagement: !!!!! Skipping change
01-26 14:26:56.317  1534  2191 D NetworkManagement: oldRule = 0, newRule=0 for uid=20032 on chain 2
01-26 14:26:56.317  1534  2191 D NetworkManagement: !!!!! Skipping change
01-26 14:26:56.318  1534  1534 I JobScheduler.Connectivity: evaluateStateLocked finds job JobStatus{e3fc1c0 #u0a115/124 com.android.remoteprovisioner/androidx.work.impl.background.systemjob.SystemJobService u=0 s=10115 TIME=+23h31m12s121ms:none NET satisfied:0x1b400000 unsatisfied:0x80000000} would not be ready.
01-26 14:26:56.318  1534  1534 I JobScheduler.Connectivity: evaluateStateLocked finds job JobStatus{c2c56fa #u0a100/100 com.realwear.fota/.manager.JobScheduleManager u=0 s=10100 TIME=+4m31s146ms:+23h59m31s146ms NET PERSISTED satisfied:0x1b400000 unsatisfied:0x80000000} would not be ready.
01-26 14:26:56.318  1534  1534 I JobScheduler.Connectivity: evaluateStateLocked finds job JobStatus{8ae2ef9 #u0a27/93 com.android.statementservice/androidx.work.impl.background.systemjob.SystemJobService u=0 s=10027 NET IDLE satisfied:0x1b400000 unsatisfied:0x4} would not be ready.
01-26 14:26:56.318  1534  1534 I JobScheduler.Connectivity: evaluateStateLocked finds job JobStatus{dc4b6cd #1000/52417896 android/com.android.server.backup.KeyValueBackupJob u=0 s=1000 TIME=+3h34m15s606ms:+23h31m7s523ms NET CHARGING satisfied:0x1b400003 unsatisfied:0x80000000} would not be ready.
01-26 14:26:56.318  1534  1534 I JobScheduler.Connectivity: evaluateStateLocked finds job JobStatus{d2d2424 #1000/52418896 android/com.android.server.backup.FullBackupJob u=0 s=1000 NET CHARGING IDLE satisfied:0x1b400003 unsatisfied:0x4} would not be ready.
01-26 14:26:56.319  1534  1534 I JobScheduler.Connectivity: evaluateStateLocked finds job JobStatus{8b3d6fd #1000/2 com.realwear.deviceagent/.metrics.MetricsCollectionJob u=0 s=1000 TIME=+23h31m14s270ms:+1d23h31m14s270ms NET PERIODIC satisfied:0x1b400000 unsatisfied:0x80000000} would not be ready.
01-26 14:26:56.319  1534  1534 D JobScheduler: No jobs pending.
01-26 14:26:56.319  1534  1534 D JobScheduler: pending queue: 0 jobs.
01-26 14:26:56.319  1534  1534 D JobScheduler.Concurrency: Pending queue: 
01-26 14:26:56.339  1534  1534 D JobScheduler.Quota: Processing event 23 for <0>com.realwear.launcher
01-26 14:26:56.618  2292  2292 D PowerUI : buckets   .....25 .. 20 .. 10
01-26 14:26:56.618  2292  2292 D PowerUI : level          96 --> 96
01-26 14:26:56.618  2292  2292 D PowerUI : status         5 --> 5
01-26 14:26:56.618  2292  2292 D PowerUI : plugType       1 --> 1
01-26 14:26:56.618  2292  2292 D PowerUI : invalidCharger 0 --> 0
01-26 14:26:56.618  2292  2292 D PowerUI : bucket         1 --> 1
01-26 14:26:56.618  2292  2292 D PowerUI : plugged        true --> true
01-26 14:26:56.726  1534  5281 D CoreBackPreview: Window{9ecce64 u0 com.realwear.wearhf}: Setting back callback OnBackInvokedCallbackInfo{mCallback=android.window.IOnBackInvokedCallback$Stub$Proxy@d6ce582, mPriority=0}
01-26 14:26:57.024  1534  2078 I ActivityTaskManager: START u0 {act=android.intent.action.MAIN cmp=com.android.settings/.SubSettings (has extras)} from uid 1000
01-26 14:26:57.038  1534  2358 I ActivityTaskManager: The Process com.android.settings Already Exists in BG. So sending its PID: 2615
01-26 14:26:57.039  1534  2358 W ActivityTaskManager: Tried to set launchTime (0) < mLastActivityLaunchTime (817627)
01-26 14:26:57.039  1534  1534 D JobScheduler.Quota: Processing event 2 for <0>com.android.settings
01-26 14:26:57.039  1534  1534 D JobScheduler.Quota: Crediting <0>com.android.settings 10000ms for 1 time chunks
01-26 14:26:57.039  1534  1534 D JobScheduler.Quota: debits overflowed by -10000
01-26 14:26:57.056  1534  1534 D JobScheduler.Quota: Processing event 1 for <0>com.android.settings
01-26 14:26:57.056  1534  1534 D JobScheduler.Quota: Processing event 31 for <0>com.android.settings
01-26 14:26:57.060  1534  2113 D BatteryService: POWER_SUPPLY_PRESENT = 1
01-26 14:26:57.061  1534  2113 D BatteryService: Missing Battery = false
01-26 14:26:57.330  1534  3203 D CoreBackPreview: Window{700b4fb u0 com.android.settings/com.android.settings.SubSettings}: Setting back callback OnBackInvokedCallbackInfo{mCallback=android.window.IOnBackInvokedCallback$Stub$Proxy@cdb4f71, mPriority=-1}
01-26 14:26:57.356  1534  5526 D IntervalStats: Unable to parse usage stats packages: [209, 210, 211, 212, 213, 219, 221, 228, 235, 236, 241, 261]
01-26 14:26:57.542  1534  5067 D IntervalStats: Unable to parse usage stats packages: [209, 210, 211, 212, 213, 219, 221, 228, 235, 236, 241, 261]
01-26 14:26:57.900  1534  1534 D JobScheduler.Quota: Processing event 23 for <0>com.android.settings
01-26 14:26:58.660  1534  2618 I ActivityTaskManager: START u0 {act=android.intent.action.MAIN cmp=com.android.settings/.SubSettings (has extras)} from uid 1000
01-26 14:26:58.682  1534  5281 I ActivityTaskManager: The Process com.android.settings Already Exists in BG. So sending its PID: 2615
01-26 14:26:58.684  1534  5281 W ActivityTaskManager: Tried to set launchTime (0) < mLastActivityLaunchTime (1758928)
01-26 14:26:58.685  1534  1534 D JobScheduler.Quota: Processing event 2 for <0>com.android.settings
01-26 14:26:58.685  1534  1534 D JobScheduler.Quota: Crediting <0>com.android.settings 10000ms for 1 time chunks
01-26 14:26:58.685  1534  1534 D JobScheduler.Quota: debits overflowed by -10000
01-26 14:26:58.699  1534  1534 D JobScheduler.Quota: Processing event 1 for <0>com.android.settings
01-26 14:26:58.699  1534  1534 D JobScheduler.Quota: Processing event 31 for <0>com.android.settings
01-26 14:26:58.839  2615  2615 W LocaleConfig: The resource file pointed to by the given resource ID isn't found.
01-26 14:26:58.841  2615  2615 W LocaleConfig: The resource file pointed to by the given resource ID isn't found.
01-26 14:26:58.974  2615  2615 W LocaleConfig: The resource file pointed to by the given resource ID isn't found.
01-26 14:26:58.998  1534  2509 D IntervalStats: Unable to parse usage stats packages: [223, 225, 226, 227, 228, 229, 230, 231]
01-26 14:26:59.002  1534  2509 D IntervalStats: Unable to parse usage stats packages: [233, 234, 235]
01-26 14:26:59.009  1534  2509 D IntervalStats: Unable to parse usage stats packages: [235, 236, 237, 238, 239, 240, 241, 242, 243, 244, 245, 246, 248, 249, 250, 251]
01-26 14:26:59.016  1534  2509 D IntervalStats: Unable to parse usage stats packages: [251, 252, 253, 254, 255, 256, 257, 258, 259, 260, 261]
01-26 14:26:59.017  1534  2509 D IntervalStats: Unable to parse event packages: [261]
01-26 14:26:59.020  1534  2509 D IntervalStats: Unable to parse usage stats packages: [261, 262, 265, 266, 268]
01-26 14:26:59.021  1534  2509 D IntervalStats: Unable to parse event packages: [268]
01-26 14:26:59.054  1534  2797 D IntervalStats: Unable to parse usage stats packages: [223, 225, 226, 227, 228, 229, 230, 231]
01-26 14:26:59.058  1534  2797 D IntervalStats: Unable to parse usage stats packages: [233, 234, 235]
01-26 14:26:59.067  1534  2797 D IntervalStats: Unable to parse usage stats packages: [235, 236, 237, 238, 239, 240, 241, 242, 243, 244, 245, 246, 248, 249, 250, 251]
01-26 14:26:59.077  1534  2797 D IntervalStats: Unable to parse usage stats packages: [251, 252, 253, 254, 255, 256, 257, 258, 259, 260, 261]
01-26 14:26:59.078  1534  2797 D IntervalStats: Unable to parse event packages: [261]
01-26 14:26:59.082  1534  2797 D IntervalStats: Unable to parse usage stats packages: [261, 262, 265, 266, 268]
01-26 14:26:59.083  1534  2797 D IntervalStats: Unable to parse event packages: [268]
01-26 14:26:59.099  1534  5067 W PackageConfigPersister: App-specific configuration not found for packageName: com.realwear.imagettext and userId: 0
01-26 14:26:59.155  1534  5526 D CoreBackPreview: Window{93f4325 u0 com.android.settings/com.android.settings.SubSettings}: Setting back callback OnBackInvokedCallbackInfo{mCallback=android.window.IOnBackInvokedCallback$Stub$Proxy@49ce2ab, mPriority=-1}
01-26 14:26:59.278  1534  1534 D JobScheduler.Quota: Processing event 31 for <0>com.android.permissioncontroller
01-26 14:26:59.521  1534  3199 E TaskPersister: File error accessing recents directory (directory doesn't exist?).
01-26 14:26:59.661  1534  1534 D JobScheduler.Quota: Processing event 23 for <0>com.android.settings
01-26 14:27:00.049  1534  5251 E UserRestrictionsUtils: Unknown restriction queried by uid 1000 (com.android.providers.settings et al): com.realwear.imagettext
01-26 14:27:00.054  1534  1904 I DropBoxManagerService: add tag=system_server_wtf isTagEnabled=true flags=0x2
01-26 14:27:00.056  1534  5067 I ActivityTaskManager: START u0 {act=android.intent.action.UNINSTALL_PACKAGE dat=package: cmp=com.android.packageinstaller/.UninstallerActivity (has extras)} from uid 1000
01-26 14:27:00.099  1534  5251 I ActivityTaskManager: The Process com.android.packageinstaller Already Exists in BG. So sending its PID: 4323
01-26 14:27:00.099  1534  1534 D JobScheduler.Quota: Processing event 2 for <0>com.android.settings
01-26 14:27:00.099  1534  1534 D JobScheduler.Quota: Crediting <0>com.android.settings 10000ms for 1 time chunks
01-26 14:27:00.099  1534  1534 D JobScheduler.Quota: debits overflowed by -10000
01-26 14:27:00.101  1534  5251 W ActivityTaskManager: Tried to set launchTime (0) < mLastActivityLaunchTime (820796)
01-26 14:27:00.118  1534  2191 D NetworkPolicy: no need to update restrict data rules for uid 10047
01-26 14:27:00.118  1534  2191 D NetworkPolicy: no need to update restrict power rules for uid 10047
01-26 14:27:00.122  1534  1856 D OomAdjuster: App adj change from cached state to fg state : 4323 com.android.packageinstaller
01-26 14:27:00.134  1534  1534 D JobScheduler.DeviceIdle: uid 10047 going active
01-26 14:27:00.134  1534  1534 D JobScheduler: pending queue: 0 jobs.
01-26 14:27:00.134  1534  1534 D JobScheduler.Concurrency: Pending queue: 
01-26 14:27:00.135  1534  2123 D JobScheduler.Background: Job status updated: 0/0 checked/total jobs, 1 us
01-26 14:27:00.135  1534  1534 D JobScheduler: UID 10047 bias changed from 0 to 40
01-26 14:27:00.135  1534  1534 D JobScheduler.Battery: maybeReportNewChargingStateLocked: true/true/true
01-26 14:27:00.135  1534  1534 D JobScheduler: pending queue: 0 jobs.
01-26 14:27:00.135  1534  1534 D JobScheduler.Concurrency: Pending queue: 
01-26 14:27:00.135  1534  1534 D JobScheduler: MSG_CHECK_JOB_GREEDY
01-26 14:27:00.135  1534  1534 D JobScheduler: queuing all ready jobs for execution:
01-26 14:27:00.138  1534  1534 I JobScheduler.Connectivity: evaluateStateLocked finds job JobStatus{e3fc1c0 #u0a115/124 com.android.remoteprovisioner/androidx.work.impl.background.systemjob.SystemJobService u=0 s=10115 TIME=+23h31m8s300ms:none NET satisfied:0x1b400000 unsatisfied:0x80000000} would not be ready.
01-26 14:27:00.138  1534  1534 I JobScheduler.Connectivity: evaluateStateLocked finds job JobStatus{c2c56fa #u0a100/100 com.realwear.fota/.manager.JobScheduleManager u=0 s=10100 TIME=+4m27s326ms:+23h59m27s326ms NET PERSISTED satisfied:0x1b400000 unsatisfied:0x80000000} would not be ready.
01-26 14:27:00.138  1534  1534 I JobScheduler.Connectivity: evaluateStateLocked finds job JobStatus{8ae2ef9 #u0a27/93 com.android.statementservice/androidx.work.impl.background.systemjob.SystemJobService u=0 s=10027 NET IDLE satisfied:0x1b400000 unsatisfied:0x4} would not be ready.
01-26 14:27:00.138  1534  1534 I JobScheduler.Connectivity: evaluateStateLocked finds job JobStatus{dc4b6cd #1000/52417896 android/com.android.server.backup.KeyValueBackupJob u=0 s=1000 TIME=+3h34m11s786ms:+23h31m3s703ms NET CHARGING satisfied:0x1b400003 unsatisfied:0x80000000} would not be ready.
01-26 14:27:00.138  1534  1534 I JobScheduler.Connectivity: evaluateStateLocked finds job JobStatus{d2d2424 #1000/52418896 android/com.android.server.backup.FullBackupJob u=0 s=1000 NET CHARGING IDLE satisfied:0x1b400003 unsatisfied:0x4} would not be ready.
01-26 14:27:00.138  1534  1534 I JobScheduler.Connectivity: evaluateStateLocked finds job JobStatus{8b3d6fd #1000/2 com.realwear.deviceagent/.metrics.MetricsCollectionJob u=0 s=1000 TIME=+23h31m10s451ms:+1d23h31m10s451ms NET PERIODIC satisfied:0x1b400000 unsatisfied:0x80000000} would not be ready.
01-26 14:27:00.139  1534  1534 D JobScheduler: No jobs pending.
01-26 14:27:00.139  1534  1534 D JobScheduler: pending queue: 0 jobs.
01-26 14:27:00.139  1534  1534 D JobScheduler.Concurrency: Pending queue: 
01-26 14:27:00.139  1534  1534 D JobScheduler.Quota: Processing event 6 for <0>com.android.packageinstaller
01-26 14:27:00.139  1534  1534 D JobScheduler.Quota: Processing event 1 for <0>com.android.packageinstaller
01-26 14:27:00.139  1534  1534 D JobScheduler.Quota: Processing event 31 for <0>com.android.packageinstaller
01-26 14:27:00.215  1534  2612 D CoreBackPreview: Window{6278af6 u0 com.android.packageinstaller/com.android.packageinstaller.UninstallerActivity}: Setting back callback OnBackInvokedCallbackInfo{mCallback=android.window.IOnBackInvokedCallback$Stub$Proxy@2b96082, mPriority=0}
01-26 14:27:00.235  1534  5067 D CoreBackPreview: Window{66edbc9 u0 com.android.packageinstaller/com.android.packageinstaller.UninstallerActivity}: Setting back callback OnBackInvokedCallbackInfo{mCallback=android.window.IOnBackInvokedCallback$Stub$Proxy@ebd25ef, mPriority=0}
01-26 14:27:00.456  4323  4323 D VRI[UninstallerActivity]: updatePointerIcon called with position out of bounds
01-26 14:27:00.457  4323  4323 D VRI[UninstallerActivity]: updatePointerIcon called with position out of bounds
01-26 14:27:00.494  4323  4323 D VRI[UninstallerActivity]: updatePointerIcon called with position out of bounds
01-26 14:27:00.515  4323  4323 D VRI[UninstallerActivity]: updatePointerIcon called with position out of bounds
01-26 14:27:00.543  4323  4323 D VRI[UninstallerActivity]: updatePointerIcon called with position out of bounds
01-26 14:27:00.548  4323  4323 D VRI[UninstallerActivity]: updatePointerIcon called with position out of bounds
01-26 14:27:00.555  4323  4323 D VRI[UninstallerActivity]: updatePointerIcon called with position out of bounds
01-26 14:27:00.571  4323  4323 D VRI[UninstallerActivity]: updatePointerIcon called with position out of bounds
01-26 14:27:00.596  4323  4323 D VRI[UninstallerActivity]: updatePointerIcon called with position out of bounds
01-26 14:27:00.630  4323  4323 D VRI[UninstallerActivity]: updatePointerIcon called with position out of bounds
01-26 14:27:00.654  4323  4323 D VRI[UninstallerActivity]: updatePointerIcon called with position out of bounds
01-26 14:27:00.663  4323  4323 D VRI[UninstallerActivity]: updatePointerIcon called with position out of bounds
01-26 14:27:00.671  4323  4323 D VRI[UninstallerActivity]: updatePointerIcon called with position out of bounds
01-26 14:27:00.679  4323  4323 D VRI[UninstallerActivity]: updatePointerIcon called with position out of bounds
01-26 14:27:00.688  4323  4323 D VRI[UninstallerActivity]: updatePointerIcon called with position out of bounds
01-26 14:27:00.704  4323  4323 D VRI[UninstallerActivity]: updatePointerIcon called with position out of bounds
01-26 14:27:01.354  1534  2612 I ActivityTaskManager: START u0 {flg=0x2000000 cmp=com.android.packageinstaller/.UninstallUninstalling (has extras)} from uid 10047
01-26 14:27:01.377  1534  2273 D CoreBackPreview: Window{6278af6 u0 com.android.packageinstaller/com.android.packageinstaller.UninstallerActivity}: Setting back callback null
01-26 14:27:01.410  1534  2273 I ActivityTaskManager: The Process com.android.packageinstaller Already Exists in BG. So sending its PID: 4323
01-26 14:27:01.411  1534  2273 W ActivityTaskManager: Tried to set launchTime (0) < mLastActivityLaunchTime (1761991)
01-26 14:27:01.428  1534  1534 D JobScheduler.Quota: Processing event 2 for <0>com.android.packageinstaller
01-26 14:27:01.428  1534  1534 D JobScheduler.Quota: Crediting <0>com.android.packageinstaller 10000ms for 1 time chunks
01-26 14:27:01.428  1534  1534 D JobScheduler.Quota: debits overflowed by -10000
01-26 14:27:01.433  1534  1534 D JobScheduler.Quota: Processing event 1 for <0>com.android.packageinstaller
01-26 14:27:01.433  1534  1534 D JobScheduler.Quota: Processing event 31 for <0>com.android.packageinstaller
01-26 14:27:01.443  1534  2273 D CompatibilityChangeReporter: Compat change id reported: 214016041; UID 10047; state: ENABLED
01-26 14:27:01.446  4323  4323 D VRI[UninstallerActivity]: updatePointerIcon called with position out of bounds
01-26 14:27:01.453  1534  1904 I ActivityManager: Force stopping com.realwear.imagettext appid=10242 user=0: deletePackageX
01-26 14:27:01.454  1534  1904 I ActivityManager: Killing 5537:com.realwear.imagettext/u0a242 (adj 700): stop com.realwear.imagettext due to deletePackageX
01-26 14:27:01.456  1534  1987 I AppsFilter: interaction: PackageSetting{be0cdda com.qds.aiagent/10186} -> PackageSetting{8b9f13a com.realwear.imagettext/10242} BLOCKED
01-26 14:27:01.460  1534  2123 D JobScheduler.Background: Job status updated: 0/0 checked/total jobs, 2 us
01-26 14:27:01.463  1534  1534 D JobScheduler.DeviceIdle: uid 10242 going inactive
01-26 14:27:01.463  1534  1534 D JobScheduler: pending queue: 0 jobs.
01-26 14:27:01.463  1534  1534 D JobScheduler.Concurrency: Pending queue: 
01-26 14:27:01.463  1534  1534 D JobScheduler: pending queue: 0 jobs.
01-26 14:27:01.463  1534  1534 D JobScheduler.Concurrency: Pending queue: 
01-26 14:27:01.463  1534  1904 W ActivityTaskManager: Force removing ActivityRecord{e9e6ce3 u0 com.realwear.imagettext/.MainActivity} t620 f}}: app died, no saved state
01-26 14:27:01.464  1534  1899 W UsageStatsService: Unexpected activity event reported! (com.realwear.imagettext/com.realwear.imagettext.MainActivity event : 23 instanceId : 150469906)
01-26 14:27:01.477  1534  1987 I PackageManager: Removing permission com.realwear.imagettext.DYNAMIC_RECEIVER_NOT_EXPORTED_PERMISSION that used to be declared by com.realwear.imagettext
01-26 14:27:01.477  1534  1987 I PackageManager: Permission ownership changed. Updating all permissions.
01-26 14:27:01.590  1534  1534 W Looper  : Slow dispatch took 108ms main h=com.android.server.accessibility.AccessibilityManagerService$MainHandler c=<recycled PooledLambda@4291f9c> m=0
01-26 14:27:01.592  1534  1853 W Looper  : Slow dispatch took 114ms android.fg h=android.os.Handler c=<recycled PooledLambda@fb596cd> m=0
01-26 14:27:01.600   591   591 I keystore2: keystore2::maintenance: maintenance.rs fn clear_namespace
01-26 14:27:01.600   591   591 I keystore2: keystore2::legacy_importer: legacy_importer.rs fn bulk_delete_uid
01-26 14:27:01.600   591   591 I keystore2: keystore2::legacy_importer: legacy_importer.rs fn check_state
01-26 14:27:01.600   591   591 I keystore2: keystore2::database: database.rs fn unbind_keys_for_namespace
01-26 14:27:01.607  1534  2358 I WindowManager: WIN DEATH: Window{47d34a3 u0 com.realwear.imagettext/com.realwear.imagettext.MainActivity}
01-26 14:27:01.608   591  6180 I keystore2: keystore2::legacy_blob: legacy_blob.rs fn list_legacy_keystore_entries_for_uid
01-26 14:27:01.609   591  6179 I keystore2: keystore2::database: database.rs fn handle_next_superseded_blobs
01-26 14:27:01.616  1534  5067 D CoreBackPreview: Window{df0eb48 u0 com.android.packageinstaller/com.android.packageinstaller.UninstallUninstalling}: Setting back callback OnBackInvokedCallbackInfo{mCallback=android.window.IOnBackInvokedCallback$Stub$Proxy@4462dce, mPriority=0}
01-26 14:27:01.617  1534  5506 W WindowManager: Cannot find window which accessibility connection is added to
01-26 14:27:01.626  1534  1856 W ActivityManager: setHasOverlayUi called on unknown pid: 5537
01-26 14:27:01.628  1534  3199 E TaskPersister: File error accessing recents directory (directory doesn't exist?).
01-26 14:27:01.636  1534  2077 D CoreBackPreview: Window{3dbd285 u0 com.android.packageinstaller/com.android.packageinstaller.UninstallUninstalling}: Setting back callback OnBackInvokedCallbackInfo{mCallback=android.window.IOnBackInvokedCallback$Stub$Proxy@afaabe8, mPriority=0}
01-26 14:27:01.637  1534  1987 I ActivityManager: Force stopping com.realwear.imagettext appid=10242 user=0: pkg removed
01-26 14:27:01.638  1534  1987 I WindowManager:   Force removing ActivityRecord{e9e6ce3 u0 com.realwear.imagettext/.MainActivity} t620 f} isExiting}
01-26 14:27:01.639  1534  1987 W WindowManager: removeAppToken: Attempted to remove non-existing token: Token{8f7fd12 ActivityRecord{e9e6ce3 u0 com.realwear.imagettext/.MainActivity} t620 f} isExiting}}
01-26 14:27:01.643  4323  4323 D VRI[UninstallerActivity]: updatePointerIcon called with position out of bounds
01-26 14:27:01.667  1534  3199 E TaskPersister: File error accessing recents directory (directory doesn't exist?).
01-26 14:27:01.703  1534  2113 D BatteryService: POWER_SUPPLY_PRESENT = 1
01-26 14:27:01.703  1534  2113 D BatteryService: Missing Battery = false
01-26 14:27:01.747   591  6180 I keystore2: keystore2::legacy_blob: legacy_blob.rs fn read_legacy_keystore_entry
01-26 14:27:01.747   591  6180 I keystore2: keystore2::legacy_blob: legacy_blob.rs fn make_legacy_keystore_entry_filename
01-26 14:27:01.747   591  6180 I keystore2: keystore2::legacy_blob: legacy_blob.rs fn is_keystore_alias VPNAPPEXCLUDED_0_[Legacy VPN]
01-26 14:27:01.747   591  6180 I keystore2: keystore2::legacy_blob: legacy_blob.rs fn read_generic_blob_decrypt_with
01-26 14:27:01.768  1534  2128 I RollbackManager: broadcast=ACTION_PACKAGE_FULLY_REMOVED pkg=com.realwear.imagettext
01-26 14:27:01.789  1534  2190 D NetworkManagement: oldRule = 0, newRule=0 for uid=10242 on chain 1
01-26 14:27:01.789  1534  2190 D NetworkManagement: !!!!! Skipping change
01-26 14:27:01.789  1534  2190 D NetworkManagement: oldRule = 0, newRule=0 for uid=10242 on chain 2
01-26 14:27:01.789  1534  2190 D NetworkManagement: !!!!! Skipping change
01-26 14:27:01.789  1534  2190 D NetworkManagement: oldRule = 0, newRule=0 for uid=10242 on chain 3
01-26 14:27:01.789  1534  2190 D NetworkManagement: !!!!! Skipping change
01-26 14:27:01.789  1534  2190 D NetworkManagement: oldRule = 0, newRule=0 for uid=10242 on chain 4
01-26 14:27:01.789  1534  2190 D NetworkManagement: !!!!! Skipping change
01-26 14:27:01.789  1534  2190 D NetworkManagement: oldRule = 0, newRule=0 for uid=10242 on chain 5
01-26 14:27:01.789  1534  2190 D NetworkManagement: !!!!! Skipping change
01-26 14:27:01.790  1534  2190 D NetworkPolicy: metered-allowlist for 10242 changed to false
01-26 14:27:01.790  1534  2190 D NetworkPolicy: metered-denylist for 10242 changed to false
01-26 14:27:01.798  1534  2190 D NetworkManagement: oldRule = 0, newRule=0 for uid=20242 on chain 1
01-26 14:27:01.798  1534  2190 D NetworkManagement: !!!!! Skipping change
01-26 14:27:01.798  1534  2190 D NetworkManagement: oldRule = 0, newRule=0 for uid=20242 on chain 2
01-26 14:27:01.798  1534  2190 D NetworkManagement: !!!!! Skipping change
01-26 14:27:01.798  1534  2190 D NetworkManagement: oldRule = 0, newRule=0 for uid=20242 on chain 3
01-26 14:27:01.798  1534  2190 D NetworkManagement: !!!!! Skipping change
01-26 14:27:01.798  1534  2190 D NetworkManagement: oldRule = 0, newRule=0 for uid=20242 on chain 4
01-26 14:27:01.798  1534  2190 D NetworkManagement: !!!!! Skipping change
01-26 14:27:01.798  1534  2190 D NetworkManagement: oldRule = 0, newRule=0 for uid=20242 on chain 5
01-26 14:27:01.798  1534  2190 D NetworkManagement: !!!!! Skipping change
01-26 14:27:01.798  1534  2190 D NetworkPolicy: metered-allowlist for 20242 changed to false
01-26 14:27:01.798  1534  2190 D NetworkPolicy: metered-denylist for 20242 changed to false
01-26 14:27:01.799  4323  4323 D VRI[UninstallUninstalling]: updatePointerIcon called with position out of bounds
01-26 14:27:01.799  4323  4323 D VRI[UninstallUninstalling]: updatePointerIcon called with position out of bounds
01-26 14:27:01.828  4323  4323 D VRI[UninstallUninstalling]: updatePointerIcon called with position out of bounds
01-26 14:27:01.846  1534  5506 W ActivityTaskManager: Duplicate finish request for r=ActivityRecord{42e52b6 u0 com.android.settings/.SubSettings} t619 f}}
01-26 14:27:01.854  1534  1853 W Looper  : Slow dispatch took 108ms android.fg h=android.os.Handler c=<recycled PooledLambda@e7841e3> m=0
01-26 14:27:01.856  1534  1853 W Looper  : Slow delivery took 261ms android.fg h=android.os.Handler c=<recycled PooledLambda@953d23b> m=0
01-26 14:27:01.865  1534  2191 D NetworkPolicy: no need to update restrict data rules for uid 10047
01-26 14:27:01.865  1534  2191 D NetworkPolicy: no need to update restrict power rules for uid 10047
01-26 14:27:01.869  1534  2123 D JobScheduler.Background: Job status updated: 34/34 checked/total jobs, 101 us
01-26 14:27:01.869  1534  2123 D NetworkPolicy: no need to update restrict power rules for uid 1000
01-26 14:27:01.870  1534  2123 E JobScheduler.Quota: maybeScheduleStartAlarmLocked called for <0>android even though it already has 600000ms in its quota.
01-26 14:27:01.870  1534  2123 E JobScheduler.Quota: maybeScheduleStartAlarmLocked called for <0>com.android.providers.settings even though it already has 600000ms in its quota.
01-26 14:27:01.872  1534  2123 E JobScheduler.Quota: maybeScheduleStartAlarmLocked called for <0>com.realwear.deviceagent even though it already has 600000ms in its quota.
01-26 14:27:01.872  1534  2509 D CompatibilityChangeReporter: Compat change id reported: 151105954; UID 1000; state: ENABLED
01-26 14:27:01.872  1534  2123 E JobScheduler.Quota: maybeScheduleStartAlarmLocked called for <0>com.android.settings even though it already has 600000ms in its quota.
01-26 14:27:01.873  1534  2509 D CompatibilityChangeReporter: Compat change id reported: 151105954; UID 1000; state: DISABLED
01-26 14:27:01.874  1534  2509 E AppOps  : package com.realwear.imagettext not found, can't check for attributionTag null
01-26 14:27:01.874  1534  2509 E AppOps  : Bad call made by uid 1000. Package "com.realwear.imagettext" does not belong to uid 10242.
01-26 14:27:01.875  1534  2509 E AppOps  : noteOperation
01-26 14:27:01.875  1534  2509 E AppOps  : java.lang.SecurityException: Specified package "com.realwear.imagettext" under uid 10242 but it is not
01-26 14:27:01.875  1534  2509 E AppOps  : 	at com.android.server.appop.AppOpsService.verifyAndGetBypass(AppOpsService.java:4692)
01-26 14:27:01.875  1534  2509 E AppOps  : 	at com.android.server.appop.AppOpsService.noteOperationUnchecked(AppOpsService.java:3455)
01-26 14:27:01.875  1534  2509 E AppOps  : 	at com.android.server.appop.AppOpsService.noteOperationImpl(AppOpsService.java:3443)
01-26 14:27:01.875  1534  2509 E AppOps  : 	at com.android.server.appop.AppOpsService.-$$Nest$mnoteOperationImpl(Unknown Source:0)
01-26 14:27:01.875  1534  2509 E AppOps  : 	at com.android.server.appop.AppOpsService$CheckOpsDelegateDispatcher.lambda$noteOperation$4(AppOpsService.java:7638)
01-26 14:27:01.875  1534  2509 E AppOps  : 	at com.android.server.appop.AppOpsService$CheckOpsDelegateDispatcher.$r8$lambda$oOwUoG55BBmJ6yiwhp3OAq3tQ30(Unknown Source:0)
01-26 14:27:01.875  1534  2509 E AppOps  : 	at com.android.server.appop.AppOpsService$CheckOpsDelegateDispatcher$$ExternalSyntheticLambda3.apply(Unknown Source:32)
01-26 14:27:01.875  1534  2509 E AppOps  : 	at com.android.server.policy.AppOpsPolicy.noteOperation(AppOpsPolicy.java:225)
01-26 14:27:01.875  1534  2509 E AppOps  : 	at com.android.server.appop.AppOpsService$CheckOpsDelegateDispatcher.noteOperation(AppOpsService.java:7636)
01-26 14:27:01.875  1534  2509 E AppOps  : 	at com.android.server.appop.AppOpsService.noteOperation(AppOpsService.java:3427)
01-26 14:27:01.875  1534  2509 E AppOps  : 	at com.android.internal.app.IAppOpsService$Stub.onTransact(IAppOpsService.java:479)
01-26 14:27:01.875  1534  2509 E AppOps  : 	at android.os.Binder.execTransactInternal(Binder.java:1280)
01-26 14:27:01.875  1534  2509 E AppOps  : 	at android.os.Binder.execTransact(Binder.java:1244)
01-26 14:27:01.883  1534  1534 I NotificationService: action=android.intent.action.PACKAGE_REMOVED removing=true
01-26 14:27:01.884  1534  1534 I GameManagerService: Disabling downscale for com.realwear.imagettext
01-26 14:27:01.910  1534  1899 W TextServicesManagerService: no available spell checker services found
01-26 14:27:01.913  1534  1534 D RemoteDisplayProvider: Received package manager broadcast: Intent { act=android.intent.action.PACKAGE_REMOVED dat=package: flg=0x4000010 (has extras) }
01-26 14:27:01.914  1534  1534 D Telecom : Logging: START_SESSION
01-26 14:27:01.915  1534  1534 D Telecom : Logging: END_SESSION (dur: 0 ms): DDC.oR@AEk
01-26 14:27:01.919  1534  1534 D Telecom : Logging: START_SESSION
01-26 14:27:01.919  1534  1534 I Telecom : CarModeTracker: Package com.realwear.imagettext is not tracked.: SSH.oR@AEo
01-26 14:27:01.919  1534  1534 I Telecom : InCallController: updateCarModeForConnections: car mode apps: : SSH.oR@AEo
01-26 14:27:01.919  1534  1534 D Telecom : Logging: END_SESSION (dur: 0 ms): SSH.oR@AEo
01-26 14:27:01.920  1534  1534 D MR2ProviderWatcher: Received package manager broadcast: Intent { act=android.intent.action.PACKAGE_REMOVED dat=package: flg=0x4000010 (has extras) }
01-26 14:27:01.920  1534  1534 D JobScheduler: Receieved: android.intent.action.PACKAGE_FULLY_REMOVED
01-26 14:27:01.920  1534  1534 D JobScheduler: Removing jobs for com.realwear.imagettext (uid=10242)
01-26 14:27:01.921  1534  1534 D JobScheduler: UID 10047 bias changed from 40 to 0
01-26 14:27:01.921  1534  1534 D JobScheduler.Battery: maybeReportNewChargingStateLocked: true/true/true
01-26 14:27:01.921  1534  1534 D JobScheduler: pending queue: 0 jobs.
01-26 14:27:01.921  1534  1534 D JobScheduler.Concurrency: Pending queue: 
01-26 14:27:01.922  1534  1534 D JobScheduler.Quota: Checking pkg <0>android
01-26 14:27:01.922  1534  1534 D JobScheduler.Quota: Checking pkg <0>com.android.providers.settings
01-26 14:27:01.922  1534  1534 D JobScheduler.Quota: Checking pkg <0>com.realwear.deviceagent
01-26 14:27:01.922  1534  1534 D JobScheduler.Quota: Checking pkg <0>com.android.settings
01-26 14:27:01.922  1534  1534 D NotificationListeners: onPackagesChanged removingPackage=true pkgList=[com.realwear.imagettext] mEnabledServicesPackageNames={}
01-26 14:27:01.922  1534  1534 D NotificationAssistants: onPackagesChanged removingPackage=true pkgList=[com.realwear.imagettext] mEnabledServicesPackageNames={android.ext.services}
01-26 14:27:01.925  1534  1534 I ConditionProviders: Disallowing condition provider com.realwear.imagettext (userSet: true)
01-26 14:27:01.925  1534  1534 D ConditionProviders: rebindServices false 0
01-26 14:27:01.929  1534  1534 D ConditionProviders: onPackagesChanged removingPackage=true pkgList=[com.realwear.imagettext] mEnabledServicesPackageNames={}
01-26 14:27:01.935  1534  1534 D JobScheduler.DeviceIdle: Got temp whitelist [1000]
01-26 14:27:01.941  1534  1534 D JobScheduler: MSG_CHECK_JOB_GREEDY
01-26 14:27:01.941  1534  1534 D JobScheduler: queuing all ready jobs for execution:
01-26 14:27:01.942  1534  1534 I JobScheduler.Connectivity: evaluateStateLocked finds job JobStatus{e3fc1c0 #u0a115/124 com.android.remoteprovisioner/androidx.work.impl.background.systemjob.SystemJobService u=0 s=10115 TIME=+23h31m6s496ms:none NET satisfied:0x1b400000 unsatisfied:0x80000000} would not be ready.
01-26 14:27:01.942  1534  1534 I JobScheduler.Connectivity: evaluateStateLocked finds job JobStatus{c2c56fa #u0a100/100 com.realwear.fota/.manager.JobScheduleManager u=0 s=10100 TIME=+4m25s522ms:+23h59m25s522ms NET PERSISTED satisfied:0x1b400000 unsatisfied:0x80000000} would not be ready.
01-26 14:27:01.943  1534  1534 I JobScheduler.Connectivity: evaluateStateLocked finds job JobStatus{8ae2ef9 #u0a27/93 com.android.statementservice/androidx.work.impl.background.systemjob.SystemJobService u=0 s=10027 NET IDLE satisfied:0x1b400000 unsatisfied:0x4} would not be ready.
01-26 14:27:01.943  1534  1534 I JobScheduler.Connectivity: evaluateStateLocked finds job JobStatus{dc4b6cd #1000/52417896 android/com.android.server.backup.KeyValueBackupJob u=0 s=1000 TIME=+3h34m9s981ms:+23h31m1s898ms NET CHARGING satisfied:0x1b400003 unsatisfied:0x80000000} would not be ready.
01-26 14:27:01.943  1534  1534 I JobScheduler.Connectivity: evaluateStateLocked finds job JobStatus{d2d2424 #1000/52418896 android/com.android.server.backup.FullBackupJob u=0 s=1000 NET CHARGING IDLE satisfied:0x1b400003 unsatisfied:0x4} would not be ready.
01-26 14:27:01.943  1534  1534 I JobScheduler.Connectivity: evaluateStateLocked finds job JobStatus{8b3d6fd #1000/2 com.realwear.deviceagent/.metrics.MetricsCollectionJob u=0 s=1000 TIME=+23h31m8s646ms:+1d23h31m8s646ms NET PERIODIC satisfied:0x1b400000 unsatisfied:0x80000000} would not be ready.
01-26 14:27:01.943  1534  1534 D JobScheduler: No jobs pending.
01-26 14:27:01.944  1534  1534 D JobScheduler: pending queue: 0 jobs.
01-26 14:27:01.944  1534  1534 D JobScheduler.Concurrency: Pending queue: 
01-26 14:27:01.949  1534  1534 D JobScheduler.Quota: Processing event 31 for <0>com.android.keychain
01-26 14:27:01.949  1534  1534 D JobScheduler.Quota: Processing event 2 for <0>com.android.packageinstaller
01-26 14:27:01.949  1534  1534 D JobScheduler.Quota: Crediting <0>com.android.packageinstaller 0ms for 0 time chunks
01-26 14:27:01.949  1534  1534 D JobScheduler.Quota: debits overflowed by 0
01-26 14:27:01.949  1534  1534 D JobScheduler.Quota: Processing event 1 for <0>com.android.settings
01-26 14:27:01.949  1534  1534 D JobScheduler.Quota: Processing event 31 for <0>com.android.settings
01-26 14:27:01.960  1534  2612 D JobScheduler: Enqueueing job: (job:-300/com.android.providers.media.module/com.android.providers.media.MediaService) work: JobWorkItem{id=0 intent=Intent { act=android.intent.action.PACKAGE_FULLY_REMOVED dat=package: flg=0x5000010 cmp=com.android.providers.media.module/com.android.providers.media.MediaService (has extras) }}
01-26 14:27:01.961  1534  2612 D JobScheduler: SCHEDULE: 826c5fd #u0a140/-300 com.android.providers.media.module/com.android.providers.media.MediaService
01-26 14:27:01.961  1534  2612 D JobStore: Added job status to store: JobStatus{826c5fd #u0a140/-300 com.android.providers.media.module/com.android.providers.media.MediaService u=0 s=10140 TIME=none:0 WAIT:DEV_NOT_DOZING satisfied:0x0 unsatisfied:0x0}
01-26 14:27:01.962  1534  2612 D JobScheduler: pending queue: 1 jobs.
01-26 14:27:01.962  1534  2612 D JobScheduler.Concurrency: Pending queue: (-300, 10140) 
01-26 14:27:01.975  1534  2612 D JobScheduler.Concurrency: running jobs initial: 
01-26 14:27:01.975  1534  2612 D JobScheduler.Concurrency: running jobs final:  (18201111=-300/10140)
01-26 14:27:01.975  1534  2612 D JobScheduler.Concurrency: assignJobsToContexts: Config={tot=11 mins={1=4, 2=1, 4=3, 8=2, 16=1, 32=0} maxs={1=11, 2=11, 4=11, 8=6, 16=2, 32=3}}, act res={1=0, 2=1, 4=0, 8=0, 16=0, 32=0}, Pending={2=0}, Running={}, Staged={2=1}, # unspecialized remaining=10
01-26 14:27:01.975  1534  2612 D JobScheduler.Concurrency: About to run job on context 18201111, job: JobStatus{826c5fd #u0a140/-300 com.android.providers.media.module/com.android.providers.media.MediaService u=0 s=10140 TIME=none:-14ms READY}
01-26 14:27:01.977  1534  2612 D JobScheduler.Quota: Prepping for 826c5fd #u0a140/-300 com.android.providers.media.module/com.android.providers.media.MediaService
01-26 14:27:01.977  1534  2612 D JobScheduler.Quota: 826c5fd #u0a140/-300 com.android.providers.media.module/com.android.providers.media.MediaService is top started job
01-26 14:27:01.977  1534  5314 D IntervalStats: Unable to parse usage stats packages: [223, 225, 226, 227, 228, 229, 230, 231]
01-26 14:27:01.978  1534  2612 D JobServiceContext: Scheduling time out for 'com.android.providers.media.MediaService' jId: -300, in 18 s
01-26 14:27:01.982  1534  5314 D IntervalStats: Unable to parse usage stats packages: [233, 234, 235]
01-26 14:27:01.990  1534  5314 D IntervalStats: Unable to parse usage stats packages: [235, 236, 237, 238, 239, 240, 241, 242, 243, 244, 245, 246, 248, 249, 250, 251]
01-26 14:27:01.996  1534  5314 D IntervalStats: Unable to parse usage stats packages: [251, 252, 253, 254, 255, 256, 257, 258, 259, 260, 261]
01-26 14:27:01.997  1534  5314 D IntervalStats: Unable to parse event packages: [261]
01-26 14:27:02.001  1534  5314 D IntervalStats: Unable to parse usage stats packages: [261, 262, 265, 266, 268]
01-26 14:27:02.001  1534  5314 D IntervalStats: Unable to parse event packages: [268]
01-26 14:27:02.006  1534  1534 D JobScheduler.Quota: Processing event 2 for <0>com.android.settings
01-26 14:27:02.007  1534  1534 D JobScheduler.Quota: Crediting <0>com.android.settings 0ms for 0 time chunks
01-26 14:27:02.007  1534  1534 D JobScheduler.Quota: debits overflowed by 0
01-26 14:27:02.008  1534  1534 D JobScheduler.Quota: Processing event 31 for <0>android.ext.services
01-26 14:27:02.008  1534  1534 D JobScheduler.Quota: Processing event 1 for <0>com.android.settings
01-26 14:27:02.013  1534  1534 D JobScheduler.Quota: Processing event 31 for <0>com.android.settings
01-26 14:27:02.013  1534  1534 D JobScheduler.Quota: Processing event 6 for <0>com.android.keychain
01-26 14:27:02.058  1534  1534 D Telecom : Logging: START_SESSION
01-26 14:27:02.058  1534  1534 D Telecom : Logging: END_SESSION (dur: 0 ms): TSI.cA@AEs
01-26 14:27:02.062  1534  1534 D JobServiceContext: handleServiceBound for 826c5fd #u0a140/-300 com.android.providers.media.module/com.android.providers.media.MediaService
01-26 14:27:02.062  1534  1534 D JobServiceContext: Scheduling time out for 'com.android.providers.media.MediaService' jId: -300, in 8 s
01-26 14:27:02.068  1534  2358 D JobServiceContext: doCallback of : JobStatus{826c5fd #u0a140/-300 com.android.providers.media.module/com.android.providers.media.MediaService u=0 s=10140 TIME=none:-107ms READY} v:VERB_STARTING
01-26 14:27:02.069  1534  2358 D JobServiceContext: Scheduling time out for 'com.android.providers.media.MediaService' jId: -300, in 599 s
01-26 14:27:02.095  1534  2612 D JobServiceContext: doCallback of : JobStatus{826c5fd #u0a140/-300 com.android.providers.media.module/com.android.providers.media.MediaService u=0 s=10140 TIME=none:-134ms READY} v:VERB_EXECUTING
